2026-09-08 20:48:51,073 [INFO] === Experiment run: algo=mbpo env=HalfCheetah-v5 seed=14577 ===
2026-09-08 20:48:51,073 [INFO] Run directory: results/mbpo/HalfCheetah-v5/seed_14577/20260908_204851
2026-09-08 20:48:51,206 [INFO] Using device: cuda
2026-09-08 20:48:51,289 [INFO] Waiting for thermal baseline before starting...
2026-09-08 20:49:06,300 [INFO] Thermal gate result: {'gated': True, 'reason': 'reached_reference', 'waited_seconds': 1.1444091796875e-05, 'final_temp_c': 43.0, 'final_power_w': 27.657}
2026-09-08 20:49:06,300 [INFO] Settling for 30s (unmeasured)...
2026-09-08 20:49:37,560 [INFO] Recording idle baseline for 90s...
2026-09-08 20:51:11,105 [INFO] Starting warmup: 5000 steps
2026-09-08 20:51:11,258 [INFO] Starting measured training: 100 epochs x 1000 steps = 100000 env steps
2026-09-08 20:52:37,747 [INFO] Epoch 10/100 done (real_buffer=15000, model_buffer=10000, rollout_len=1, cumulative_reward=-2204.86, mean_episode_return=-237.15663487512805)
2026-09-08 20:53:56,223 [INFO] Epoch 20/100 done (real_buffer=25000, model_buffer=10000, rollout_len=1, cumulative_reward=-730.42, mean_episode_return=433.2752010770705)
2026-09-08 20:55:23,901 [INFO] Epoch 30/100 done (real_buffer=35000, model_buffer=10000, rollout_len=1, cumulative_reward=14650.38, mean_episode_return=2091.881249323012)
2026-09-08 20:58:06,179 [INFO] Epoch 40/100 done (real_buffer=45000, model_buffer=10000, rollout_len=1, cumulative_reward=37633.51, mean_episode_return=552.710339145649)
2026-09-08 21:00:52,395 [INFO] Epoch 50/100 done (real_buffer=55000, model_buffer=10000, rollout_len=1, cumulative_reward=69771.33, mean_episode_return=3820.0947073693646)
2026-09-08 21:03:51,475 [INFO] Epoch 60/100 done (real_buffer=65000, model_buffer=10000, rollout_len=1, cumulative_reward=106495.16, mean_episode_return=3571.4644607924365)
2026-09-08 21:07:15,177 [INFO] Epoch 70/100 done (real_buffer=75000, model_buffer=10000, rollout_len=1, cumulative_reward=144480.57, mean_episode_return=4185.621587583767)
2026-09-08 21:10:26,838 [INFO] Epoch 80/100 done (real_buffer=85000, model_buffer=10000, rollout_len=1, cumulative_reward=180863.78, mean_episode_return=3055.639125218362)
2026-09-08 21:14:03,011 [INFO] Epoch 90/100 done (real_buffer=95000, model_buffer=10000, rollout_len=1, cumulative_reward=224032.23, mean_episode_return=4285.802290684561)
2026-09-08 21:18:25,477 [INFO] Epoch 100/100 done (real_buffer=105000, model_buffer=10000, rollout_len=1, cumulative_reward=269795.90, mean_episode_return=4644.31326364065)
2026-09-08 21:18:25,477 [INFO] Recording idle tail for 90s...
2026-09-08 21:19:55,541 [INFO] Run complete. Segment energy summary (kWh unless noted):
2026-09-08 21:19:55,541 [INFO]   idle_baseline_head: 0.001632532989639689
2026-09-08 21:19:55,541 [INFO]   warmup: 5.443529864738181e-06
2026-09-08 21:19:55,541 [INFO]   dynamics_model_update: 0.039183705751482424
2026-09-08 21:19:55,541 [INFO]   rollout: 0.0006720315003554233
2026-09-08 21:19:55,541 [INFO]   synthetic_rollout_generation: 2.1472315529724555e-05
2026-09-08 21:19:55,541 [INFO]   buffer_sample: 0.0004685628352158262
2026-09-08 21:19:55,541 [INFO]   critic_update: 0.006774435162203684
2026-09-08 21:19:55,541 [INFO]   actor_update: 0.008279923883017546
2026-09-08 21:19:55,541 [INFO]   target_update: 0.0007114703885748569
2026-09-08 21:19:55,541 [INFO]   _sub_segment_wall_time_seconds: {'buffer_sample': 11.327009869652102, 'critic_update': 163.7647892160603, 'actor_update': 200.15838323948265, 'target_update': 17.199042492648005}
2026-09-08 21:19:55,541 [INFO]   idle_baseline_tail: 0.0016850457878253566
2026-09-08 21:19:55,541 [INFO]   _total_kg_co2eq: 0.022641631374927744
2026-09-08 21:19:55,541 [INFO] Training summary: 100 epochs, final cumulative_reward=269795.90, final mean_episode_return=4644.31326364065, episodes completed=105
