2026-09-15 01:14:55,253 [INFO] === Experiment run: algo=mbpo env=Ant-v5 seed=958 ===
2026-09-15 01:14:55,253 [INFO] Run directory: results/mbpo/Ant-v5/seed_958/20260915_011455
2026-09-15 01:14:55,331 [INFO] Using device: cuda
2026-09-15 01:14:55,417 [INFO] Waiting for thermal baseline before starting...
2026-09-15 01:15:05,427 [INFO] Thermal gate result: {'gated': True, 'reason': 'reached_reference', 'waited_seconds': 1.0967254638671875e-05, 'final_temp_c': 42.0, 'final_power_w': 25.632}
2026-09-15 01:15:05,427 [INFO] Settling for 30s (unmeasured)...
2026-09-15 01:15:36,666 [INFO] Recording idle baseline for 90s...
2026-09-15 01:17:10,243 [INFO] Starting warmup: 5000 steps
2026-09-15 01:17:10,914 [INFO] Starting measured training: 100 epochs x 1000 steps = 100000 env steps
2026-09-15 01:20:37,296 [INFO] Epoch 10/100 done (real_buffer=15000, model_buffer=90000, rollout_len=1, cumulative_reward=-6227.30, mean_episode_return=-17.78553389424781)
2026-09-15 01:24:21,362 [INFO] Epoch 20/100 done (real_buffer=25000, model_buffer=190000, rollout_len=1, cumulative_reward=-9640.02, mean_episode_return=-51.03832580065828)
2026-09-15 01:28:26,700 [INFO] Epoch 30/100 done (real_buffer=35000, model_buffer=250000, rollout_len=4, cumulative_reward=-17208.86, mean_episode_return=-125.70122641816158)
2026-09-15 01:34:31,080 [INFO] Epoch 40/100 done (real_buffer=45000, model_buffer=250000, rollout_len=7, cumulative_reward=-28613.53, mean_episode_return=-340.2741195020547)
2026-09-15 01:40:28,535 [INFO] Epoch 50/100 done (real_buffer=55000, model_buffer=250000, rollout_len=10, cumulative_reward=-41514.62, mean_episode_return=-1736.2386037753463)
2026-09-15 01:46:42,355 [INFO] Epoch 60/100 done (real_buffer=65000, model_buffer=250000, rollout_len=13, cumulative_reward=-56190.16, mean_episode_return=-1385.5027145579893)
2026-09-15 01:52:11,778 [INFO] Epoch 70/100 done (real_buffer=75000, model_buffer=250000, rollout_len=16, cumulative_reward=-67614.31, mean_episode_return=-526.6433269420462)
2026-09-15 01:58:08,942 [INFO] Epoch 80/100 done (real_buffer=85000, model_buffer=250000, rollout_len=19, cumulative_reward=-70048.65, mean_episode_return=-210.5068891157816)
2026-09-15 02:04:47,177 [INFO] Epoch 90/100 done (real_buffer=95000, model_buffer=250000, rollout_len=22, cumulative_reward=-77024.13, mean_episode_return=-508.40086490878855)
2026-09-15 02:10:26,788 [INFO] Epoch 100/100 done (real_buffer=105000, model_buffer=250000, rollout_len=25, cumulative_reward=-86520.95, mean_episode_return=-1233.6515347969532)
2026-09-15 02:10:26,788 [INFO] Recording idle tail for 90s...
2026-09-15 02:11:56,854 [INFO] Run complete. Segment energy summary (kWh unless noted):
2026-09-15 02:11:56,854 [INFO]   idle_baseline_head: 0.0016105942207880607
2026-09-15 02:11:56,854 [INFO]   warmup: 2.019074170836574e-05
2026-09-15 02:11:56,854 [INFO]   dynamics_model_update: 0.048268365298679866
2026-09-15 02:11:56,854 [INFO]   rollout: 0.0011679599886939788
2026-09-15 02:11:56,854 [INFO]   synthetic_rollout_generation: 0.0001794062208390415
2026-09-15 02:11:56,854 [INFO]   buffer_sample: 0.0024660363045997517
2026-09-15 02:11:56,854 [INFO]   critic_update: 0.027296147010214763
2026-09-15 02:11:56,854 [INFO]   actor_update: 0.03297978443627252
2026-09-15 02:11:56,854 [INFO]   target_update: 0.002821840783412618
2026-09-15 02:11:56,854 [INFO]   _sub_segment_wall_time_seconds: {'buffer_sample': 60.73860694611358, 'critic_update': 672.3055704023209, 'actor_update': 812.2938661957087, 'target_update': 69.50209041469498}
2026-09-15 02:11:56,854 [INFO]   idle_baseline_tail: 0.0016512936653512722
2026-09-15 02:11:56,854 [INFO]   _total_kg_co2eq: 0.04512796692894001
2026-09-15 02:11:56,854 [INFO] Training summary: 100 epochs, final cumulative_reward=-86520.95, final mean_episode_return=-1233.6515347969532, episodes completed=438
