2026-09-13 04:05:04,986 [INFO] === Experiment run: algo=mbpo env=Ant-v5 seed=331 ===
2026-09-13 04:05:04,986 [INFO] Run directory: results/mbpo/Ant-v5/seed_331/20260913_040504
2026-09-13 04:05:05,119 [INFO] Using device: cuda
2026-09-13 04:05:05,212 [INFO] Waiting for thermal baseline before starting...
2026-09-13 04:05:15,223 [INFO] Thermal gate result: {'gated': True, 'reason': 'reached_reference', 'waited_seconds': 1.0013580322265625e-05, 'final_temp_c': 40.0, 'final_power_w': 24.388}
2026-09-13 04:05:15,223 [INFO] Settling for 30s (unmeasured)...
2026-09-13 04:05:46,461 [INFO] Recording idle baseline for 90s...
2026-09-13 04:07:20,024 [INFO] Starting warmup: 5000 steps
2026-09-13 04:07:20,687 [INFO] Starting measured training: 100 epochs x 1000 steps = 100000 env steps
2026-09-13 04:08:45,452 [INFO] Epoch 10/100 done (real_buffer=15000, model_buffer=90000, rollout_len=1, cumulative_reward=-3600.57, mean_episode_return=-25.84267616669269)
2026-09-13 04:10:48,824 [INFO] Epoch 20/100 done (real_buffer=25000, model_buffer=190000, rollout_len=1, cumulative_reward=-7716.35, mean_episode_return=-119.5937424937691)
2026-09-13 04:13:38,243 [INFO] Epoch 30/100 done (real_buffer=35000, model_buffer=250000, rollout_len=4, cumulative_reward=-12942.09, mean_episode_return=-559.2751674834514)
2026-09-13 04:17:26,175 [INFO] Epoch 40/100 done (real_buffer=45000, model_buffer=250000, rollout_len=7, cumulative_reward=-22977.16, mean_episode_return=-433.8716550462588)
2026-09-13 04:21:34,710 [INFO] Epoch 50/100 done (real_buffer=55000, model_buffer=250000, rollout_len=10, cumulative_reward=-32498.16, mean_episode_return=-1095.624415786492)
2026-09-13 04:25:45,766 [INFO] Epoch 60/100 done (real_buffer=65000, model_buffer=250000, rollout_len=13, cumulative_reward=-46544.84, mean_episode_return=-1139.2140024048879)
2026-09-13 04:30:15,585 [INFO] Epoch 70/100 done (real_buffer=75000, model_buffer=250000, rollout_len=16, cumulative_reward=-55156.92, mean_episode_return=-335.624679342967)
2026-09-13 04:35:32,139 [INFO] Epoch 80/100 done (real_buffer=85000, model_buffer=250000, rollout_len=19, cumulative_reward=-62945.93, mean_episode_return=-927.0403856260907)
2026-09-13 04:38:59,598 [INFO] Epoch 90/100 done (real_buffer=95000, model_buffer=250000, rollout_len=22, cumulative_reward=-74106.94, mean_episode_return=-450.5732462955884)
2026-09-13 04:41:53,386 [INFO] Epoch 100/100 done (real_buffer=105000, model_buffer=250000, rollout_len=25, cumulative_reward=-86735.76, mean_episode_return=-1491.7288922195899)
2026-09-13 04:41:53,386 [INFO] Recording idle tail for 90s...
2026-09-13 04:43:23,450 [INFO] Run complete. Segment energy summary (kWh unless noted):
2026-09-13 04:43:23,450 [INFO]   idle_baseline_head: 0.001554402266477227
2026-09-13 04:43:23,450 [INFO]   warmup: 1.9279098668128006e-05
2026-09-13 04:43:23,450 [INFO]   dynamics_model_update: 0.05290705577400102
2026-09-13 04:43:23,451 [INFO]   rollout: 0.001144867096413202
2026-09-13 04:43:23,451 [INFO]   synthetic_rollout_generation: 0.00016549549870441575
2026-09-13 04:43:23,451 [INFO]   buffer_sample: 0.00047765676824213974
2026-09-13 04:43:23,451 [INFO]   critic_update: 0.005150716947902605
2026-09-13 04:43:23,451 [INFO]   actor_update: 0.006231083668118479
2026-09-13 04:43:23,451 [INFO]   target_update: 0.0005418750992962048
2026-09-13 04:43:23,451 [INFO]   _sub_segment_wall_time_seconds: {'buffer_sample': 15.128041150150239, 'critic_update': 163.13022890350112, 'actor_update': 197.34691604650288, 'target_update': 17.161923258332536}
2026-09-13 04:43:23,451 [INFO]   idle_baseline_tail: 0.0016110269341401695
2026-09-13 04:43:23,451 [INFO]   _total_kg_co2eq: 0.026591649667704186
2026-09-13 04:43:23,451 [INFO] Training summary: 100 epochs, final cumulative_reward=-86735.76, final mean_episode_return=-1491.7288922195899, episodes completed=280
