2026-09-17 23:58:10,942 [INFO] === Experiment run: algo=mbpo env=Ant-v5 seed=43611 ===
2026-09-17 23:58:10,942 [INFO] Run directory: results/mbpo/Ant-v5/seed_43611/20260917_235810
2026-09-17 23:58:11,034 [INFO] Using device: cuda
2026-09-17 23:58:11,122 [INFO] Waiting for thermal baseline before starting...
2026-09-17 23:58:21,134 [INFO] Thermal gate result: {'gated': True, 'reason': 'reached_reference', 'waited_seconds': 1.1444091796875e-05, 'final_temp_c': 40.0, 'final_power_w': 24.597}
2026-09-17 23:58:21,134 [INFO] Settling for 30s (unmeasured)...
2026-09-17 23:58:52,377 [INFO] Recording idle baseline for 90s...
2026-09-18 00:00:25,946 [INFO] Starting warmup: 5000 steps
2026-09-18 00:00:26,618 [INFO] Starting measured training: 100 epochs x 1000 steps = 100000 env steps
2026-09-18 00:02:19,016 [INFO] Epoch 10/100 done (real_buffer=15000, model_buffer=10000, rollout_len=1, cumulative_reward=-3500.44, mean_episode_return=-197.54149873820705)
2026-09-18 00:04:25,942 [INFO] Epoch 20/100 done (real_buffer=25000, model_buffer=10000, rollout_len=1, cumulative_reward=-6922.30, mean_episode_return=-563.7584620870041)
2026-09-18 00:07:42,069 [INFO] Epoch 30/100 done (real_buffer=35000, model_buffer=10000, rollout_len=1, cumulative_reward=-11779.40, mean_episode_return=-571.8023173484049)
2026-09-18 00:12:18,086 [INFO] Epoch 40/100 done (real_buffer=45000, model_buffer=10000, rollout_len=1, cumulative_reward=-19263.06, mean_episode_return=-609.5406461240898)
2026-09-18 00:15:30,701 [INFO] Epoch 50/100 done (real_buffer=55000, model_buffer=10000, rollout_len=1, cumulative_reward=-29836.09, mean_episode_return=-1041.7029464969487)
2026-09-18 00:19:35,529 [INFO] Epoch 60/100 done (real_buffer=65000, model_buffer=10000, rollout_len=1, cumulative_reward=-41801.32, mean_episode_return=-1806.208909629298)
2026-09-18 00:22:54,784 [INFO] Epoch 70/100 done (real_buffer=75000, model_buffer=10000, rollout_len=1, cumulative_reward=-57142.40, mean_episode_return=-958.3202870311325)
2026-09-18 00:26:09,648 [INFO] Epoch 80/100 done (real_buffer=85000, model_buffer=10000, rollout_len=1, cumulative_reward=-69386.27, mean_episode_return=-998.1168880980651)
2026-09-18 00:29:46,034 [INFO] Epoch 90/100 done (real_buffer=95000, model_buffer=10000, rollout_len=1, cumulative_reward=-80858.65, mean_episode_return=-710.0315026538893)
2026-09-18 00:32:41,538 [INFO] Epoch 100/100 done (real_buffer=105000, model_buffer=10000, rollout_len=1, cumulative_reward=-89686.10, mean_episode_return=-577.788933985758)
2026-09-18 00:32:41,538 [INFO] Recording idle tail for 90s...
2026-09-18 00:34:11,604 [INFO] Run complete. Segment energy summary (kWh unless noted):
2026-09-18 00:34:11,604 [INFO]   idle_baseline_head: 0.0015555337885375224
2026-09-18 00:34:11,604 [INFO]   warmup: 2.1088165233230363e-05
2026-09-18 00:34:11,604 [INFO]   dynamics_model_update: 0.04815645111021681
2026-09-18 00:34:11,604 [INFO]   rollout: 0.0011920230802695171
2026-09-18 00:34:11,604 [INFO]   synthetic_rollout_generation: 3.403561199069919e-05
2026-09-18 00:34:11,604 [INFO]   buffer_sample: 0.0005618691181214032
2026-09-18 00:34:11,604 [INFO]   critic_update: 0.00702630873163009
2026-09-18 00:34:11,604 [INFO]   actor_update: 0.008415271525650745
2026-09-18 00:34:11,604 [INFO]   target_update: 0.0007080199751841989
2026-09-18 00:34:11,604 [INFO]   _sub_segment_wall_time_seconds: {'buffer_sample': 13.788048435410019, 'critic_update': 172.42286858151783, 'actor_update': 206.50747238207987, 'target_update': 17.374533314301516}
2026-09-18 00:34:11,604 [INFO]   idle_baseline_tail: 0.001612515860045835
2026-09-18 00:34:11,604 [INFO]   _total_kg_co2eq: 0.02639341599996059
2026-09-18 00:34:11,604 [INFO] Training summary: 100 epochs, final cumulative_reward=-89686.10, final mean_episode_return=-577.788933985758, episodes completed=234
