2026-09-13 04:43:24,738 [INFO] === Experiment run: algo=mbpo env=Ant-v5 seed=958 ===
2026-09-13 04:43:24,738 [INFO] Run directory: results/mbpo/Ant-v5/seed_958/20260913_044324
2026-09-13 04:43:24,862 [INFO] Using device: cuda
2026-09-13 04:43:24,953 [INFO] Waiting for thermal baseline before starting...
2026-09-13 04:43:34,963 [INFO] Thermal gate result: {'gated': True, 'reason': 'reached_reference', 'waited_seconds': 9.775161743164062e-06, 'final_temp_c': 40.0, 'final_power_w': 24.47}
2026-09-13 04:43:34,963 [INFO] Settling for 30s (unmeasured)...
2026-09-13 04:44:06,199 [INFO] Recording idle baseline for 90s...
2026-09-13 04:45:39,778 [INFO] Starting warmup: 5000 steps
2026-09-13 04:45:40,451 [INFO] Starting measured training: 100 epochs x 1000 steps = 100000 env steps
2026-09-13 04:46:55,923 [INFO] Epoch 10/100 done (real_buffer=15000, model_buffer=90000, rollout_len=1, cumulative_reward=-4716.39, mean_episode_return=-56.474590947035175)
2026-09-13 04:48:56,817 [INFO] Epoch 20/100 done (real_buffer=25000, model_buffer=190000, rollout_len=1, cumulative_reward=-9501.49, mean_episode_return=-430.4540543210508)
2026-09-13 04:52:08,469 [INFO] Epoch 30/100 done (real_buffer=35000, model_buffer=250000, rollout_len=4, cumulative_reward=-14588.32, mean_episode_return=-60.27339418172435)
2026-09-13 04:55:51,163 [INFO] Epoch 40/100 done (real_buffer=45000, model_buffer=250000, rollout_len=7, cumulative_reward=-24819.48, mean_episode_return=-1409.018077113194)
2026-09-13 04:59:39,645 [INFO] Epoch 50/100 done (real_buffer=55000, model_buffer=250000, rollout_len=10, cumulative_reward=-37639.16, mean_episode_return=-1186.0631453378126)
2026-09-13 05:04:15,328 [INFO] Epoch 60/100 done (real_buffer=65000, model_buffer=250000, rollout_len=13, cumulative_reward=-49376.38, mean_episode_return=-566.4103797394292)
2026-09-13 05:08:36,082 [INFO] Epoch 70/100 done (real_buffer=75000, model_buffer=250000, rollout_len=16, cumulative_reward=-59062.37, mean_episode_return=-404.2065204475515)
2026-09-13 05:11:30,462 [INFO] Epoch 80/100 done (real_buffer=85000, model_buffer=250000, rollout_len=19, cumulative_reward=-67322.03, mean_episode_return=-575.4858420270028)
2026-09-13 05:14:53,839 [INFO] Epoch 90/100 done (real_buffer=95000, model_buffer=250000, rollout_len=22, cumulative_reward=-77708.39, mean_episode_return=-831.039936403858)
2026-09-13 05:17:49,785 [INFO] Epoch 100/100 done (real_buffer=105000, model_buffer=250000, rollout_len=25, cumulative_reward=-89347.11, mean_episode_return=-1216.5939441285045)
2026-09-13 05:17:49,785 [INFO] Recording idle tail for 90s...
2026-09-13 05:19:19,851 [INFO] Run complete. Segment energy summary (kWh unless noted):
2026-09-13 05:19:19,851 [INFO]   idle_baseline_head: 0.0015635706362404935
2026-09-13 05:19:19,851 [INFO]   warmup: 2.082469694025292e-05
2026-09-13 05:19:19,851 [INFO]   dynamics_model_update: 0.048350346519274584
2026-09-13 05:19:19,851 [INFO]   rollout: 0.0011402244687963878
2026-09-13 05:19:19,851 [INFO]   synthetic_rollout_generation: 0.0001655556680425997
2026-09-13 05:19:19,851 [INFO]   buffer_sample: 0.00047553863638894324
2026-09-13 05:19:19,851 [INFO]   critic_update: 0.0052257130903219946
2026-09-13 05:19:19,851 [INFO]   actor_update: 0.006253961668399301
2026-09-13 05:19:19,851 [INFO]   target_update: 0.0005379512799974232
2026-09-13 05:19:19,851 [INFO]   _sub_segment_wall_time_seconds: {'buffer_sample': 15.090426749935432, 'critic_update': 165.82930296579434, 'actor_update': 198.45905933223548, 'target_update': 17.07098806414433}
2026-09-13 05:19:19,851 [INFO]   idle_baseline_tail: 0.0015862686509093143
2026-09-13 05:19:19,851 [INFO]   _total_kg_co2eq: 0.024883649818627094
2026-09-13 05:19:19,851 [INFO] Training summary: 100 epochs, final cumulative_reward=-89347.11, final mean_episode_return=-1216.5939441285045, episodes completed=294
