2026-09-14 17:00:30,644 [INFO] === Experiment run: algo=mbpo env=HalfCheetah-v5 seed=958 ===
2026-09-14 17:00:30,645 [INFO] Run directory: results/mbpo/HalfCheetah-v5/seed_958/20260914_170030
2026-09-14 17:00:30,749 [INFO] Using device: cuda
2026-09-14 17:00:30,852 [INFO] Waiting for thermal baseline before starting...
2026-09-14 17:00:40,865 [INFO] Thermal gate result: {'gated': True, 'reason': 'reached_reference', 'waited_seconds': 1.1682510375976562e-05, 'final_temp_c': 42.0, 'final_power_w': 24.315}
2026-09-14 17:00:40,865 [INFO] Settling for 30s (unmeasured)...
2026-09-14 17:01:12,118 [INFO] Recording idle baseline for 90s...
2026-09-14 17:02:45,691 [INFO] Starting warmup: 5000 steps
2026-09-14 17:02:45,846 [INFO] Starting measured training: 100 epochs x 1000 steps = 100000 env steps
2026-09-14 17:06:28,198 [INFO] Epoch 10/100 done (real_buffer=15000, model_buffer=10000, rollout_len=1, cumulative_reward=-2446.52, mean_episode_return=97.8559865999635)
2026-09-14 17:09:40,210 [INFO] Epoch 20/100 done (real_buffer=25000, model_buffer=10000, rollout_len=1, cumulative_reward=6520.35, mean_episode_return=1884.8595035241879)
2026-09-14 17:13:24,806 [INFO] Epoch 30/100 done (real_buffer=35000, model_buffer=10000, rollout_len=1, cumulative_reward=26598.98, mean_episode_return=1130.9406661045439)
2026-09-14 17:18:09,334 [INFO] Epoch 40/100 done (real_buffer=45000, model_buffer=10000, rollout_len=1, cumulative_reward=55644.26, mean_episode_return=2959.383661755167)
2026-09-14 17:23:04,116 [INFO] Epoch 50/100 done (real_buffer=55000, model_buffer=10000, rollout_len=1, cumulative_reward=81107.10, mean_episode_return=3695.5857236013862)
2026-09-14 17:28:12,623 [INFO] Epoch 60/100 done (real_buffer=65000, model_buffer=10000, rollout_len=1, cumulative_reward=120516.72, mean_episode_return=4540.253555774576)
2026-09-14 17:33:40,838 [INFO] Epoch 70/100 done (real_buffer=75000, model_buffer=10000, rollout_len=1, cumulative_reward=165119.25, mean_episode_return=4879.258232515841)
2026-09-14 17:39:09,563 [INFO] Epoch 80/100 done (real_buffer=85000, model_buffer=10000, rollout_len=1, cumulative_reward=213333.73, mean_episode_return=5292.796417210757)
2026-09-14 17:45:11,161 [INFO] Epoch 90/100 done (real_buffer=95000, model_buffer=10000, rollout_len=1, cumulative_reward=267068.96, mean_episode_return=5648.056902072173)
2026-09-14 17:51:08,355 [INFO] Epoch 100/100 done (real_buffer=105000, model_buffer=10000, rollout_len=1, cumulative_reward=324238.80, mean_episode_return=5969.262424404664)
2026-09-14 17:51:08,355 [INFO] Recording idle tail for 90s...
2026-09-14 17:52:38,419 [INFO] Run complete. Segment energy summary (kWh unless noted):
2026-09-14 17:52:38,420 [INFO]   idle_baseline_head: 0.0015771982535219482
2026-09-14 17:52:38,420 [INFO]   warmup: 5.629261885569704e-06
2026-09-14 17:52:38,420 [INFO]   dynamics_model_update: 0.03949225053639706
2026-09-14 17:52:38,420 [INFO]   rollout: 0.0006620434461928632
2026-09-14 17:52:38,420 [INFO]   synthetic_rollout_generation: 1.5615939369288158e-05
2026-09-14 17:52:38,420 [INFO]   buffer_sample: 0.00182834031879136
2026-09-14 17:52:38,420 [INFO]   critic_update: 0.027272454801360837
2026-09-14 17:52:38,420 [INFO]   actor_update: 0.03265904688669482
2026-09-14 17:52:38,420 [INFO]   target_update: 0.0028005277900944774
2026-09-14 17:52:38,420 [INFO]   _sub_segment_wall_time_seconds: {'buffer_sample': 45.279700255341595, 'critic_update': 675.4150559067166, 'actor_update': 808.8165197999115, 'target_update': 69.35637615652377}
2026-09-14 17:52:38,420 [INFO]   idle_baseline_tail: 0.00167198094060389
2026-09-14 17:52:38,420 [INFO]   _total_kg_co2eq: 0.04113693202353927
2026-09-14 17:52:38,420 [INFO] Training summary: 100 epochs, final cumulative_reward=324238.80, final mean_episode_return=5969.262424404664, episodes completed=105
