2026-09-17 20:27:24,463 [INFO] === Experiment run: algo=td3 env=Ant-v5 seed=14577 ===
2026-09-17 20:27:24,463 [INFO] Run directory: results/td3/Ant-v5/seed_14577/20260917_202724
2026-09-17 20:27:24,592 [INFO] Using device: cuda
2026-09-17 20:27:24,683 [INFO] Waiting for thermal baseline before starting...
2026-09-17 20:27:39,695 [INFO] Thermal gate result: {'gated': True, 'reason': 'reached_reference', 'waited_seconds': 9.298324584960938e-06, 'final_temp_c': 45.0, 'final_power_w': 27.646}
2026-09-17 20:27:39,695 [INFO] Settling for 30s (unmeasured)...
2026-09-17 20:28:10,931 [INFO] Recording idle baseline for 90s...
2026-09-17 20:29:44,502 [INFO] Starting warmup: 10000 steps
2026-09-17 20:29:45,848 [INFO] Starting measured training: 100 epochs x 1000 steps = 100000 env steps
2026-09-17 20:30:08,208 [INFO] Epoch 10/100 done (buffer size=20000, cumulative_reward=3712.47, mean_episode_return=27.14862854347566)
2026-09-17 20:30:30,441 [INFO] Epoch 20/100 done (buffer size=30000, cumulative_reward=5257.97, mean_episode_return=105.19880222911436)
2026-09-17 20:30:54,556 [INFO] Epoch 30/100 done (buffer size=40000, cumulative_reward=8699.37, mean_episode_return=474.183037973321)
2026-09-17 20:31:19,839 [INFO] Epoch 40/100 done (buffer size=50000, cumulative_reward=14379.52, mean_episode_return=455.9804994964554)
2026-09-17 20:31:43,523 [INFO] Epoch 50/100 done (buffer size=60000, cumulative_reward=20309.74, mean_episode_return=113.16233948878977)
2026-09-17 20:32:05,782 [INFO] Epoch 60/100 done (buffer size=70000, cumulative_reward=26992.81, mean_episode_return=193.84240951562535)
2026-09-17 20:32:28,109 [INFO] Epoch 70/100 done (buffer size=80000, cumulative_reward=34498.25, mean_episode_return=480.8909125683804)
2026-09-17 20:32:50,425 [INFO] Epoch 80/100 done (buffer size=90000, cumulative_reward=42424.46, mean_episode_return=274.76429824790046)
2026-09-17 20:33:12,690 [INFO] Epoch 90/100 done (buffer size=100000, cumulative_reward=51370.93, mean_episode_return=348.74789175693616)
2026-09-17 20:33:35,038 [INFO] Epoch 100/100 done (buffer size=110000, cumulative_reward=61008.90, mean_episode_return=350.6378617916536)
2026-09-17 20:33:35,038 [INFO] Recording idle tail for 90s...
2026-09-17 20:35:05,102 [INFO] Run complete. Segment energy summary (kWh unless noted):
2026-09-17 20:35:05,102 [INFO]   idle_baseline_head: 0.001589190875588963
2026-09-17 20:35:05,102 [INFO]   warmup: 4.180233124651228e-05
2026-09-17 20:35:05,102 [INFO]   rollout: 0.0008522459686318787
2026-09-17 20:35:05,102 [INFO]   buffer_sample: 0.0005887750287503403
2026-09-17 20:35:05,102 [INFO]   critic_update: 0.006187073212584676
2026-09-17 20:35:05,102 [INFO]   actor_update: 0.0017154458232255705
2026-09-17 20:35:05,102 [INFO]   target_update: 0.0005536258522179712
2026-09-17 20:35:05,102 [INFO]   _sub_segment_wall_time_seconds: {'buffer_sample': 12.247221206016548, 'critic_update': 128.6984850787121, 'actor_update': 35.68331440375914, 'target_update': 11.516076508669357}
2026-09-17 20:35:05,102 [INFO]   idle_baseline_tail: 0.0017133319582705638
2026-09-17 20:35:05,102 [INFO]   _total_kg_co2eq: 0.005044363986607855
2026-09-17 20:35:05,102 [INFO] Training summary: 100 epochs, final cumulative_reward=61008.90, final mean_episode_return=350.6378617916536, episodes completed=302
