[2026-09-09 12:21:59] Priming sudo credentials (you may be prompted for your password now)...
[2026-09-09 12:22:03] sudo credential keepalive started (pid 111581, refreshes every 60s).
[2026-09-09 12:22:03] [1/10] Starting: algo=td3 env=HalfCheetah-v5 seed=331 overrides=none warmup_steps=10000
2026-09-09 12:22:04,096 [INFO] === Experiment run: algo=td3 env=HalfCheetah-v5 seed=331 ===
2026-09-09 12:22:04,096 [INFO] Run directory: results/td3/HalfCheetah-v5/seed_331/20260909_122204
2026-09-09 12:22:04,275 [INFO] Using device: cuda
2026-09-09 12:22:04,364 [INFO] Waiting for thermal baseline before starting...
2026-09-09 12:22:14,375 [INFO] Thermal gate result: {'gated': True, 'reason': 'reached_reference', 'waited_seconds': 1.0967254638671875e-05, 'final_temp_c': 48.0, 'final_power_w': 41.427}
2026-09-09 12:22:14,375 [INFO] Settling for 30s (unmeasured)...
[codecarbon WARNING @ 12:22:44] Multiple instances of codecarbon are allowed to run at the same time.
2026-09-09 12:22:45,611 [INFO] Recording idle baseline for 90s...
2026-09-09 12:24:19,270 [INFO] Starting warmup: 10000 steps
2026-09-09 12:24:19,572 [INFO] Starting measured training: 100 epochs x 1000 steps = 100000 env steps
2026-09-09 12:24:39,986 [INFO] Epoch 10/100 done (buffer size=20000, cumulative_reward=-2063.64, mean_episode_return=194.6819731241276)
2026-09-09 12:25:00,177 [INFO] Epoch 20/100 done (buffer size=30000, cumulative_reward=-190.16, mean_episode_return=511.39676285663603)
2026-09-09 12:25:21,237 [INFO] Epoch 30/100 done (buffer size=40000, cumulative_reward=19692.35, mean_episode_return=2637.213311420847)
2026-09-09 12:25:41,284 [INFO] Epoch 40/100 done (buffer size=50000, cumulative_reward=43896.22, mean_episode_return=2618.0880372906495)
2026-09-09 12:26:01,399 [INFO] Epoch 50/100 done (buffer size=60000, cumulative_reward=73555.04, mean_episode_return=3223.846114648338)
2026-09-09 12:26:22,415 [INFO] Epoch 60/100 done (buffer size=70000, cumulative_reward=103359.81, mean_episode_return=331.31016064136276)
2026-09-09 12:26:42,540 [INFO] Epoch 70/100 done (buffer size=80000, cumulative_reward=140703.99, mean_episode_return=4190.051968326949)
2026-09-09 12:27:02,763 [INFO] Epoch 80/100 done (buffer size=90000, cumulative_reward=182183.68, mean_episode_return=4258.0421314263085)
2026-09-09 12:27:24,185 [INFO] Epoch 90/100 done (buffer size=100000, cumulative_reward=226882.39, mean_episode_return=4934.060274376127)
2026-09-09 12:27:45,224 [INFO] Epoch 100/100 done (buffer size=110000, cumulative_reward=274472.70, mean_episode_return=4500.429190031778)
2026-09-09 12:27:45,224 [INFO] Recording idle tail for 90s...
2026-09-09 12:29:15,285 [INFO] Run complete. Segment energy summary (kWh unless noted):
2026-09-09 12:29:15,285 [INFO]   idle_baseline_head: 0.0016903185172973123
2026-09-09 12:29:15,285 [INFO]   warmup: 9.85778251702779e-06
2026-09-09 12:29:15,285 [INFO]   rollout: 0.0003891647807510784
2026-09-09 12:29:15,285 [INFO]   buffer_sample: 0.0003613051068716794
2026-09-09 12:29:15,285 [INFO]   critic_update: 0.005124731640088448
2026-09-09 12:29:15,285 [INFO]   actor_update: 0.0014342585939619832
2026-09-09 12:29:15,285 [INFO]   target_update: 0.00046998090250604515
2026-09-09 12:29:15,285 [INFO]   _sub_segment_wall_time_seconds: {'buffer_sample': 8.854090655324399, 'critic_update': 125.58593184144411, 'actor_update': 35.14773351550684, 'target_update': 11.517283973895246}
2026-09-09 12:29:15,285 [INFO]   idle_baseline_tail: 0.0018876954645556734
2026-09-09 12:29:15,285 [INFO]   _total_kg_co2eq: 0.0043303905686455915
2026-09-09 12:29:15,285 [INFO] Training summary: 100 epochs, final cumulative_reward=274472.70, final mean_episode_return=4500.429190031778, episodes completed=110

Run artifacts written to: results/td3/HalfCheetah-v5/seed_331/20260909_122204
[2026-09-09 12:29:15] [1/10] Finished OK: env=HalfCheetah-v5 seed=331 -> results/td3/HalfCheetah-v5/seed_331/20260909_122204
[2026-09-09 12:29:15] [2/10] Starting: algo=td3 env=HalfCheetah-v5 seed=958 overrides=none warmup_steps=10000
2026-09-09 12:29:16,443 [INFO] === Experiment run: algo=td3 env=HalfCheetah-v5 seed=958 ===
2026-09-09 12:29:16,443 [INFO] Run directory: results/td3/HalfCheetah-v5/seed_958/20260909_122916
2026-09-09 12:29:16,558 [INFO] Using device: cuda
2026-09-09 12:29:16,647 [INFO] Waiting for thermal baseline before starting...
2026-09-09 12:29:26,659 [INFO] Thermal gate result: {'gated': True, 'reason': 'reached_reference', 'waited_seconds': 1.0013580322265625e-05, 'final_temp_c': 47.0, 'final_power_w': 29.664}
2026-09-09 12:29:26,659 [INFO] Settling for 30s (unmeasured)...
[codecarbon WARNING @ 12:29:56] Multiple instances of codecarbon are allowed to run at the same time.
2026-09-09 12:29:57,892 [INFO] Recording idle baseline for 90s...
2026-09-09 12:31:31,554 [INFO] Starting warmup: 10000 steps
2026-09-09 12:31:31,857 [INFO] Starting measured training: 100 epochs x 1000 steps = 100000 env steps
2026-09-09 12:31:52,218 [INFO] Epoch 10/100 done (buffer size=20000, cumulative_reward=-4415.21, mean_episode_return=-352.16639502205015)
2026-09-09 12:32:12,973 [INFO] Epoch 20/100 done (buffer size=30000, cumulative_reward=-326.19, mean_episode_return=1615.156982709802)
2026-09-09 12:32:33,391 [INFO] Epoch 30/100 done (buffer size=40000, cumulative_reward=15358.26, mean_episode_return=2625.8911748467094)
2026-09-09 12:32:53,787 [INFO] Epoch 40/100 done (buffer size=50000, cumulative_reward=43201.85, mean_episode_return=3731.142849634418)
2026-09-09 12:33:13,971 [INFO] Epoch 50/100 done (buffer size=60000, cumulative_reward=80766.80, mean_episode_return=3793.1967188097924)
2026-09-09 12:33:34,221 [INFO] Epoch 60/100 done (buffer size=70000, cumulative_reward=122050.61, mean_episode_return=4273.903033318901)
2026-09-09 12:33:55,009 [INFO] Epoch 70/100 done (buffer size=80000, cumulative_reward=163642.38, mean_episode_return=4329.728624069456)
2026-09-09 12:34:16,471 [INFO] Epoch 80/100 done (buffer size=90000, cumulative_reward=205060.68, mean_episode_return=4714.445618739325)
2026-09-09 12:34:39,715 [INFO] Epoch 90/100 done (buffer size=100000, cumulative_reward=251205.85, mean_episode_return=4881.531016110305)
2026-09-09 12:35:00,064 [INFO] Epoch 100/100 done (buffer size=110000, cumulative_reward=293932.11, mean_episode_return=4884.143420176631)
2026-09-09 12:35:00,064 [INFO] Recording idle tail for 90s...
2026-09-09 12:36:30,126 [INFO] Run complete. Segment energy summary (kWh unless noted):
2026-09-09 12:36:30,126 [INFO]   idle_baseline_head: 0.0016947850007681686
2026-09-09 12:36:30,126 [INFO]   warmup: 9.358716992770386e-06
2026-09-09 12:36:30,127 [INFO]   rollout: 0.00038531932631020137
2026-09-09 12:36:30,127 [INFO]   buffer_sample: 0.0003557103501682801
2026-09-09 12:36:30,127 [INFO]   critic_update: 0.005101559423626248
2026-09-09 12:36:30,127 [INFO]   actor_update: 0.0014241794398411627
2026-09-09 12:36:30,127 [INFO]   target_update: 0.00047027776778327403
2026-09-09 12:36:30,127 [INFO]   _sub_segment_wall_time_seconds: {'buffer_sample': 8.891604170989012, 'critic_update': 127.52242668284453, 'actor_update': 35.59986332007975, 'target_update': 11.75541774246085}
2026-09-09 12:36:30,127 [INFO]   idle_baseline_tail: 0.0018988760330156795
2026-09-09 12:36:30,127 [INFO]   _total_kg_co2eq: 0.0043200104543070494
2026-09-09 12:36:30,127 [INFO] Training summary: 100 epochs, final cumulative_reward=293932.11, final mean_episode_return=4884.143420176631, episodes completed=110

Run artifacts written to: results/td3/HalfCheetah-v5/seed_958/20260909_122916
[2026-09-09 12:36:30] [2/10] Finished OK: env=HalfCheetah-v5 seed=958 -> results/td3/HalfCheetah-v5/seed_958/20260909_122916
[2026-09-09 12:36:30] [3/10] Starting: algo=td3 env=HalfCheetah-v5 seed=14577 overrides=none warmup_steps=10000
2026-09-09 12:36:31,310 [INFO] === Experiment run: algo=td3 env=HalfCheetah-v5 seed=14577 ===
2026-09-09 12:36:31,310 [INFO] Run directory: results/td3/HalfCheetah-v5/seed_14577/20260909_123631
2026-09-09 12:36:31,444 [INFO] Using device: cuda
2026-09-09 12:36:31,538 [INFO] Waiting for thermal baseline before starting...
2026-09-09 12:36:41,550 [INFO] Thermal gate result: {'gated': True, 'reason': 'reached_reference', 'waited_seconds': 1.0013580322265625e-05, 'final_temp_c': 52.0, 'final_power_w': 34.431}
2026-09-09 12:36:41,550 [INFO] Settling for 30s (unmeasured)...
[codecarbon WARNING @ 12:37:11] Multiple instances of codecarbon are allowed to run at the same time.
2026-09-09 12:37:12,786 [INFO] Recording idle baseline for 90s...
2026-09-09 12:38:46,322 [INFO] Starting warmup: 10000 steps
2026-09-09 12:38:46,626 [INFO] Starting measured training: 100 epochs x 1000 steps = 100000 env steps
2026-09-09 12:39:06,996 [INFO] Epoch 10/100 done (buffer size=20000, cumulative_reward=-5035.08, mean_episode_return=-550.7776771948908)
2026-09-09 12:39:27,418 [INFO] Epoch 20/100 done (buffer size=30000, cumulative_reward=-4085.49, mean_episode_return=1042.2109819308673)
2026-09-09 12:39:49,560 [INFO] Epoch 30/100 done (buffer size=40000, cumulative_reward=3094.21, mean_episode_return=2760.040000231324)
2026-09-09 12:40:09,687 [INFO] Epoch 40/100 done (buffer size=50000, cumulative_reward=30273.20, mean_episode_return=3003.5895679986425)
2026-09-09 12:40:29,618 [INFO] Epoch 50/100 done (buffer size=60000, cumulative_reward=65043.56, mean_episode_return=3720.7551637905513)
2026-09-09 12:40:49,693 [INFO] Epoch 60/100 done (buffer size=70000, cumulative_reward=99837.96, mean_episode_return=3836.789854633731)
2026-09-09 12:41:09,723 [INFO] Epoch 70/100 done (buffer size=80000, cumulative_reward=140662.33, mean_episode_return=4368.855340520002)
2026-09-09 12:41:31,420 [INFO] Epoch 80/100 done (buffer size=90000, cumulative_reward=179674.19, mean_episode_return=4481.113952750777)
2026-09-09 12:41:51,679 [INFO] Epoch 90/100 done (buffer size=100000, cumulative_reward=221120.03, mean_episode_return=4609.440914871034)
2026-09-09 12:42:12,751 [INFO] Epoch 100/100 done (buffer size=110000, cumulative_reward=267028.53, mean_episode_return=5324.159478039903)
2026-09-09 12:42:12,751 [INFO] Recording idle tail for 90s...
2026-09-09 12:43:42,813 [INFO] Run complete. Segment energy summary (kWh unless noted):
2026-09-09 12:43:42,813 [INFO]   idle_baseline_head: 0.0018485949001900482
2026-09-09 12:43:42,813 [INFO]   warmup: 1.0146629535422213e-05
2026-09-09 12:43:42,813 [INFO]   rollout: 0.0003911569411085454
2026-09-09 12:43:42,813 [INFO]   buffer_sample: 0.0003682104263512765
2026-09-09 12:43:42,813 [INFO]   critic_update: 0.0051737480357449805
2026-09-09 12:43:42,813 [INFO]   actor_update: 0.0014513372802681258
2026-09-09 12:43:42,813 [INFO]   target_update: 0.0004752518255394114
2026-09-09 12:43:42,813 [INFO]   _sub_segment_wall_time_seconds: {'buffer_sample': 8.952260271224077, 'critic_update': 125.78877641432337, 'actor_update': 35.286206322401995, 'target_update': 11.554746232373873}
2026-09-09 12:43:42,813 [INFO]   idle_baseline_tail: 0.0017794150487589928
2026-09-09 12:43:42,813 [INFO]   _total_kg_co2eq: 0.004380123374610647
2026-09-09 12:43:42,813 [INFO] Training summary: 100 epochs, final cumulative_reward=267028.53, final mean_episode_return=5324.159478039903, episodes completed=110

Run artifacts written to: results/td3/HalfCheetah-v5/seed_14577/20260909_123631
[2026-09-09 12:43:43] [3/10] Finished OK: env=HalfCheetah-v5 seed=14577 -> results/td3/HalfCheetah-v5/seed_14577/20260909_123631
[2026-09-09 12:43:43] [4/10] Starting: algo=td3 env=HalfCheetah-v5 seed=43611 overrides=none warmup_steps=10000
2026-09-09 12:43:43,987 [INFO] === Experiment run: algo=td3 env=HalfCheetah-v5 seed=43611 ===
2026-09-09 12:43:43,987 [INFO] Run directory: results/td3/HalfCheetah-v5/seed_43611/20260909_124343
2026-09-09 12:43:44,109 [INFO] Using device: cuda
2026-09-09 12:43:44,199 [INFO] Waiting for thermal baseline before starting...
2026-09-09 12:43:54,210 [INFO] Thermal gate result: {'gated': True, 'reason': 'reached_reference', 'waited_seconds': 1.0251998901367188e-05, 'final_temp_c': 44.0, 'final_power_w': 26.393}
2026-09-09 12:43:54,210 [INFO] Settling for 30s (unmeasured)...
[codecarbon WARNING @ 12:44:24] Multiple instances of codecarbon are allowed to run at the same time.
2026-09-09 12:44:25,445 [INFO] Recording idle baseline for 90s...
2026-09-09 12:45:58,981 [INFO] Starting warmup: 10000 steps
2026-09-09 12:45:59,281 [INFO] Starting measured training: 100 epochs x 1000 steps = 100000 env steps
2026-09-09 12:46:20,718 [INFO] Epoch 10/100 done (buffer size=20000, cumulative_reward=-4960.07, mean_episode_return=-550.5927506088846)
2026-09-09 12:46:42,341 [INFO] Epoch 20/100 done (buffer size=30000, cumulative_reward=-8165.12, mean_episode_return=740.8309216641136)
2026-09-09 12:47:02,846 [INFO] Epoch 30/100 done (buffer size=40000, cumulative_reward=8332.87, mean_episode_return=1746.5197678122433)
2026-09-09 12:47:24,863 [INFO] Epoch 40/100 done (buffer size=50000, cumulative_reward=25661.73, mean_episode_return=1950.4297975672375)
2026-09-09 12:47:45,926 [INFO] Epoch 50/100 done (buffer size=60000, cumulative_reward=45017.62, mean_episode_return=1852.2907830211527)
2026-09-09 12:48:07,312 [INFO] Epoch 60/100 done (buffer size=70000, cumulative_reward=65123.68, mean_episode_return=2378.1335941546304)
2026-09-09 12:48:30,367 [INFO] Epoch 70/100 done (buffer size=80000, cumulative_reward=87360.29, mean_episode_return=2053.0653675442754)
2026-09-09 12:48:52,719 [INFO] Epoch 80/100 done (buffer size=90000, cumulative_reward=109212.65, mean_episode_return=2037.33606920414)
2026-09-09 12:49:14,094 [INFO] Epoch 90/100 done (buffer size=100000, cumulative_reward=133093.92, mean_episode_return=2506.5107509472728)
2026-09-09 12:49:34,457 [INFO] Epoch 100/100 done (buffer size=110000, cumulative_reward=156876.12, mean_episode_return=2527.066798964964)
2026-09-09 12:49:34,457 [INFO] Recording idle tail for 90s...
2026-09-09 12:51:04,522 [INFO] Run complete. Segment energy summary (kWh unless noted):
2026-09-09 12:51:04,522 [INFO]   idle_baseline_head: 0.0016189010196246913
2026-09-09 12:51:04,522 [INFO]   warmup: 9.27181343494325e-06
2026-09-09 12:51:04,522 [INFO]   rollout: 0.0003979481280263304
2026-09-09 12:51:04,522 [INFO]   buffer_sample: 0.00034966108212115127
2026-09-09 12:51:04,522 [INFO]   critic_update: 0.005268120089419502
2026-09-09 12:51:04,522 [INFO]   actor_update: 0.001459057183605959
2026-09-09 12:51:04,522 [INFO]   target_update: 0.0004588365574637936
2026-09-09 12:51:04,522 [INFO]   _sub_segment_wall_time_seconds: {'buffer_sample': 8.855860600800952, 'critic_update': 133.42559274015366, 'actor_update': 36.953517812813516, 'target_update': 11.620946108159842}
2026-09-09 12:51:04,522 [INFO]   idle_baseline_tail: 0.0019120589345521521
2026-09-09 12:51:04,522 [INFO]   _total_kg_co2eq: 0.004370979998646111
2026-09-09 12:51:04,522 [INFO] Training summary: 100 epochs, final cumulative_reward=156876.12, final mean_episode_return=2527.066798964964, episodes completed=110

Run artifacts written to: results/td3/HalfCheetah-v5/seed_43611/20260909_124343
[2026-09-09 12:51:05] [4/10] Finished OK: env=HalfCheetah-v5 seed=43611 -> results/td3/HalfCheetah-v5/seed_43611/20260909_124343
[2026-09-09 12:51:05] [5/10] Starting: algo=td3 env=HalfCheetah-v5 seed=85062 overrides=none warmup_steps=10000
2026-09-09 12:51:05,708 [INFO] === Experiment run: algo=td3 env=HalfCheetah-v5 seed=85062 ===
2026-09-09 12:51:05,708 [INFO] Run directory: results/td3/HalfCheetah-v5/seed_85062/20260909_125105
2026-09-09 12:51:05,816 [INFO] Using device: cuda
2026-09-09 12:51:05,907 [INFO] Waiting for thermal baseline before starting...
2026-09-09 12:51:15,918 [INFO] Thermal gate result: {'gated': True, 'reason': 'reached_reference', 'waited_seconds': 1.0967254638671875e-05, 'final_temp_c': 53.0, 'final_power_w': 35.36}
2026-09-09 12:51:15,919 [INFO] Settling for 30s (unmeasured)...
[codecarbon WARNING @ 12:51:45] Multiple instances of codecarbon are allowed to run at the same time.
2026-09-09 12:51:47,154 [INFO] Recording idle baseline for 90s...
2026-09-09 12:53:20,693 [INFO] Starting warmup: 10000 steps
2026-09-09 12:53:20,994 [INFO] Starting measured training: 100 epochs x 1000 steps = 100000 env steps
2026-09-09 12:53:41,684 [INFO] Epoch 10/100 done (buffer size=20000, cumulative_reward=-4402.88, mean_episode_return=-67.67890594555438)
2026-09-09 12:54:01,738 [INFO] Epoch 20/100 done (buffer size=30000, cumulative_reward=951.60, mean_episode_return=927.6250293562529)
2026-09-09 12:54:21,748 [INFO] Epoch 30/100 done (buffer size=40000, cumulative_reward=18684.11, mean_episode_return=3178.929029625292)
2026-09-09 12:54:41,944 [INFO] Epoch 40/100 done (buffer size=50000, cumulative_reward=46035.40, mean_episode_return=3685.879167014524)
2026-09-09 12:55:02,074 [INFO] Epoch 50/100 done (buffer size=60000, cumulative_reward=82453.43, mean_episode_return=3956.873206540628)
2026-09-09 12:55:22,543 [INFO] Epoch 60/100 done (buffer size=70000, cumulative_reward=119653.42, mean_episode_return=1817.6368327883456)
2026-09-09 12:55:42,672 [INFO] Epoch 70/100 done (buffer size=80000, cumulative_reward=166370.78, mean_episode_return=4818.691403119337)
2026-09-09 12:56:02,930 [INFO] Epoch 80/100 done (buffer size=90000, cumulative_reward=212831.07, mean_episode_return=5208.367184272758)
2026-09-09 12:56:23,565 [INFO] Epoch 90/100 done (buffer size=100000, cumulative_reward=268100.20, mean_episode_return=6129.047894539977)
2026-09-09 12:56:43,819 [INFO] Epoch 100/100 done (buffer size=110000, cumulative_reward=307590.85, mean_episode_return=1180.4726696153082)
2026-09-09 12:56:43,819 [INFO] Recording idle tail for 90s...
2026-09-09 12:58:13,880 [INFO] Run complete. Segment energy summary (kWh unless noted):
2026-09-09 12:58:13,880 [INFO]   idle_baseline_head: 0.0018368308328031602
2026-09-09 12:58:13,880 [INFO]   warmup: 9.833416498103258e-06
2026-09-09 12:58:13,880 [INFO]   rollout: 0.000396006825624676
2026-09-09 12:58:13,880 [INFO]   buffer_sample: 0.000364320692065686
2026-09-09 12:58:13,880 [INFO]   critic_update: 0.005068073105947666
2026-09-09 12:58:13,880 [INFO]   actor_update: 0.0014294295729871491
2026-09-09 12:58:13,880 [INFO]   target_update: 0.0004760462562890413
2026-09-09 12:58:13,880 [INFO]   _sub_segment_wall_time_seconds: {'buffer_sample': 8.845722071593627, 'critic_update': 123.05303297362116, 'actor_update': 34.706611507208436, 'target_update': 11.55842357588699}
2026-09-09 12:58:13,880 [INFO]   idle_baseline_tail: 0.001740412089884881
2026-09-09 12:58:13,880 [INFO]   _total_kg_co2eq: 0.004312727279169299
2026-09-09 12:58:13,880 [INFO] Training summary: 100 epochs, final cumulative_reward=307590.85, final mean_episode_return=1180.4726696153082, episodes completed=110

Run artifacts written to: results/td3/HalfCheetah-v5/seed_85062/20260909_125105
[2026-09-09 12:58:14] [5/10] Finished OK: env=HalfCheetah-v5 seed=85062 -> results/td3/HalfCheetah-v5/seed_85062/20260909_125105
[2026-09-09 12:58:14] [6/10] Starting: algo=td3 env=Ant-v5 seed=331 overrides=none warmup_steps=10000
2026-09-09 12:58:15,041 [INFO] === Experiment run: algo=td3 env=Ant-v5 seed=331 ===
2026-09-09 12:58:15,042 [INFO] Run directory: results/td3/Ant-v5/seed_331/20260909_125815
2026-09-09 12:58:15,173 [INFO] Using device: cuda
2026-09-09 12:58:15,265 [INFO] Waiting for thermal baseline before starting...
2026-09-09 12:58:25,276 [INFO] Thermal gate result: {'gated': True, 'reason': 'reached_reference', 'waited_seconds': 1.0251998901367188e-05, 'final_temp_c': 44.0, 'final_power_w': 25.501}
2026-09-09 12:58:25,276 [INFO] Settling for 30s (unmeasured)...
[codecarbon WARNING @ 12:58:55] Multiple instances of codecarbon are allowed to run at the same time.
2026-09-09 12:58:56,518 [INFO] Recording idle baseline for 90s...
2026-09-09 13:00:30,060 [INFO] Starting warmup: 10000 steps
2026-09-09 13:00:31,395 [INFO] Starting measured training: 100 epochs x 1000 steps = 100000 env steps
2026-09-09 13:00:53,400 [INFO] Epoch 10/100 done (buffer size=20000, cumulative_reward=2682.02, mean_episode_return=-120.64310032309453)
2026-09-09 13:01:15,042 [INFO] Epoch 20/100 done (buffer size=30000, cumulative_reward=5924.92, mean_episode_return=30.47886706895233)
2026-09-09 13:01:36,760 [INFO] Epoch 30/100 done (buffer size=40000, cumulative_reward=9507.87, mean_episode_return=444.44898854538593)
2026-09-09 13:01:58,648 [INFO] Epoch 40/100 done (buffer size=50000, cumulative_reward=14677.74, mean_episode_return=178.8976688886715)
2026-09-09 13:02:22,722 [INFO] Epoch 50/100 done (buffer size=60000, cumulative_reward=20330.38, mean_episode_return=214.4940322520746)
2026-09-09 13:02:46,605 [INFO] Epoch 60/100 done (buffer size=70000, cumulative_reward=27325.84, mean_episode_return=715.7911598910365)
2026-09-09 13:03:09,820 [INFO] Epoch 70/100 done (buffer size=80000, cumulative_reward=34180.57, mean_episode_return=223.35491488184374)
2026-09-09 13:03:32,659 [INFO] Epoch 80/100 done (buffer size=90000, cumulative_reward=42826.51, mean_episode_return=374.9640077701729)
2026-09-09 13:03:55,715 [INFO] Epoch 90/100 done (buffer size=100000, cumulative_reward=51549.54, mean_episode_return=726.5927251335542)
2026-09-09 13:04:19,393 [INFO] Epoch 100/100 done (buffer size=110000, cumulative_reward=60414.27, mean_episode_return=785.764073911994)
2026-09-09 13:04:19,393 [INFO] Recording idle tail for 90s...
2026-09-09 13:05:49,455 [INFO] Run complete. Segment energy summary (kWh unless noted):
2026-09-09 13:05:49,455 [INFO]   idle_baseline_head: 0.001606436234309444
2026-09-09 13:05:49,456 [INFO]   warmup: 4.140460581388461e-05
2026-09-09 13:05:49,456 [INFO]   rollout: 0.000837153926698615
2026-09-09 13:05:49,456 [INFO]   buffer_sample: 0.0003998887891092101
2026-09-09 13:05:49,456 [INFO]   critic_update: 0.005298478357619517
2026-09-09 13:05:49,456 [INFO]   actor_update: 0.0014692331163317434
2026-09-09 13:05:49,456 [INFO]   target_update: 0.0004751912895815633
2026-09-09 13:05:49,456 [INFO]   _sub_segment_wall_time_seconds: {'buffer_sample': 9.79171802282508, 'critic_update': 129.73908606795885, 'actor_update': 35.97579321231751, 'target_update': 11.63558279503195}
2026-09-09 13:05:49,456 [INFO]   idle_baseline_tail: 0.001935386414208434
2026-09-09 13:05:49,456 [INFO]   _total_kg_co2eq: 0.004595478071476394
2026-09-09 13:05:49,456 [INFO] Training summary: 100 epochs, final cumulative_reward=60414.27, final mean_episode_return=785.764073911994, episodes completed=328

Run artifacts written to: results/td3/Ant-v5/seed_331/20260909_125815
[2026-09-09 13:05:50] [6/10] Finished OK: env=Ant-v5 seed=331 -> results/td3/Ant-v5/seed_331/20260909_125815
[2026-09-09 13:05:50] [7/10] Starting: algo=td3 env=Ant-v5 seed=958 overrides=none warmup_steps=10000
2026-09-09 13:05:50,627 [INFO] === Experiment run: algo=td3 env=Ant-v5 seed=958 ===
2026-09-09 13:05:50,627 [INFO] Run directory: results/td3/Ant-v5/seed_958/20260909_130550
2026-09-09 13:05:50,764 [INFO] Using device: cuda
2026-09-09 13:05:50,855 [INFO] Waiting for thermal baseline before starting...
2026-09-09 13:06:00,866 [INFO] Thermal gate result: {'gated': True, 'reason': 'reached_reference', 'waited_seconds': 1.0013580322265625e-05, 'final_temp_c': 53.0, 'final_power_w': 36.454}
2026-09-09 13:06:00,866 [INFO] Settling for 30s (unmeasured)...
[codecarbon WARNING @ 13:06:30] Multiple instances of codecarbon are allowed to run at the same time.
2026-09-09 13:06:32,096 [INFO] Recording idle baseline for 90s...
2026-09-09 13:08:05,646 [INFO] Starting warmup: 10000 steps
2026-09-09 13:08:06,988 [INFO] Starting measured training: 100 epochs x 1000 steps = 100000 env steps
2026-09-09 13:08:30,133 [INFO] Epoch 10/100 done (buffer size=20000, cumulative_reward=5989.90, mean_episode_return=67.71267437891888)
2026-09-09 13:08:51,980 [INFO] Epoch 20/100 done (buffer size=30000, cumulative_reward=9819.34, mean_episode_return=44.88580067948927)
2026-09-09 13:09:13,970 [INFO] Epoch 30/100 done (buffer size=40000, cumulative_reward=14894.93, mean_episode_return=62.17636135757382)
2026-09-09 13:09:36,225 [INFO] Epoch 40/100 done (buffer size=50000, cumulative_reward=21263.22, mean_episode_return=130.99442578803203)
2026-09-09 13:09:58,255 [INFO] Epoch 50/100 done (buffer size=60000, cumulative_reward=28453.54, mean_episode_return=825.8564453905415)
2026-09-09 13:10:20,255 [INFO] Epoch 60/100 done (buffer size=70000, cumulative_reward=35054.76, mean_episode_return=233.0437915108251)
2026-09-09 13:10:42,396 [INFO] Epoch 70/100 done (buffer size=80000, cumulative_reward=44027.64, mean_episode_return=160.96639575627736)
2026-09-09 13:11:04,447 [INFO] Epoch 80/100 done (buffer size=90000, cumulative_reward=53364.40, mean_episode_return=533.0956678997054)
2026-09-09 13:11:26,520 [INFO] Epoch 90/100 done (buffer size=100000, cumulative_reward=64201.46, mean_episode_return=331.8786542097567)
2026-09-09 13:11:48,577 [INFO] Epoch 100/100 done (buffer size=110000, cumulative_reward=74571.98, mean_episode_return=563.0537483887065)
2026-09-09 13:11:48,577 [INFO] Recording idle tail for 90s...
2026-09-09 13:13:18,638 [INFO] Run complete. Segment energy summary (kWh unless noted):
2026-09-09 13:13:18,638 [INFO]   idle_baseline_head: 0.001917679977667559
2026-09-09 13:13:18,638 [INFO]   warmup: 4.4254803545997184e-05
2026-09-09 13:13:18,638 [INFO]   rollout: 0.0008676613195117392
2026-09-09 13:13:18,638 [INFO]   buffer_sample: 0.00041909950487672716
2026-09-09 13:13:18,638 [INFO]   critic_update: 0.005246650670850894
2026-09-09 13:13:18,638 [INFO]   actor_update: 0.0014713125316302169
2026-09-09 13:13:18,638 [INFO]   target_update: 0.0004895567483639993
2026-09-09 13:13:18,638 [INFO]   _sub_segment_wall_time_seconds: {'buffer_sample': 9.915337991391425, 'critic_update': 124.1287907022197, 'actor_update': 34.809301543733454, 'target_update': 11.5822628504975}
2026-09-09 13:13:18,638 [INFO]   idle_baseline_tail: 0.0017821145287638656
2026-09-09 13:13:18,638 [INFO]   _total_kg_co2eq: 0.004662205885376814
2026-09-09 13:13:18,638 [INFO] Training summary: 100 epochs, final cumulative_reward=74571.98, final mean_episode_return=563.0537483887065, episodes completed=346

Run artifacts written to: results/td3/Ant-v5/seed_958/20260909_130550
[2026-09-09 13:13:19] [7/10] Finished OK: env=Ant-v5 seed=958 -> results/td3/Ant-v5/seed_958/20260909_130550
[2026-09-09 13:13:19] [8/10] Starting: algo=td3 env=Ant-v5 seed=14577 overrides=none warmup_steps=10000
2026-09-09 13:13:19,808 [INFO] === Experiment run: algo=td3 env=Ant-v5 seed=14577 ===
2026-09-09 13:13:19,808 [INFO] Run directory: results/td3/Ant-v5/seed_14577/20260909_131319
2026-09-09 13:13:19,946 [INFO] Using device: cuda
2026-09-09 13:13:20,041 [INFO] Waiting for thermal baseline before starting...
2026-09-09 13:13:35,052 [INFO] Thermal gate result: {'gated': True, 'reason': 'reached_reference', 'waited_seconds': 9.775161743164062e-06, 'final_temp_c': 43.0, 'final_power_w': 26.243}
2026-09-09 13:13:35,052 [INFO] Settling for 30s (unmeasured)...
[codecarbon WARNING @ 13:14:05] Multiple instances of codecarbon are allowed to run at the same time.
2026-09-09 13:14:06,290 [INFO] Recording idle baseline for 90s...
2026-09-09 13:15:39,834 [INFO] Starting warmup: 10000 steps
2026-09-09 13:15:41,194 [INFO] Starting measured training: 100 epochs x 1000 steps = 100000 env steps
2026-09-09 13:16:03,269 [INFO] Epoch 10/100 done (buffer size=20000, cumulative_reward=4950.24, mean_episode_return=43.04401873513664)
2026-09-09 13:16:25,079 [INFO] Epoch 20/100 done (buffer size=30000, cumulative_reward=7169.08, mean_episode_return=234.95294547752044)
2026-09-09 13:16:46,844 [INFO] Epoch 30/100 done (buffer size=40000, cumulative_reward=12389.19, mean_episode_return=509.1401403164706)
2026-09-09 13:17:08,861 [INFO] Epoch 40/100 done (buffer size=50000, cumulative_reward=18573.57, mean_episode_return=334.7376128488946)
2026-09-09 13:17:30,722 [INFO] Epoch 50/100 done (buffer size=60000, cumulative_reward=26065.58, mean_episode_return=178.62525346135445)
2026-09-09 13:17:52,673 [INFO] Epoch 60/100 done (buffer size=70000, cumulative_reward=33321.73, mean_episode_return=765.8614519487157)
2026-09-09 13:18:15,060 [INFO] Epoch 70/100 done (buffer size=80000, cumulative_reward=41761.82, mean_episode_return=362.37639108477396)
2026-09-09 13:18:37,553 [INFO] Epoch 80/100 done (buffer size=90000, cumulative_reward=50760.65, mean_episode_return=120.5555479918142)
2026-09-09 13:18:59,283 [INFO] Epoch 90/100 done (buffer size=100000, cumulative_reward=60467.32, mean_episode_return=158.32269278841648)
2026-09-09 13:19:21,288 [INFO] Epoch 100/100 done (buffer size=110000, cumulative_reward=70706.64, mean_episode_return=468.62585009331195)
2026-09-09 13:19:21,289 [INFO] Recording idle tail for 90s...
2026-09-09 13:20:51,350 [INFO] Run complete. Segment energy summary (kWh unless noted):
2026-09-09 13:20:51,351 [INFO]   idle_baseline_head: 0.0016748095956870149
2026-09-09 13:20:51,351 [INFO]   warmup: 4.189823978618338e-05
2026-09-09 13:20:51,351 [INFO]   rollout: 0.0008487811047012653
2026-09-09 13:20:51,351 [INFO]   buffer_sample: 0.0004066284135171085
2026-09-09 13:20:51,351 [INFO]   critic_update: 0.005119935216674266
2026-09-09 13:20:51,351 [INFO]   actor_update: 0.0014362162375237664
2026-09-09 13:20:51,351 [INFO]   target_update: 0.00048403938658926973
2026-09-09 13:20:51,351 [INFO]   _sub_segment_wall_time_seconds: {'buffer_sample': 9.783096848521382, 'critic_update': 123.18082164903171, 'actor_update': 34.55401068898209, 'target_update': 11.645531989619485}
2026-09-09 13:20:51,351 [INFO]   idle_baseline_tail: 0.001948289538108397
2026-09-09 13:20:51,351 [INFO]   _total_kg_co2eq: 0.004556402681339064
2026-09-09 13:20:51,351 [INFO] Training summary: 100 epochs, final cumulative_reward=70706.64, final mean_episode_return=468.62585009331195, episodes completed=297

Run artifacts written to: results/td3/Ant-v5/seed_14577/20260909_131319
[2026-09-09 13:20:51] [8/10] Finished OK: env=Ant-v5 seed=14577 -> results/td3/Ant-v5/seed_14577/20260909_131319
[2026-09-09 13:20:52] [9/10] Starting: algo=td3 env=Ant-v5 seed=43611 overrides=none warmup_steps=10000
2026-09-09 13:20:52,528 [INFO] === Experiment run: algo=td3 env=Ant-v5 seed=43611 ===
2026-09-09 13:20:52,528 [INFO] Run directory: results/td3/Ant-v5/seed_43611/20260909_132052
2026-09-09 13:20:52,662 [INFO] Using device: cuda
2026-09-09 13:20:52,756 [INFO] Waiting for thermal baseline before starting...
2026-09-09 13:21:02,768 [INFO] Thermal gate result: {'gated': True, 'reason': 'reached_reference', 'waited_seconds': 1.1205673217773438e-05, 'final_temp_c': 53.0, 'final_power_w': 37.255}
2026-09-09 13:21:02,768 [INFO] Settling for 30s (unmeasured)...
[codecarbon WARNING @ 13:21:32] Multiple instances of codecarbon are allowed to run at the same time.
2026-09-09 13:21:34,016 [INFO] Recording idle baseline for 90s...
2026-09-09 13:23:07,556 [INFO] Starting warmup: 10000 steps
2026-09-09 13:23:08,883 [INFO] Starting measured training: 100 epochs x 1000 steps = 100000 env steps
2026-09-09 13:23:33,169 [INFO] Epoch 10/100 done (buffer size=20000, cumulative_reward=4570.12, mean_episode_return=12.245074288542305)
2026-09-09 13:23:57,473 [INFO] Epoch 20/100 done (buffer size=30000, cumulative_reward=9428.74, mean_episode_return=167.81249140795208)
2026-09-09 13:24:20,501 [INFO] Epoch 30/100 done (buffer size=40000, cumulative_reward=16772.90, mean_episode_return=279.8937844894832)
2026-09-09 13:24:42,248 [INFO] Epoch 40/100 done (buffer size=50000, cumulative_reward=24987.69, mean_episode_return=1079.7913688480246)
2026-09-09 13:25:03,975 [INFO] Epoch 50/100 done (buffer size=60000, cumulative_reward=32879.20, mean_episode_return=990.8434173263468)
2026-09-09 13:25:26,056 [INFO] Epoch 60/100 done (buffer size=70000, cumulative_reward=41495.23, mean_episode_return=340.7335719493919)
2026-09-09 13:25:49,048 [INFO] Epoch 70/100 done (buffer size=80000, cumulative_reward=48725.34, mean_episode_return=305.6582229040423)
2026-09-09 13:26:11,667 [INFO] Epoch 80/100 done (buffer size=90000, cumulative_reward=58203.37, mean_episode_return=502.3653890832325)
2026-09-09 13:26:33,534 [INFO] Epoch 90/100 done (buffer size=100000, cumulative_reward=68338.26, mean_episode_return=422.74661946048036)
2026-09-09 13:26:55,335 [INFO] Epoch 100/100 done (buffer size=110000, cumulative_reward=78824.80, mean_episode_return=534.4712619562886)
2026-09-09 13:26:55,336 [INFO] Recording idle tail for 90s...
2026-09-09 13:28:25,398 [INFO] Run complete. Segment energy summary (kWh unless noted):
2026-09-09 13:28:25,398 [INFO]   idle_baseline_head: 0.0018987776352097543
2026-09-09 13:28:25,398 [INFO]   warmup: 4.431019029379449e-05
2026-09-09 13:28:25,398 [INFO]   rollout: 0.0008693542968141882
2026-09-09 13:28:25,398 [INFO]   buffer_sample: 0.00041339141140329927
2026-09-09 13:28:25,398 [INFO]   critic_update: 0.005374638676027195
2026-09-09 13:28:25,398 [INFO]   actor_update: 0.001493663134460353
2026-09-09 13:28:25,398 [INFO]   target_update: 0.00048179217249815274
2026-09-09 13:28:25,398 [INFO]   _sub_segment_wall_time_seconds: {'buffer_sample': 9.879378243567771, 'critic_update': 128.4450690998492, 'actor_update': 35.696104628092144, 'target_update': 11.514044500203454}
2026-09-09 13:28:25,398 [INFO]   idle_baseline_tail: 0.0018409950747233887
2026-09-09 13:28:25,398 [INFO]   _total_kg_co2eq: 0.004730237459921132
2026-09-09 13:28:25,398 [INFO] Training summary: 100 epochs, final cumulative_reward=78824.80, final mean_episode_return=534.4712619562886, episodes completed=300

Run artifacts written to: results/td3/Ant-v5/seed_43611/20260909_132052
[2026-09-09 13:28:26] [9/10] Finished OK: env=Ant-v5 seed=43611 -> results/td3/Ant-v5/seed_43611/20260909_132052
[2026-09-09 13:28:26] [10/10] Starting: algo=td3 env=Ant-v5 seed=85062 overrides=none warmup_steps=10000
2026-09-09 13:28:26,575 [INFO] === Experiment run: algo=td3 env=Ant-v5 seed=85062 ===
2026-09-09 13:28:26,576 [INFO] Run directory: results/td3/Ant-v5/seed_85062/20260909_132826
2026-09-09 13:28:26,707 [INFO] Using device: cuda
2026-09-09 13:28:26,800 [INFO] Waiting for thermal baseline before starting...
2026-09-09 13:28:46,811 [INFO] Thermal gate result: {'gated': True, 'reason': 'reached_reference', 'waited_seconds': 1.1444091796875e-05, 'final_temp_c': 43.0, 'final_power_w': 27.641}
2026-09-09 13:28:46,812 [INFO] Settling for 30s (unmeasured)...
[codecarbon WARNING @ 13:29:16] Multiple instances of codecarbon are allowed to run at the same time.
2026-09-09 13:29:18,058 [INFO] Recording idle baseline for 90s...
2026-09-09 13:30:51,618 [INFO] Starting warmup: 10000 steps
2026-09-09 13:30:52,952 [INFO] Starting measured training: 100 epochs x 1000 steps = 100000 env steps
2026-09-09 13:31:14,957 [INFO] Epoch 10/100 done (buffer size=20000, cumulative_reward=3759.17, mean_episode_return=304.48012606933895)
2026-09-09 13:31:36,675 [INFO] Epoch 20/100 done (buffer size=30000, cumulative_reward=6384.64, mean_episode_return=134.01830217896438)
2026-09-09 13:31:58,247 [INFO] Epoch 30/100 done (buffer size=40000, cumulative_reward=10960.87, mean_episode_return=499.61041069571957)
2026-09-09 13:32:20,339 [INFO] Epoch 40/100 done (buffer size=50000, cumulative_reward=16291.77, mean_episode_return=745.6931597897042)
2026-09-09 13:32:42,433 [INFO] Epoch 50/100 done (buffer size=60000, cumulative_reward=22552.22, mean_episode_return=353.74764550055096)
2026-09-09 13:33:05,901 [INFO] Epoch 60/100 done (buffer size=70000, cumulative_reward=29227.51, mean_episode_return=403.49870601254923)
2026-09-09 13:33:30,002 [INFO] Epoch 70/100 done (buffer size=80000, cumulative_reward=36703.49, mean_episode_return=521.6789139516045)
2026-09-09 13:33:54,783 [INFO] Epoch 80/100 done (buffer size=90000, cumulative_reward=44640.64, mean_episode_return=255.84351853626163)
2026-09-09 13:34:18,036 [INFO] Epoch 90/100 done (buffer size=100000, cumulative_reward=52751.47, mean_episode_return=491.3820713345011)
2026-09-09 13:34:39,944 [INFO] Epoch 100/100 done (buffer size=110000, cumulative_reward=61418.07, mean_episode_return=762.3952223658222)
2026-09-09 13:34:39,944 [INFO] Recording idle tail for 90s...
2026-09-09 13:36:10,011 [INFO] Run complete. Segment energy summary (kWh unless noted):
2026-09-09 13:36:10,011 [INFO]   idle_baseline_head: 0.0017806013707622396
2026-09-09 13:36:10,011 [INFO]   warmup: 4.0851747792002534e-05
2026-09-09 13:36:10,011 [INFO]   rollout: 0.0008429675934299836
2026-09-09 13:36:10,011 [INFO]   buffer_sample: 0.00040748436743116156
2026-09-09 13:36:10,011 [INFO]   critic_update: 0.005290219064690879
2026-09-09 13:36:10,011 [INFO]   actor_update: 0.0014685981193355915
2026-09-09 13:36:10,011 [INFO]   target_update: 0.0004767177568468734
2026-09-09 13:36:10,011 [INFO]   _sub_segment_wall_time_seconds: {'buffer_sample': 9.897117929620435, 'critic_update': 128.49062722784583, 'actor_update': 35.66980708956544, 'target_update': 11.578681872881134}
2026-09-09 13:36:10,011 [INFO]   idle_baseline_tail: 0.0019630373682797374
2026-09-09 13:36:10,011 [INFO]   _total_kg_co2eq: 0.004674454306000164
2026-09-09 13:36:10,011 [INFO] Training summary: 100 epochs, final cumulative_reward=61418.07, final mean_episode_return=762.3952223658222, episodes completed=260

Run artifacts written to: results/td3/Ant-v5/seed_85062/20260909_132826
[2026-09-09 13:36:10] [10/10] Finished OK: env=Ant-v5 seed=85062 -> results/td3/Ant-v5/seed_85062/20260909_132826
[2026-09-09 13:36:10] Sweep complete: 10/10 runs succeeded, 0 failed.
