2026-08-13 10:37:36,220 [INFO] === Experiment run: algo=sac env=HalfCheetah-v5 seed=0 ===
2026-08-13 10:37:36,221 [INFO] Run directory: results\sac\HalfCheetah-v5\seed_0\20260813_103736
2026-08-13 10:37:36,249 [INFO] Using device: cuda
2026-08-13 10:37:36,533 [INFO] Waiting for thermal baseline before starting...
2026-08-13 10:47:36,598 [INFO] Thermal gate result: {'gated': False, 'reason': 'timeout', 'waited_seconds': 600.0643808841705, 'final_temp_c': 46.0, 'final_power_w': 31.053}
2026-08-13 10:47:36,599 [INFO] Settling for 30s (unmeasured)...
2026-08-13 10:48:10,456 [INFO] Recording idle baseline for 90s...
2026-08-13 10:49:45,905 [INFO] Starting warmup: 5000 steps
2026-08-13 10:49:46,189 [INFO] Starting measured training: 100 epochs x 1000 steps = 100000 env steps
2026-08-13 10:51:08,875 [INFO] Epoch 10/100 done (buffer size=15000)
2026-08-13 10:52:31,277 [INFO] Epoch 20/100 done (buffer size=25000)
2026-08-13 10:53:53,525 [INFO] Epoch 30/100 done (buffer size=35000)
2026-08-13 10:55:15,193 [INFO] Epoch 40/100 done (buffer size=45000)
2026-08-13 10:56:36,934 [INFO] Epoch 50/100 done (buffer size=55000)
2026-08-13 10:57:58,878 [INFO] Epoch 60/100 done (buffer size=65000)
2026-08-13 10:59:20,498 [INFO] Epoch 70/100 done (buffer size=75000)
2026-08-13 11:00:42,328 [INFO] Epoch 80/100 done (buffer size=85000)
2026-08-13 11:01:57,638 [INFO] Epoch 90/100 done (buffer size=95000)
2026-08-13 11:03:03,220 [INFO] Epoch 100/100 done (buffer size=105000)
2026-08-13 11:03:03,221 [INFO] Recording idle tail for 90s...
2026-08-13 11:04:33,280 [INFO] Run complete. Segment energy summary (kWh unless noted):
2026-08-13 11:04:33,280 [INFO]   idle_baseline_head: 0.0015450015257984385
2026-08-13 11:04:33,280 [INFO]   warmup: 6.340019727165943e-06
2026-08-13 11:04:33,280 [INFO]   rollout: 0.0022635134241307587
2026-08-13 11:04:33,280 [INFO]   buffer_sample: 0.0008073051732429981
2026-08-13 11:04:33,280 [INFO]   critic_update: 0.011954594815805835
2026-08-13 11:04:33,280 [INFO]   actor_update: 0.014356178385778408
2026-08-13 11:04:33,280 [INFO]   target_update: 0.001992172572853603
2026-08-13 11:04:33,280 [INFO]   _sub_segment_wall_time_seconds: {'buffer_sample': 19.828328512143344, 'critic_update': 293.61837517423555, 'actor_update': 352.603985019261, 'target_update': 48.930012511555105}
2026-08-13 11:04:33,280 [INFO]   idle_baseline_tail: 0.0015545021886575264
2026-08-13 11:04:33,280 [INFO]   _total_kg_co2eq: 0.013135666410522075
