2026-09-17 13:31:15,746 [INFO] === Experiment run: algo=sac env=Ant-v5 seed=14577 ===
2026-09-17 13:31:15,746 [INFO] Run directory: results/sac/Ant-v5/seed_14577/20260917_133115
2026-09-17 13:31:15,866 [INFO] Using device: cuda
2026-09-17 13:31:15,961 [INFO] Waiting for thermal baseline before starting...
2026-09-17 13:31:35,973 [INFO] Thermal gate result: {'gated': True, 'reason': 'reached_reference', 'waited_seconds': 9.775161743164062e-06, 'final_temp_c': 42.0, 'final_power_w': 25.87}
2026-09-17 13:31:35,973 [INFO] Settling for 30s (unmeasured)...
2026-09-17 13:32:07,206 [INFO] Recording idle baseline for 90s...
2026-09-17 13:33:40,762 [INFO] Starting warmup: 5000 steps
2026-09-17 13:33:41,441 [INFO] Starting measured training: 100 epochs x 1000 steps = 100000 env steps
2026-09-17 13:34:28,336 [INFO] Epoch 10/100 done (buffer size=15000, cumulative_reward=-1310.91, mean_episode_return=-35.886164601228266)
2026-09-17 13:35:14,691 [INFO] Epoch 20/100 done (buffer size=25000, cumulative_reward=-4286.26, mean_episode_return=-21.869940571674935)
2026-09-17 13:36:01,093 [INFO] Epoch 30/100 done (buffer size=35000, cumulative_reward=-8087.45, mean_episode_return=-155.6476617584965)
2026-09-17 13:36:47,658 [INFO] Epoch 40/100 done (buffer size=45000, cumulative_reward=-11481.33, mean_episode_return=-27.89895635879332)
2026-09-17 13:37:34,285 [INFO] Epoch 50/100 done (buffer size=55000, cumulative_reward=-15515.10, mean_episode_return=-25.202313456775343)
2026-09-17 13:38:21,713 [INFO] Epoch 60/100 done (buffer size=65000, cumulative_reward=-19548.01, mean_episode_return=-522.4434103663918)
2026-09-17 13:39:11,514 [INFO] Epoch 70/100 done (buffer size=75000, cumulative_reward=-22537.74, mean_episode_return=-84.35279014578175)
2026-09-17 13:40:01,500 [INFO] Epoch 80/100 done (buffer size=85000, cumulative_reward=-26750.12, mean_episode_return=-165.46569943762674)
2026-09-17 13:40:51,479 [INFO] Epoch 90/100 done (buffer size=95000, cumulative_reward=-30186.34, mean_episode_return=-75.76664709982684)
2026-09-17 13:41:38,820 [INFO] Epoch 100/100 done (buffer size=105000, cumulative_reward=-33628.47, mean_episode_return=-85.54994194263871)
2026-09-17 13:41:38,820 [INFO] Recording idle tail for 90s...
2026-09-17 13:43:08,880 [INFO] Run complete. Segment energy summary (kWh unless noted):
2026-09-17 13:43:08,880 [INFO]   idle_baseline_head: 0.0015600007098240587
2026-09-17 13:43:08,880 [INFO]   warmup: 2.1407187353227964e-05
2026-09-17 13:43:08,880 [INFO]   rollout: 0.0012639830931259963
2026-09-17 13:43:08,880 [INFO]   buffer_sample: 0.0013376650798643233
2026-09-17 13:43:08,880 [INFO]   critic_update: 0.00973459509611852
2026-09-17 13:43:08,880 [INFO]   actor_update: 0.011580601042481731
2026-09-17 13:43:08,880 [INFO]   target_update: 0.0009453987045353563
2026-09-17 13:43:08,880 [INFO]   _sub_segment_wall_time_seconds: {'buffer_sample': 24.139601760018195, 'critic_update': 175.67121430661973, 'actor_update': 208.98437248247137, 'target_update': 17.060734092150597}
2026-09-17 13:43:08,880 [INFO]   idle_baseline_tail: 0.0017347540169422408
2026-09-17 13:43:08,880 [INFO]   _total_kg_co2eq: 0.010734578158601795
2026-09-17 13:43:08,880 [INFO] Training summary: 100 epochs, final cumulative_reward=-33628.47, final mean_episode_return=-85.54994194263871, episodes completed=402
