2026-09-17 20:42:52,123 [INFO] === Experiment run: algo=td3 env=Ant-v5 seed=85062 ===
2026-09-17 20:42:52,123 [INFO] Run directory: results/td3/Ant-v5/seed_85062/20260917_204252
2026-09-17 20:42:52,243 [INFO] Using device: cuda
2026-09-17 20:42:52,333 [INFO] Waiting for thermal baseline before starting...
2026-09-17 20:43:02,344 [INFO] Thermal gate result: {'gated': True, 'reason': 'reached_reference', 'waited_seconds': 9.059906005859375e-06, 'final_temp_c': 45.0, 'final_power_w': 26.761}
2026-09-17 20:43:02,344 [INFO] Settling for 30s (unmeasured)...
2026-09-17 20:43:33,576 [INFO] Recording idle baseline for 90s...
2026-09-17 20:45:07,121 [INFO] Starting warmup: 10000 steps
2026-09-17 20:45:08,468 [INFO] Starting measured training: 100 epochs x 1000 steps = 100000 env steps
2026-09-17 20:45:31,077 [INFO] Epoch 10/100 done (buffer size=20000, cumulative_reward=3477.53, mean_episode_return=19.436338707965923)
2026-09-17 20:45:53,440 [INFO] Epoch 20/100 done (buffer size=30000, cumulative_reward=5008.15, mean_episode_return=-3.557399228133845)
2026-09-17 20:46:15,799 [INFO] Epoch 30/100 done (buffer size=40000, cumulative_reward=7558.80, mean_episode_return=196.4676169670406)
2026-09-17 20:46:38,143 [INFO] Epoch 40/100 done (buffer size=50000, cumulative_reward=10787.77, mean_episode_return=92.2962220408597)
2026-09-17 20:47:00,393 [INFO] Epoch 50/100 done (buffer size=60000, cumulative_reward=16531.53, mean_episode_return=98.88938544873335)
2026-09-17 20:47:22,580 [INFO] Epoch 60/100 done (buffer size=70000, cumulative_reward=23233.00, mean_episode_return=109.22195576325619)
2026-09-17 20:47:44,939 [INFO] Epoch 70/100 done (buffer size=80000, cumulative_reward=30401.41, mean_episode_return=148.689920815964)
2026-09-17 20:48:07,266 [INFO] Epoch 80/100 done (buffer size=90000, cumulative_reward=38638.65, mean_episode_return=240.6805831202145)
2026-09-17 20:48:29,680 [INFO] Epoch 90/100 done (buffer size=100000, cumulative_reward=46637.10, mean_episode_return=254.5324967582081)
2026-09-17 20:48:52,068 [INFO] Epoch 100/100 done (buffer size=110000, cumulative_reward=55619.74, mean_episode_return=343.45777925907606)
2026-09-17 20:48:52,068 [INFO] Recording idle tail for 90s...
2026-09-17 20:50:22,132 [INFO] Run complete. Segment energy summary (kWh unless noted):
2026-09-17 20:50:22,132 [INFO]   idle_baseline_head: 0.001609752982857353
2026-09-17 20:50:22,132 [INFO]   warmup: 4.3273270233454026e-05
2026-09-17 20:50:22,132 [INFO]   rollout: 0.0008492584362774398
2026-09-17 20:50:22,132 [INFO]   buffer_sample: 0.000597272128500815
2026-09-17 20:50:22,132 [INFO]   critic_update: 0.006050321409185547
2026-09-17 20:50:22,132 [INFO]   actor_update: 0.001695134351542465
2026-09-17 20:50:22,132 [INFO]   target_update: 0.0005599606871514571
2026-09-17 20:50:22,132 [INFO]   _sub_segment_wall_time_seconds: {'buffer_sample': 12.25040718238597, 'critic_update': 124.09569660126726, 'actor_update': 34.768215431999124, 'target_update': 11.485127291896788}
2026-09-17 20:50:22,132 [INFO]   idle_baseline_tail: 0.0017043529930043308
2026-09-17 20:50:22,132 [INFO]   _total_kg_co2eq: 0.00499400937544073
2026-09-17 20:50:22,132 [INFO] Training summary: 100 epochs, final cumulative_reward=55619.74, final mean_episode_return=343.45777925907606, episodes completed=416
