2026-09-10 19:07:56,053 [INFO] === Experiment run: algo=tdmpc2 env=Ant-v5 seed=85062 ===
2026-09-10 19:07:56,053 [INFO] Run directory: results/tdmpc2/Ant-v5/seed_85062/20260910_190756
2026-09-10 19:07:56,175 [INFO] Using device: cuda
2026-09-10 19:07:56,268 [INFO] Waiting for thermal baseline before starting...
2026-09-10 19:08:16,279 [INFO] Thermal gate result: {'gated': True, 'reason': 'reached_reference', 'waited_seconds': 9.775161743164062e-06, 'final_temp_c': 44.0, 'final_power_w': 32.083}
2026-09-10 19:08:16,279 [INFO] Settling for 30s (unmeasured)...
2026-09-10 19:08:47,513 [INFO] Recording idle baseline for 90s...
2026-09-10 19:10:21,088 [INFO] Starting warmup: 5000 steps
2026-09-10 19:10:21,769 [INFO] Pretraining world model on seed data: 5000 updates
2026-09-10 19:11:22,167 [INFO] Pretrain burst done: 5000 updates, mean total_loss=0.1484
2026-09-10 19:11:22,167 [INFO] Starting measured training: 100 epochs x 1000 steps = 100000 env steps
2026-09-10 19:15:20,914 [INFO] Epoch 10/100 done (buffer size=14338, cumulative_reward=-637.72, mean_episode_return=-457.8229295062632)
2026-09-10 19:19:30,088 [INFO] Epoch 20/100 done (buffer size=24851, cumulative_reward=6817.52, mean_episode_return=91.2953083670884)
2026-09-10 19:23:34,646 [INFO] Epoch 30/100 done (buffer size=34994, cumulative_reward=19462.21, mean_episode_return=131.7279746304543)
2026-09-10 19:27:34,550 [INFO] Epoch 40/100 done (buffer size=44326, cumulative_reward=31341.05, mean_episode_return=84.34338607117667)
2026-09-10 19:31:34,787 [INFO] Epoch 50/100 done (buffer size=54909, cumulative_reward=54269.24, mean_episode_return=152.65602481043408)
2026-09-10 19:35:35,627 [INFO] Epoch 60/100 done (buffer size=64982, cumulative_reward=69431.01, mean_episode_return=133.70806433611648)
2026-09-10 19:39:36,757 [INFO] Epoch 70/100 done (buffer size=74760, cumulative_reward=87568.55, mean_episode_return=201.97275280555843)
2026-09-10 19:43:37,919 [INFO] Epoch 80/100 done (buffer size=84988, cumulative_reward=115486.49, mean_episode_return=158.24118570780377)
2026-09-10 19:47:39,990 [INFO] Epoch 90/100 done (buffer size=94846, cumulative_reward=143665.91, mean_episode_return=129.4817181608158)
2026-09-10 19:51:41,776 [INFO] Epoch 100/100 done (buffer size=104973, cumulative_reward=175396.84, mean_episode_return=194.33661046403927)
2026-09-10 19:51:41,776 [INFO] Recording idle tail for 90s...
2026-09-10 19:53:11,846 [INFO] Run complete. Segment energy summary (kWh unless noted):
2026-09-10 19:53:11,846 [INFO]   idle_baseline_head: 0.0016793187667022897
2026-09-10 19:53:11,846 [INFO]   warmup: 2.1394899306412642e-05
2026-09-10 19:53:11,846 [INFO]   world_model_pretrain: 0.003010089686502475
2026-09-10 19:53:11,846 [INFO]   rollout: 0.07081029322332989
2026-09-10 19:53:11,846 [INFO]   buffer_sample: 0.003433526101845559
2026-09-10 19:53:11,846 [INFO]   critic_update: 0.0409078267429317
2026-09-10 19:53:11,846 [INFO]   actor_update: 0.015292211438995161
2026-09-10 19:53:11,846 [INFO]   target_update: 0.0029533707335490465
2026-09-10 19:53:11,846 [INFO]   _sub_segment_wall_time_seconds: {'buffer_sample': 65.8204111932464, 'critic_update': 784.1996528858654, 'actor_update': 293.1504276107589, 'target_update': 56.615872523529106}
2026-09-10 19:53:11,846 [INFO]   idle_baseline_tail: 0.0018337409958976425
2026-09-10 19:53:11,846 [INFO]   _total_kg_co2eq: 0.05331083169286248
2026-09-10 19:53:11,846 [INFO] Training summary: 100 epochs, final cumulative_reward=175396.84, final mean_episode_return=194.33661046403927, episodes completed=1864
