2026-09-17 22:46:13,696 [INFO] === Experiment run: algo=mbpo env=Ant-v5 seed=958 ===
2026-09-17 22:46:13,697 [INFO] Run directory: results/mbpo/Ant-v5/seed_958/20260917_224613
2026-09-17 22:46:13,811 [INFO] Using device: cuda
2026-09-17 22:46:13,902 [INFO] Waiting for thermal baseline before starting...
2026-09-17 22:46:23,913 [INFO] Thermal gate result: {'gated': True, 'reason': 'reached_reference', 'waited_seconds': 1.049041748046875e-05, 'final_temp_c': 40.0, 'final_power_w': 25.215}
2026-09-17 22:46:23,913 [INFO] Settling for 30s (unmeasured)...
2026-09-17 22:46:55,147 [INFO] Recording idle baseline for 90s...
2026-09-17 22:48:28,722 [INFO] Starting warmup: 5000 steps
2026-09-17 22:48:29,396 [INFO] Starting measured training: 100 epochs x 1000 steps = 100000 env steps
2026-09-17 22:50:06,395 [INFO] Epoch 10/100 done (real_buffer=15000, model_buffer=10000, rollout_len=1, cumulative_reward=-3619.55, mean_episode_return=-295.39269413676163)
2026-09-17 22:52:35,814 [INFO] Epoch 20/100 done (real_buffer=25000, model_buffer=10000, rollout_len=1, cumulative_reward=-6432.27, mean_episode_return=-89.64853918933849)
2026-09-17 22:56:44,811 [INFO] Epoch 30/100 done (real_buffer=35000, model_buffer=10000, rollout_len=1, cumulative_reward=-11088.03, mean_episode_return=-504.21495839588397)
2026-09-17 23:00:03,544 [INFO] Epoch 40/100 done (real_buffer=45000, model_buffer=10000, rollout_len=1, cumulative_reward=-18887.51, mean_episode_return=-784.5342659342831)
2026-09-17 23:03:24,513 [INFO] Epoch 50/100 done (real_buffer=55000, model_buffer=10000, rollout_len=1, cumulative_reward=-28950.88, mean_episode_return=-1115.224342685758)
2026-09-17 23:06:46,813 [INFO] Epoch 60/100 done (real_buffer=65000, model_buffer=10000, rollout_len=1, cumulative_reward=-39850.17, mean_episode_return=-804.115077658037)
2026-09-17 23:11:12,076 [INFO] Epoch 70/100 done (real_buffer=75000, model_buffer=10000, rollout_len=1, cumulative_reward=-49745.51, mean_episode_return=-390.6026207632642)
2026-09-17 23:14:13,440 [INFO] Epoch 80/100 done (real_buffer=85000, model_buffer=10000, rollout_len=1, cumulative_reward=-61455.94, mean_episode_return=-1832.0851788179627)
2026-09-17 23:17:23,076 [INFO] Epoch 90/100 done (real_buffer=95000, model_buffer=10000, rollout_len=1, cumulative_reward=-74629.39, mean_episode_return=-933.1965271844309)
2026-09-17 23:21:12,866 [INFO] Epoch 100/100 done (real_buffer=105000, model_buffer=10000, rollout_len=1, cumulative_reward=-89440.38, mean_episode_return=-1681.2007608153926)
2026-09-17 23:21:12,866 [INFO] Recording idle tail for 90s...
2026-09-17 23:22:42,930 [INFO] Run complete. Segment energy summary (kWh unless noted):
2026-09-17 23:22:42,930 [INFO]   idle_baseline_head: 0.0015407847327517348
2026-09-17 23:22:42,930 [INFO]   warmup: 2.1030262790363912e-05
2026-09-17 23:22:42,930 [INFO]   dynamics_model_update: 0.04971334222100958
2026-09-17 23:22:42,930 [INFO]   rollout: 0.001172433605977517
2026-09-17 23:22:42,930 [INFO]   synthetic_rollout_generation: 3.432304117627111e-05
2026-09-17 23:22:42,930 [INFO]   buffer_sample: 0.0005597527658543086
2026-09-17 23:22:42,930 [INFO]   critic_update: 0.007068810246439242
2026-09-17 23:22:42,930 [INFO]   actor_update: 0.008351323027140919
2026-09-17 23:22:42,930 [INFO]   target_update: 0.0007016676588726558
2026-09-17 23:22:42,930 [INFO]   _sub_segment_wall_time_seconds: {'buffer_sample': 13.751505979409558, 'critic_update': 173.66021626147995, 'actor_update': 205.16784471521532, 'target_update': 17.237944312466425}
2026-09-17 23:22:42,930 [INFO]   idle_baseline_tail: 0.0015943926058750862
2026-09-17 23:22:42,930 [INFO]   _total_kg_co2eq: 0.026955216018034654
2026-09-17 23:22:42,930 [INFO] Training summary: 100 epochs, final cumulative_reward=-89440.38, final mean_episode_return=-1681.2007608153926, episodes completed=188
