2026-09-10 15:21:22,913 [INFO] === Experiment run: algo=tdmpc2 env=HalfCheetah-v5 seed=85062 ===
2026-09-10 15:21:22,913 [INFO] Run directory: results/tdmpc2/HalfCheetah-v5/seed_85062/20260910_152122
2026-09-10 15:21:23,044 [INFO] Using device: cuda
2026-09-10 15:21:23,138 [INFO] Waiting for thermal baseline before starting...
2026-09-10 15:21:33,149 [INFO] Thermal gate result: {'gated': True, 'reason': 'reached_reference', 'waited_seconds': 1.0251998901367188e-05, 'final_temp_c': 44.0, 'final_power_w': 28.056}
2026-09-10 15:21:33,149 [INFO] Settling for 30s (unmeasured)...
2026-09-10 15:22:04,380 [INFO] Recording idle baseline for 90s...
2026-09-10 15:23:37,937 [INFO] Starting warmup: 5000 steps
2026-09-10 15:23:38,101 [INFO] Pretraining world model on seed data: 5000 updates
2026-09-10 15:24:47,488 [INFO] Pretrain burst done: 5000 updates, mean total_loss=0.1101
2026-09-10 15:24:47,488 [INFO] Starting measured training: 100 epochs x 1000 steps = 100000 env steps
2026-09-10 15:28:45,362 [INFO] Epoch 10/100 done (buffer size=15000, cumulative_reward=5892.54, mean_episode_return=1971.7094500009089)
2026-09-10 15:32:43,741 [INFO] Epoch 20/100 done (buffer size=25000, cumulative_reward=14954.18, mean_episode_return=1365.7397407125354)
2026-09-10 15:36:42,455 [INFO] Epoch 30/100 done (buffer size=35000, cumulative_reward=30441.60, mean_episode_return=1196.4843705529734)
2026-09-10 15:40:40,883 [INFO] Epoch 40/100 done (buffer size=45000, cumulative_reward=55800.54, mean_episode_return=3561.2511984600587)
2026-09-10 15:44:34,903 [INFO] Epoch 50/100 done (buffer size=55000, cumulative_reward=95405.60, mean_episode_return=4725.869353081838)
2026-09-10 15:48:15,124 [INFO] Epoch 60/100 done (buffer size=65000, cumulative_reward=144402.14, mean_episode_return=5316.376038970255)
2026-09-10 15:51:55,381 [INFO] Epoch 70/100 done (buffer size=75000, cumulative_reward=209145.82, mean_episode_return=6668.313373079177)
2026-09-10 15:55:35,485 [INFO] Epoch 80/100 done (buffer size=85000, cumulative_reward=267391.17, mean_episode_return=4043.981734214974)
2026-09-10 15:59:15,713 [INFO] Epoch 90/100 done (buffer size=95000, cumulative_reward=338339.30, mean_episode_return=8414.36199748997)
2026-09-10 16:02:56,444 [INFO] Epoch 100/100 done (buffer size=105000, cumulative_reward=405467.69, mean_episode_return=9051.767186599733)
2026-09-10 16:02:56,444 [INFO] Recording idle tail for 90s...
2026-09-10 16:04:26,507 [INFO] Run complete. Segment energy summary (kWh unless noted):
2026-09-10 16:04:26,507 [INFO]   idle_baseline_head: 0.0015915840003401236
2026-09-10 16:04:26,507 [INFO]   warmup: 3.930713735701046e-06
2026-09-10 16:04:26,507 [INFO]   world_model_pretrain: 0.003105958296073512
2026-09-10 16:04:26,507 [INFO]   rollout: 0.059556036786290664
2026-09-10 16:04:26,507 [INFO]   buffer_sample: 0.002740818849481701
2026-09-10 16:04:26,507 [INFO]   critic_update: 0.04066595961376383
2026-09-10 16:04:26,507 [INFO]   actor_update: 0.01554860338132687
2026-09-10 16:04:26,507 [INFO]   target_update: 0.0028130234009649726
2026-09-10 16:04:26,507 [INFO]   _sub_segment_wall_time_seconds: {'buffer_sample': 55.55273828666941, 'critic_update': 824.244700457637, 'actor_update': 315.1494286203615, 'target_update': 57.01622813110589}
2026-09-10 16:04:26,507 [INFO]   idle_baseline_tail: 0.001828659510116043
2026-09-10 16:04:26,507 [INFO]   _total_kg_co2eq: 0.048706211469082175
2026-09-10 16:04:26,507 [INFO] Training summary: 100 epochs, final cumulative_reward=405467.69, final mean_episode_return=9051.767186599733, episodes completed=105
