2026-09-09 18:37:16,998 [INFO] === Experiment run: algo=td3 env=HalfCheetah-v5 seed=85062 ===
2026-09-09 18:37:16,998 [INFO] Run directory: results/td3/HalfCheetah-v5/seed_85062/20260909_183716
2026-09-09 18:37:17,129 [INFO] Using device: cuda
2026-09-09 18:37:17,225 [INFO] Waiting for thermal baseline before starting...
2026-09-09 18:37:27,236 [INFO] Thermal gate result: {'gated': True, 'reason': 'reached_reference', 'waited_seconds': 1.0967254638671875e-05, 'final_temp_c': 44.0, 'final_power_w': 28.769}
2026-09-09 18:37:27,236 [INFO] Settling for 30s (unmeasured)...
2026-09-09 18:37:58,485 [INFO] Recording idle baseline for 90s...
2026-09-09 18:39:32,034 [INFO] Starting warmup: 10000 steps
2026-09-09 18:39:32,345 [INFO] Starting measured training: 100 epochs x 1000 steps = 100000 env steps
2026-09-09 18:40:11,892 [INFO] Epoch 10/100 done (buffer size=20000, cumulative_reward=-1715.30, mean_episode_return=1251.5693102872563)
2026-09-09 18:40:50,994 [INFO] Epoch 20/100 done (buffer size=30000, cumulative_reward=19206.05, mean_episode_return=3002.970343358558)
2026-09-09 18:41:30,407 [INFO] Epoch 30/100 done (buffer size=40000, cumulative_reward=51423.35, mean_episode_return=4032.4271682246626)
2026-09-09 18:42:10,181 [INFO] Epoch 40/100 done (buffer size=50000, cumulative_reward=93537.27, mean_episode_return=4469.294996834694)
2026-09-09 18:42:49,530 [INFO] Epoch 50/100 done (buffer size=60000, cumulative_reward=139013.02, mean_episode_return=4585.129004358331)
2026-09-09 18:43:33,886 [INFO] Epoch 60/100 done (buffer size=70000, cumulative_reward=182023.31, mean_episode_return=1662.5606695623374)
2026-09-09 18:44:19,467 [INFO] Epoch 70/100 done (buffer size=80000, cumulative_reward=232003.22, mean_episode_return=5012.348797827723)
2026-09-09 18:44:59,106 [INFO] Epoch 80/100 done (buffer size=90000, cumulative_reward=281825.00, mean_episode_return=5304.085343819826)
2026-09-09 18:45:38,557 [INFO] Epoch 90/100 done (buffer size=100000, cumulative_reward=336910.99, mean_episode_return=5874.696573821244)
2026-09-09 18:46:18,105 [INFO] Epoch 100/100 done (buffer size=110000, cumulative_reward=394950.83, mean_episode_return=5716.242872375462)
2026-09-09 18:46:18,105 [INFO] Recording idle tail for 90s...
2026-09-09 18:47:48,174 [INFO] Run complete. Segment energy summary (kWh unless noted):
2026-09-09 18:47:48,174 [INFO]   idle_baseline_head: 0.001701558129957846
2026-09-09 18:47:48,174 [INFO]   warmup: 9.670274298417348e-06
2026-09-09 18:47:48,174 [INFO]   rollout: 0.00040236005465931054
2026-09-09 18:47:48,174 [INFO]   buffer_sample: 0.0007321085386198507
2026-09-09 18:47:48,174 [INFO]   critic_update: 0.010438791707588796
2026-09-09 18:47:48,174 [INFO]   actor_update: 0.002918949292083604
2026-09-09 18:47:48,174 [INFO]   target_update: 0.0009542044387280191
2026-09-09 18:47:48,174 [INFO]   _sub_segment_wall_time_seconds: {'buffer_sample': 17.901023494661786, 'critic_update': 255.24228410953947, 'actor_update': 71.37217652975232, 'target_update': 23.33156243278063}
2026-09-09 18:47:48,174 [INFO]   idle_baseline_tail: 0.0018290438891299353
2026-09-09 18:47:48,174 [INFO]   _total_kg_co2eq: 0.007232990644708143
2026-09-09 18:47:48,175 [INFO] Training summary: 100 epochs, final cumulative_reward=394950.83, final mean_episode_return=5716.242872375462, episodes completed=110
