2026-09-12 21:35:40,558 [INFO] === Experiment run: algo=sac env=Ant-v5 seed=43611 ===
2026-09-12 21:35:40,558 [INFO] Run directory: results/sac/Ant-v5/seed_43611/20260912_213540
2026-09-12 21:35:40,680 [INFO] Using device: cuda
2026-09-12 21:35:40,769 [INFO] Waiting for thermal baseline before starting...
2026-09-12 21:35:50,780 [INFO] Thermal gate result: {'gated': True, 'reason': 'reached_reference', 'waited_seconds': 1.0728836059570312e-05, 'final_temp_c': 54.0, 'final_power_w': 37.963}
2026-09-12 21:35:50,780 [INFO] Settling for 30s (unmeasured)...
2026-09-12 21:36:22,020 [INFO] Recording idle baseline for 90s...
2026-09-12 21:37:55,579 [INFO] Starting warmup: 5000 steps
2026-09-12 21:37:56,247 [INFO] Starting measured training: 100 epochs x 1000 steps = 100000 env steps
2026-09-12 21:38:40,229 [INFO] Epoch 10/100 done (buffer size=15000, cumulative_reward=-312.80, mean_episode_return=-3.7349832414084587)
2026-09-12 21:39:26,187 [INFO] Epoch 20/100 done (buffer size=25000, cumulative_reward=-542.40, mean_episode_return=91.36459536517371)
2026-09-12 21:40:09,625 [INFO] Epoch 30/100 done (buffer size=35000, cumulative_reward=1535.25, mean_episode_return=63.100896930983026)
2026-09-12 21:40:52,800 [INFO] Epoch 40/100 done (buffer size=45000, cumulative_reward=4432.53, mean_episode_return=192.0052345261982)
2026-09-12 21:41:36,057 [INFO] Epoch 50/100 done (buffer size=55000, cumulative_reward=8692.91, mean_episode_return=772.5386859036582)
2026-09-12 21:42:22,263 [INFO] Epoch 60/100 done (buffer size=65000, cumulative_reward=13649.77, mean_episode_return=297.09406834748313)
2026-09-12 21:43:08,452 [INFO] Epoch 70/100 done (buffer size=75000, cumulative_reward=18944.26, mean_episode_return=464.4354566432444)
2026-09-12 21:43:54,645 [INFO] Epoch 80/100 done (buffer size=85000, cumulative_reward=25788.55, mean_episode_return=284.45511084992955)
2026-09-12 21:44:41,108 [INFO] Epoch 90/100 done (buffer size=95000, cumulative_reward=33351.87, mean_episode_return=393.5108762336173)
2026-09-12 21:45:24,405 [INFO] Epoch 100/100 done (buffer size=105000, cumulative_reward=42040.75, mean_episode_return=376.47569331356954)
2026-09-12 21:45:24,405 [INFO] Recording idle tail for 90s...
2026-09-12 21:46:54,466 [INFO] Run complete. Segment energy summary (kWh unless noted):
2026-09-12 21:46:54,466 [INFO]   idle_baseline_head: 0.0018591151693298528
2026-09-12 21:46:54,466 [INFO]   warmup: 2.100828494843647e-05
2026-09-12 21:46:54,466 [INFO]   rollout: 0.0011443763930614453
2026-09-12 21:46:54,466 [INFO]   buffer_sample: 0.00041306187569449765
2026-09-12 21:46:54,466 [INFO]   critic_update: 0.005525674929932783
2026-09-12 21:46:54,466 [INFO]   actor_update: 0.006558696577820662
2026-09-12 21:46:54,466 [INFO]   target_update: 0.0005629929546134364
2026-09-12 21:46:54,466 [INFO]   _sub_segment_wall_time_seconds: {'buffer_sample': 12.736056205083514, 'critic_update': 170.37473226092334, 'actor_update': 202.22618731580405, 'target_update': 17.35892449761195}
2026-09-12 21:46:54,466 [INFO]   idle_baseline_tail: 0.001667062154827481
2026-09-12 21:46:54,466 [INFO]   _total_kg_co2eq: 0.006762631883977781
2026-09-12 21:46:54,466 [INFO] Training summary: 100 epochs, final cumulative_reward=42040.75, final mean_episode_return=376.47569331356954, episodes completed=239
