2026-09-09 13:28:26,575 [INFO] === Experiment run: algo=td3 env=Ant-v5 seed=85062 ===
2026-09-09 13:28:26,576 [INFO] Run directory: results/td3/Ant-v5/seed_85062/20260909_132826
2026-09-09 13:28:26,707 [INFO] Using device: cuda
2026-09-09 13:28:26,800 [INFO] Waiting for thermal baseline before starting...
2026-09-09 13:28:46,811 [INFO] Thermal gate result: {'gated': True, 'reason': 'reached_reference', 'waited_seconds': 1.1444091796875e-05, 'final_temp_c': 43.0, 'final_power_w': 27.641}
2026-09-09 13:28:46,812 [INFO] Settling for 30s (unmeasured)...
2026-09-09 13:29:18,058 [INFO] Recording idle baseline for 90s...
2026-09-09 13:30:51,618 [INFO] Starting warmup: 10000 steps
2026-09-09 13:30:52,952 [INFO] Starting measured training: 100 epochs x 1000 steps = 100000 env steps
2026-09-09 13:31:14,957 [INFO] Epoch 10/100 done (buffer size=20000, cumulative_reward=3759.17, mean_episode_return=304.48012606933895)
2026-09-09 13:31:36,675 [INFO] Epoch 20/100 done (buffer size=30000, cumulative_reward=6384.64, mean_episode_return=134.01830217896438)
2026-09-09 13:31:58,247 [INFO] Epoch 30/100 done (buffer size=40000, cumulative_reward=10960.87, mean_episode_return=499.61041069571957)
2026-09-09 13:32:20,339 [INFO] Epoch 40/100 done (buffer size=50000, cumulative_reward=16291.77, mean_episode_return=745.6931597897042)
2026-09-09 13:32:42,433 [INFO] Epoch 50/100 done (buffer size=60000, cumulative_reward=22552.22, mean_episode_return=353.74764550055096)
2026-09-09 13:33:05,901 [INFO] Epoch 60/100 done (buffer size=70000, cumulative_reward=29227.51, mean_episode_return=403.49870601254923)
2026-09-09 13:33:30,002 [INFO] Epoch 70/100 done (buffer size=80000, cumulative_reward=36703.49, mean_episode_return=521.6789139516045)
2026-09-09 13:33:54,783 [INFO] Epoch 80/100 done (buffer size=90000, cumulative_reward=44640.64, mean_episode_return=255.84351853626163)
2026-09-09 13:34:18,036 [INFO] Epoch 90/100 done (buffer size=100000, cumulative_reward=52751.47, mean_episode_return=491.3820713345011)
2026-09-09 13:34:39,944 [INFO] Epoch 100/100 done (buffer size=110000, cumulative_reward=61418.07, mean_episode_return=762.3952223658222)
2026-09-09 13:34:39,944 [INFO] Recording idle tail for 90s...
2026-09-09 13:36:10,011 [INFO] Run complete. Segment energy summary (kWh unless noted):
2026-09-09 13:36:10,011 [INFO]   idle_baseline_head: 0.0017806013707622396
2026-09-09 13:36:10,011 [INFO]   warmup: 4.0851747792002534e-05
2026-09-09 13:36:10,011 [INFO]   rollout: 0.0008429675934299836
2026-09-09 13:36:10,011 [INFO]   buffer_sample: 0.00040748436743116156
2026-09-09 13:36:10,011 [INFO]   critic_update: 0.005290219064690879
2026-09-09 13:36:10,011 [INFO]   actor_update: 0.0014685981193355915
2026-09-09 13:36:10,011 [INFO]   target_update: 0.0004767177568468734
2026-09-09 13:36:10,011 [INFO]   _sub_segment_wall_time_seconds: {'buffer_sample': 9.897117929620435, 'critic_update': 128.49062722784583, 'actor_update': 35.66980708956544, 'target_update': 11.578681872881134}
2026-09-09 13:36:10,011 [INFO]   idle_baseline_tail: 0.0019630373682797374
2026-09-09 13:36:10,011 [INFO]   _total_kg_co2eq: 0.004674454306000164
2026-09-09 13:36:10,011 [INFO] Training summary: 100 epochs, final cumulative_reward=61418.07, final mean_episode_return=762.3952223658222, episodes completed=260
