2026-09-19 00:39:39,380 [INFO] === Experiment run: algo=tdmpc2 env=Ant-v5 seed=14577 ===
2026-09-19 00:39:39,380 [INFO] Run directory: results/tdmpc2/Ant-v5/seed_14577/20260919_003939
2026-09-19 00:39:39,495 [INFO] Using device: cuda
2026-09-19 00:39:39,589 [INFO] Waiting for thermal baseline before starting...
2026-09-19 00:39:49,599 [INFO] Thermal gate result: {'gated': True, 'reason': 'reached_reference', 'waited_seconds': 1.049041748046875e-05, 'final_temp_c': 43.0, 'final_power_w': 26.989}
2026-09-19 00:39:49,599 [INFO] Settling for 30s (unmeasured)...
2026-09-19 00:40:20,835 [INFO] Recording idle baseline for 90s...
2026-09-19 00:41:55,199 [INFO] Starting warmup: 5000 steps
2026-09-19 00:41:55,883 [INFO] Pretraining world model on seed data: 5000 updates
2026-09-19 00:43:21,248 [INFO] Pretrain burst done: 5000 updates, mean total_loss=0.1517
2026-09-19 00:43:21,248 [INFO] Starting measured training: 100 epochs x 1000 steps = 100000 env steps
2026-09-19 00:48:22,225 [INFO] Epoch 10/100 done (buffer size=14966, cumulative_reward=786.89, mean_episode_return=-27.114492184571414)
2026-09-19 00:53:23,217 [INFO] Epoch 20/100 done (buffer size=24652, cumulative_reward=4817.68, mean_episode_return=134.1784907662802)
2026-09-19 00:58:24,655 [INFO] Epoch 30/100 done (buffer size=34981, cumulative_reward=11295.87, mean_episode_return=91.1127404831199)
2026-09-19 01:03:11,806 [INFO] Epoch 40/100 done (buffer size=44953, cumulative_reward=22889.11, mean_episode_return=63.749270555306296)
2026-09-19 01:07:56,250 [INFO] Epoch 50/100 done (buffer size=54983, cumulative_reward=35019.80, mean_episode_return=79.80245147784642)
2026-09-19 01:12:58,880 [INFO] Epoch 60/100 done (buffer size=64939, cumulative_reward=46232.01, mean_episode_return=71.21965185895833)
2026-09-19 01:18:01,704 [INFO] Epoch 70/100 done (buffer size=74865, cumulative_reward=62027.96, mean_episode_return=109.1613487340785)
2026-09-19 01:22:48,247 [INFO] Epoch 80/100 done (buffer size=84964, cumulative_reward=83892.05, mean_episode_return=136.30374113742758)
2026-09-19 01:27:35,570 [INFO] Epoch 90/100 done (buffer size=94551, cumulative_reward=111520.98, mean_episode_return=199.11354548174407)
2026-09-19 01:32:13,669 [INFO] Epoch 100/100 done (buffer size=104984, cumulative_reward=137650.28, mean_episode_return=152.21784115074567)
2026-09-19 01:32:13,669 [INFO] Recording idle tail for 90s...
2026-09-19 01:33:43,738 [INFO] Run complete. Segment energy summary (kWh unless noted):
2026-09-19 01:33:43,739 [INFO]   idle_baseline_head: 0.0016098583590256638
2026-09-19 01:33:43,739 [INFO]   warmup: 2.160650648262664e-05
2026-09-19 01:33:43,739 [INFO]   world_model_pretrain: 0.003920383270331539
2026-09-19 01:33:43,739 [INFO]   rollout: 0.0780576533524569
2026-09-19 01:33:43,739 [INFO]   buffer_sample: 0.003365470991899057
2026-09-19 01:33:43,739 [INFO]   critic_update: 0.05311559946655722
2026-09-19 01:33:43,739 [INFO]   actor_update: 0.0186450120620003
2026-09-19 01:33:43,739 [INFO]   target_update: 0.0039767953571156365
2026-09-19 01:33:43,739 [INFO]   _sub_segment_wall_time_seconds: {'buffer_sample': 67.265690934335, 'critic_update': 1061.6218372137228, 'actor_update': 372.6579791798358, 'target_update': 79.48423505795654}
2026-09-19 01:33:43,739 [INFO]   idle_baseline_tail: 0.001754649062396585
2026-09-19 01:33:43,739 [INFO]   _total_kg_co2eq: 0.06265372685149836
2026-09-19 01:33:43,739 [INFO] Training summary: 100 epochs, final cumulative_reward=137650.28, final mean_episode_return=152.21784115074567, episodes completed=1583
