2026-09-18 13:33:39,612 [INFO] === Experiment run: algo=tdmpc2 env=HalfCheetah-v5 seed=14577 ===
2026-09-18 13:33:39,612 [INFO] Run directory: results/tdmpc2/HalfCheetah-v5/seed_14577/20260918_133339
2026-09-18 13:33:39,720 [INFO] Using device: cuda
2026-09-18 13:33:39,810 [INFO] Waiting for thermal baseline before starting...
2026-09-18 13:33:49,820 [INFO] Thermal gate result: {'gated': True, 'reason': 'reached_reference', 'waited_seconds': 9.5367431640625e-06, 'final_temp_c': 43.0, 'final_power_w': 24.913}
2026-09-18 13:33:49,820 [INFO] Settling for 30s (unmeasured)...
2026-09-18 13:34:21,056 [INFO] Recording idle baseline for 90s...
2026-09-18 13:35:54,638 [INFO] Starting warmup: 5000 steps
2026-09-18 13:35:54,800 [INFO] Pretraining world model on seed data: 5000 updates
2026-09-18 13:36:43,521 [INFO] Pretrain burst done: 5000 updates, mean total_loss=0.1081
2026-09-18 13:36:43,521 [INFO] Starting measured training: 100 epochs x 1000 steps = 100000 env steps
2026-09-18 13:40:02,856 [INFO] Epoch 10/100 done (buffer size=15000, cumulative_reward=3555.94, mean_episode_return=870.6097303483823)
2026-09-18 13:43:08,450 [INFO] Epoch 20/100 done (buffer size=25000, cumulative_reward=25718.85, mean_episode_return=2905.7272592060654)
2026-09-18 13:46:21,365 [INFO] Epoch 30/100 done (buffer size=35000, cumulative_reward=57657.14, mean_episode_return=4259.201507731366)
2026-09-18 13:49:36,450 [INFO] Epoch 40/100 done (buffer size=45000, cumulative_reward=101286.79, mean_episode_return=5693.47654621834)
2026-09-18 13:52:56,724 [INFO] Epoch 50/100 done (buffer size=55000, cumulative_reward=161475.46, mean_episode_return=6260.124555900731)
2026-09-18 13:56:17,187 [INFO] Epoch 60/100 done (buffer size=65000, cumulative_reward=228346.41, mean_episode_return=8070.992385661707)
2026-09-18 13:59:37,075 [INFO] Epoch 70/100 done (buffer size=75000, cumulative_reward=291986.10, mean_episode_return=5098.225900351843)
2026-09-18 14:02:42,866 [INFO] Epoch 80/100 done (buffer size=85000, cumulative_reward=376252.85, mean_episode_return=9477.818214691173)
2026-09-18 14:06:03,071 [INFO] Epoch 90/100 done (buffer size=95000, cumulative_reward=460731.81, mean_episode_return=3526.570754810367)
2026-09-18 14:09:23,696 [INFO] Epoch 100/100 done (buffer size=105000, cumulative_reward=555861.94, mean_episode_return=10471.84660797482)
2026-09-18 14:09:23,696 [INFO] Recording idle tail for 90s...
2026-09-18 14:10:53,764 [INFO] Run complete. Segment energy summary (kWh unless noted):
2026-09-18 14:10:53,764 [INFO]   idle_baseline_head: 0.0015752918560516182
2026-09-18 14:10:53,764 [INFO]   warmup: 4.0726278122947025e-06
2026-09-18 14:10:53,764 [INFO]   world_model_pretrain: 0.002215778761006583
2026-09-18 14:10:53,764 [INFO]   rollout: 0.05049711393270166
2026-09-18 14:10:53,764 [INFO]   buffer_sample: 0.002563176395932141
2026-09-18 14:10:53,764 [INFO]   critic_update: 0.031110075440461175
2026-09-18 14:10:53,764 [INFO]   actor_update: 0.01245035923240521
2026-09-18 14:10:53,764 [INFO]   target_update: 0.0016216835713155154
2026-09-18 14:10:53,764 [INFO]   _sub_segment_wall_time_seconds: {'buffer_sample': 56.337656100837194, 'critic_update': 683.7877932308347, 'actor_update': 273.6542275749398, 'target_update': 35.64399683538977}
2026-09-18 14:10:53,764 [INFO]   idle_baseline_tail: 0.00173370464040018
2026-09-18 14:10:53,764 [INFO]   _total_kg_co2eq: 0.03953167242150555
2026-09-18 14:10:53,764 [INFO] Training summary: 100 epochs, final cumulative_reward=555861.94, final mean_episode_return=10471.84660797482, episodes completed=105
