2026-09-13 01:28:18,378 [INFO] === Experiment run: algo=mbpo env=HalfCheetah-v5 seed=331 ===
2026-09-13 01:28:18,378 [INFO] Run directory: results/mbpo/HalfCheetah-v5/seed_331/20260913_012818
2026-09-13 01:28:18,509 [INFO] Using device: cuda
2026-09-13 01:28:18,604 [INFO] Waiting for thermal baseline before starting...
2026-09-13 01:28:28,615 [INFO] Thermal gate result: {'gated': True, 'reason': 'reached_reference', 'waited_seconds': 1.0013580322265625e-05, 'final_temp_c': 40.0, 'final_power_w': 24.338}
2026-09-13 01:28:28,615 [INFO] Settling for 30s (unmeasured)...
2026-09-13 01:28:59,850 [INFO] Recording idle baseline for 90s...
2026-09-13 01:30:33,414 [INFO] Starting warmup: 5000 steps
2026-09-13 01:30:33,571 [INFO] Starting measured training: 100 epochs x 1000 steps = 100000 env steps
2026-09-13 01:31:59,392 [INFO] Epoch 10/100 done (real_buffer=15000, model_buffer=10000, rollout_len=1, cumulative_reward=-2857.44, mean_episode_return=-340.9719892275147)
2026-09-13 01:33:18,303 [INFO] Epoch 20/100 done (real_buffer=25000, model_buffer=10000, rollout_len=1, cumulative_reward=3057.50, mean_episode_return=1523.451522594754)
2026-09-13 01:34:51,605 [INFO] Epoch 30/100 done (real_buffer=35000, model_buffer=10000, rollout_len=1, cumulative_reward=19165.39, mean_episode_return=2087.5049122405444)
2026-09-13 01:37:55,222 [INFO] Epoch 40/100 done (real_buffer=45000, model_buffer=10000, rollout_len=1, cumulative_reward=40357.45, mean_episode_return=2491.5163332558654)
2026-09-13 01:40:59,745 [INFO] Epoch 50/100 done (real_buffer=55000, model_buffer=10000, rollout_len=1, cumulative_reward=64655.49, mean_episode_return=3098.0973168396995)
2026-09-13 01:43:54,629 [INFO] Epoch 60/100 done (real_buffer=65000, model_buffer=10000, rollout_len=1, cumulative_reward=96081.69, mean_episode_return=3556.4072195289073)
2026-09-13 01:46:46,184 [INFO] Epoch 70/100 done (real_buffer=75000, model_buffer=10000, rollout_len=1, cumulative_reward=134035.34, mean_episode_return=4377.475966574531)
2026-09-13 01:50:25,803 [INFO] Epoch 80/100 done (real_buffer=85000, model_buffer=10000, rollout_len=1, cumulative_reward=173849.54, mean_episode_return=4161.208423249513)
2026-09-13 01:54:13,223 [INFO] Epoch 90/100 done (real_buffer=95000, model_buffer=10000, rollout_len=1, cumulative_reward=219750.09, mean_episode_return=4571.25359565954)
2026-09-13 01:59:13,893 [INFO] Epoch 100/100 done (real_buffer=105000, model_buffer=10000, rollout_len=1, cumulative_reward=264658.32, mean_episode_return=5298.860958089208)
2026-09-13 01:59:13,893 [INFO] Recording idle tail for 90s...
2026-09-13 02:00:43,955 [INFO] Run complete. Segment energy summary (kWh unless noted):
2026-09-13 02:00:43,955 [INFO]   idle_baseline_head: 0.001562107573724146
2026-09-13 02:00:43,955 [INFO]   warmup: 3.909972356808426e-06
2026-09-13 02:00:43,955 [INFO]   dynamics_model_update: 0.041994082305017465
2026-09-13 02:00:43,955 [INFO]   rollout: 0.0006551038282040125
2026-09-13 02:00:43,955 [INFO]   synthetic_rollout_generation: 1.1613765643958551e-05
2026-09-13 02:00:43,955 [INFO]   buffer_sample: 0.00037048307779870396
2026-09-13 02:00:43,955 [INFO]   critic_update: 0.005394260371688818
2026-09-13 02:00:43,955 [INFO]   actor_update: 0.00665707776091793
2026-09-13 02:00:43,955 [INFO]   target_update: 0.0005740635001805809
2026-09-13 02:00:43,955 [INFO]   _sub_segment_wall_time_seconds: {'buffer_sample': 11.127938396934042, 'critic_update': 162.02358679872123, 'actor_update': 199.9539403182789, 'target_update': 17.242739678946236}
2026-09-13 02:00:43,955 [INFO]   idle_baseline_tail: 0.0016399502412599853
2026-09-13 02:00:43,955 [INFO]   _total_kg_co2eq: 0.022423739225615708
2026-09-13 02:00:43,955 [INFO] Training summary: 100 epochs, final cumulative_reward=264658.32, final mean_episode_return=5298.860958089208, episodes completed=105
