2026-09-17 15:16:33,936 [INFO] === Experiment run: algo=mbpo env=Ant-v5 seed=14577 ===
2026-09-17 15:16:33,936 [INFO] Run directory: results/mbpo/Ant-v5/seed_14577/20260917_151633
2026-09-17 15:16:34,041 [INFO] Using device: cuda
2026-09-17 15:16:34,130 [INFO] Waiting for thermal baseline before starting...
2026-09-17 15:16:44,142 [INFO] Thermal gate result: {'gated': True, 'reason': 'reached_reference', 'waited_seconds': 1.0728836059570312e-05, 'final_temp_c': 41.0, 'final_power_w': 27.727}
2026-09-17 15:16:44,142 [INFO] Settling for 30s (unmeasured)...
2026-09-17 15:17:15,371 [INFO] Recording idle baseline for 90s...
2026-09-17 15:18:48,905 [INFO] Starting warmup: 5000 steps
2026-09-17 15:18:49,579 [INFO] Starting measured training: 100 epochs x 1000 steps = 100000 env steps
2026-09-17 15:20:10,335 [INFO] Epoch 10/100 done (real_buffer=15000, model_buffer=90000, rollout_len=1, cumulative_reward=-2643.67, mean_episode_return=3.0261167683591976)
2026-09-17 15:22:22,589 [INFO] Epoch 20/100 done (real_buffer=25000, model_buffer=190000, rollout_len=1, cumulative_reward=-3600.46, mean_episode_return=-8.618494613912658)
2026-09-17 15:25:33,509 [INFO] Epoch 30/100 done (real_buffer=35000, model_buffer=250000, rollout_len=4, cumulative_reward=-4824.53, mean_episode_return=-82.42421708067315)
2026-09-17 15:29:10,226 [INFO] Epoch 40/100 done (real_buffer=45000, model_buffer=250000, rollout_len=7, cumulative_reward=-8391.01, mean_episode_return=-63.009731950014746)
2026-09-17 15:32:57,578 [INFO] Epoch 50/100 done (real_buffer=55000, model_buffer=250000, rollout_len=10, cumulative_reward=-8200.59, mean_episode_return=122.12034918756054)
2026-09-17 15:36:36,518 [INFO] Epoch 60/100 done (real_buffer=65000, model_buffer=250000, rollout_len=13, cumulative_reward=-7970.90, mean_episode_return=-211.58677869103155)
2026-09-17 15:38:55,970 [INFO] Epoch 70/100 done (real_buffer=75000, model_buffer=250000, rollout_len=16, cumulative_reward=-8222.73, mean_episode_return=-544.7954005968928)
2026-09-17 15:41:20,560 [INFO] Epoch 80/100 done (real_buffer=85000, model_buffer=250000, rollout_len=19, cumulative_reward=-10909.60, mean_episode_return=-696.9107559374229)
2026-09-17 15:44:08,091 [INFO] Epoch 90/100 done (real_buffer=95000, model_buffer=250000, rollout_len=22, cumulative_reward=-14510.00, mean_episode_return=-566.559833050222)
2026-09-17 15:47:16,876 [INFO] Epoch 100/100 done (real_buffer=105000, model_buffer=250000, rollout_len=25, cumulative_reward=-19939.13, mean_episode_return=-544.693028306947)
2026-09-17 15:47:16,876 [INFO] Recording idle tail for 90s...
2026-09-17 15:48:46,939 [INFO] Run complete. Segment energy summary (kWh unless noted):
2026-09-17 15:48:46,939 [INFO]   idle_baseline_head: 0.0015508536688398186
2026-09-17 15:48:46,939 [INFO]   warmup: 2.088566775718093e-05
2026-09-17 15:48:46,939 [INFO]   dynamics_model_update: 0.04038259215117707
2026-09-17 15:48:46,939 [INFO]   rollout: 0.0011447405458815513
2026-09-17 15:48:46,939 [INFO]   synthetic_rollout_generation: 0.00021860717751949563
2026-09-17 15:48:46,939 [INFO]   buffer_sample: 0.0009745437320862184
2026-09-17 15:48:46,939 [INFO]   critic_update: 0.008429013900567522
2026-09-17 15:48:46,939 [INFO]   actor_update: 0.009842965963177233
2026-09-17 15:48:46,939 [INFO]   target_update: 0.0008143970783908769
2026-09-17 15:48:46,939 [INFO]   _sub_segment_wall_time_seconds: {'buffer_sample': 20.37709646176154, 'critic_update': 176.2453789135834, 'actor_update': 205.81022718409258, 'target_update': 17.02853066329044}
2026-09-17 15:48:46,939 [INFO]   idle_baseline_tail: 0.0016104923699273438
2026-09-17 15:48:46,939 [INFO]   _total_kg_co2eq: 0.024757602783390058
2026-09-17 15:48:46,939 [INFO] Training summary: 100 epochs, final cumulative_reward=-19939.13, final mean_episode_return=-544.693028306947, episodes completed=286
