2026-09-09 00:16:53,750 [INFO] === Experiment run: algo=mbpo env=Ant-v5 seed=43611 ===
2026-09-09 00:16:53,750 [INFO] Run directory: results/mbpo/Ant-v5/seed_43611/20260909_001653
2026-09-09 00:16:53,861 [INFO] Using device: cuda
2026-09-09 00:16:53,939 [INFO] Waiting for thermal baseline before starting...
2026-09-09 00:17:03,950 [INFO] Thermal gate result: {'gated': True, 'reason': 'reached_reference', 'waited_seconds': 9.5367431640625e-06, 'final_temp_c': 43.0, 'final_power_w': 26.945}
2026-09-09 00:17:03,950 [INFO] Settling for 30s (unmeasured)...
2026-09-09 00:17:35,195 [INFO] Recording idle baseline for 90s...
2026-09-09 00:19:08,739 [INFO] Starting warmup: 5000 steps
2026-09-09 00:19:09,410 [INFO] Starting measured training: 100 epochs x 1000 steps = 100000 env steps
2026-09-09 00:20:40,177 [INFO] Epoch 10/100 done (real_buffer=15000, model_buffer=90000, rollout_len=1, cumulative_reward=-3094.18, mean_episode_return=-199.9362046898519)
2026-09-09 00:22:55,370 [INFO] Epoch 20/100 done (real_buffer=25000, model_buffer=190000, rollout_len=1, cumulative_reward=-7069.44, mean_episode_return=-112.00483790736241)
2026-09-09 00:26:05,509 [INFO] Epoch 30/100 done (real_buffer=35000, model_buffer=250000, rollout_len=4, cumulative_reward=-9025.91, mean_episode_return=-133.5364723256151)
2026-09-09 00:30:18,214 [INFO] Epoch 40/100 done (real_buffer=45000, model_buffer=250000, rollout_len=7, cumulative_reward=-16426.01, mean_episode_return=-31.625567427907395)
2026-09-09 00:34:20,236 [INFO] Epoch 50/100 done (real_buffer=55000, model_buffer=250000, rollout_len=10, cumulative_reward=-19055.71, mean_episode_return=24.913864513424983)
2026-09-09 00:38:26,635 [INFO] Epoch 60/100 done (real_buffer=65000, model_buffer=250000, rollout_len=13, cumulative_reward=-31897.22, mean_episode_return=-645.0326582945195)
2026-09-09 00:42:31,793 [INFO] Epoch 70/100 done (real_buffer=75000, model_buffer=250000, rollout_len=16, cumulative_reward=-35350.58, mean_episode_return=162.71332771547233)
2026-09-09 00:47:43,425 [INFO] Epoch 80/100 done (real_buffer=85000, model_buffer=250000, rollout_len=19, cumulative_reward=-37813.44, mean_episode_return=-220.5438705688028)
2026-09-09 00:52:34,740 [INFO] Epoch 90/100 done (real_buffer=95000, model_buffer=250000, rollout_len=22, cumulative_reward=-42138.85, mean_episode_return=-507.27243032888657)
2026-09-09 00:56:23,918 [INFO] Epoch 100/100 done (real_buffer=105000, model_buffer=250000, rollout_len=25, cumulative_reward=-46820.07, mean_episode_return=-574.9382767124276)
2026-09-09 00:56:23,918 [INFO] Recording idle tail for 90s...
2026-09-09 00:57:53,982 [INFO] Run complete. Segment energy summary (kWh unless noted):
2026-09-09 00:57:53,982 [INFO]   idle_baseline_head: 0.001615195753490807
2026-09-09 00:57:53,982 [INFO]   warmup: 2.003445873319568e-05
2026-09-09 00:57:53,982 [INFO]   dynamics_model_update: 0.0576629472975
2026-09-09 00:57:53,982 [INFO]   rollout: 0.0012042356308340219
2026-09-09 00:57:53,982 [INFO]   synthetic_rollout_generation: 0.00020073604989755177
2026-09-09 00:57:53,982 [INFO]   buffer_sample: 0.0006299418944067993
2026-09-09 00:57:53,982 [INFO]   critic_update: 0.006807810017344434
2026-09-09 00:57:53,982 [INFO]   actor_update: 0.008419272676267008
2026-09-09 00:57:53,982 [INFO]   target_update: 0.000714395626803047
2026-09-09 00:57:53,982 [INFO]   _sub_segment_wall_time_seconds: {'buffer_sample': 15.155989624312497, 'critic_update': 163.7914526772729, 'actor_update': 202.56218939989776, 'target_update': 17.18789114300307}
2026-09-09 00:57:53,982 [INFO]   idle_baseline_tail: 0.0016815090585679537
2026-09-09 00:57:53,982 [INFO]   _total_kg_co2eq: 0.030078331674114993
2026-09-09 00:57:53,982 [INFO] Training summary: 100 epochs, final cumulative_reward=-46820.07, final mean_episode_return=-574.9382767124276, episodes completed=274
