2026-09-08 14:53:28,830 [INFO] === Experiment run: algo=sac env=HalfCheetah-v5 seed=14577 ===
2026-09-08 14:53:28,830 [INFO] Run directory: results/sac/HalfCheetah-v5/seed_14577/20260908_145328
2026-09-08 14:53:28,963 [INFO] Using device: cuda
2026-09-08 14:53:29,049 [INFO] Waiting for thermal baseline before starting...
2026-09-08 14:53:39,061 [INFO] Thermal gate result: {'gated': True, 'reason': 'reached_reference', 'waited_seconds': 9.059906005859375e-06, 'final_temp_c': 45.0, 'final_power_w': 26.694}
2026-09-08 14:53:39,061 [INFO] Settling for 30s (unmeasured)...
2026-09-08 14:54:10,302 [INFO] Recording idle baseline for 90s...
2026-09-08 14:55:43,856 [INFO] Starting warmup: 5000 steps
2026-09-08 14:55:44,010 [INFO] Starting measured training: 100 epochs x 1000 steps = 100000 env steps
2026-09-08 14:58:27,293 [INFO] Epoch 10/100 done (buffer size=15000, cumulative_reward=-1015.01, mean_episode_return=322.23849309832605)
2026-09-08 15:01:12,814 [INFO] Epoch 20/100 done (buffer size=25000, cumulative_reward=6779.60, mean_episode_return=919.6484785916666)
2026-09-08 15:04:03,205 [INFO] Epoch 30/100 done (buffer size=35000, cumulative_reward=19342.86, mean_episode_return=1592.3275534619838)
2026-09-08 15:06:52,017 [INFO] Epoch 40/100 done (buffer size=45000, cumulative_reward=42251.45, mean_episode_return=2875.8730177858197)
2026-09-08 15:09:33,242 [INFO] Epoch 50/100 done (buffer size=55000, cumulative_reward=72545.52, mean_episode_return=2998.9362759274422)
2026-09-08 15:12:12,850 [INFO] Epoch 60/100 done (buffer size=65000, cumulative_reward=106280.92, mean_episode_return=3743.010113761648)
2026-09-08 15:14:53,076 [INFO] Epoch 70/100 done (buffer size=75000, cumulative_reward=143501.75, mean_episode_return=4056.1424256893933)
2026-09-08 15:17:33,225 [INFO] Epoch 80/100 done (buffer size=85000, cumulative_reward=180890.94, mean_episode_return=3732.2244178412056)
2026-09-08 15:20:18,306 [INFO] Epoch 90/100 done (buffer size=95000, cumulative_reward=222991.06, mean_episode_return=4324.585077232699)
2026-09-08 15:23:07,358 [INFO] Epoch 100/100 done (buffer size=105000, cumulative_reward=266351.59, mean_episode_return=4619.710851921534)
2026-09-08 15:23:07,358 [INFO] Recording idle tail for 90s...
2026-09-08 15:24:37,421 [INFO] Run complete. Segment energy summary (kWh unless noted):
2026-09-08 15:24:37,421 [INFO]   idle_baseline_head: 0.0016043065103583066
2026-09-08 15:24:37,421 [INFO]   warmup: 5.554222747964016e-06
2026-09-08 15:24:37,421 [INFO]   rollout: 0.0007053524507163161
2026-09-08 15:24:37,421 [INFO]   buffer_sample: 0.0016741693675586288
2026-09-08 15:24:37,421 [INFO]   critic_update: 0.027282702438589716
2026-09-08 15:24:37,421 [INFO]   actor_update: 0.03278448522841517
2026-09-08 15:24:37,421 [INFO]   target_update: 0.0027858816826465487
2026-09-08 15:24:37,421 [INFO]   _sub_segment_wall_time_seconds: {'buffer_sample': 40.999472442434126, 'critic_update': 668.1381397016376, 'actor_update': 802.8737263434159, 'target_update': 68.22468591819415}
2026-09-08 15:24:37,421 [INFO]   idle_baseline_tail: 0.0016979860734552266
2026-09-08 15:24:37,421 [INFO]   _total_kg_co2eq: 0.02611049222048272
2026-09-08 15:24:37,421 [INFO] Training summary: 100 epochs, final cumulative_reward=266351.59, final mean_episode_return=4619.710851921534, episodes completed=105
