2026-09-10 13:12:42,174 [INFO] === Experiment run: algo=tdmpc2 env=HalfCheetah-v5 seed=958 ===
2026-09-10 13:12:42,174 [INFO] Run directory: results/tdmpc2/HalfCheetah-v5/seed_958/20260910_131242
2026-09-10 13:12:42,305 [INFO] Using device: cuda
2026-09-10 13:12:42,396 [INFO] Waiting for thermal baseline before starting...
2026-09-10 13:12:52,407 [INFO] Thermal gate result: {'gated': True, 'reason': 'reached_reference', 'waited_seconds': 1.0251998901367188e-05, 'final_temp_c': 43.0, 'final_power_w': 26.404}
2026-09-10 13:12:52,407 [INFO] Settling for 30s (unmeasured)...
2026-09-10 13:13:23,643 [INFO] Recording idle baseline for 90s...
2026-09-10 13:14:57,202 [INFO] Starting warmup: 5000 steps
2026-09-10 13:14:57,361 [INFO] Pretraining world model on seed data: 5000 updates
2026-09-10 13:15:55,969 [INFO] Pretrain burst done: 5000 updates, mean total_loss=0.1146
2026-09-10 13:15:55,969 [INFO] Starting measured training: 100 epochs x 1000 steps = 100000 env steps
2026-09-10 13:19:46,186 [INFO] Epoch 10/100 done (buffer size=15000, cumulative_reward=5996.78, mean_episode_return=1382.1280080987387)
2026-09-10 13:23:30,989 [INFO] Epoch 20/100 done (buffer size=25000, cumulative_reward=19829.35, mean_episode_return=2564.4009696512558)
2026-09-10 13:27:17,898 [INFO] Epoch 30/100 done (buffer size=35000, cumulative_reward=39694.66, mean_episode_return=2663.9849113377377)
2026-09-10 13:30:54,485 [INFO] Epoch 40/100 done (buffer size=45000, cumulative_reward=70857.15, mean_episode_return=4270.797176364116)
2026-09-10 13:34:31,747 [INFO] Epoch 50/100 done (buffer size=55000, cumulative_reward=104787.69, mean_episode_return=4478.157300581624)
2026-09-10 13:38:15,377 [INFO] Epoch 60/100 done (buffer size=65000, cumulative_reward=156614.95, mean_episode_return=6805.734284097873)
2026-09-10 13:42:11,359 [INFO] Epoch 70/100 done (buffer size=75000, cumulative_reward=220203.80, mean_episode_return=5077.493656735349)
2026-09-10 13:46:07,281 [INFO] Epoch 80/100 done (buffer size=85000, cumulative_reward=294349.72, mean_episode_return=7394.375246616754)
2026-09-10 13:50:03,587 [INFO] Epoch 90/100 done (buffer size=95000, cumulative_reward=365777.73, mean_episode_return=8509.794787340752)
2026-09-10 13:53:52,794 [INFO] Epoch 100/100 done (buffer size=105000, cumulative_reward=444780.94, mean_episode_return=9240.335286078462)
2026-09-10 13:53:52,794 [INFO] Recording idle tail for 90s...
2026-09-10 13:55:22,866 [INFO] Run complete. Segment energy summary (kWh unless noted):
2026-09-10 13:55:22,866 [INFO]   idle_baseline_head: 0.0016394263468620595
2026-09-10 13:55:22,866 [INFO]   warmup: 5.36362514365861e-06
2026-09-10 13:55:22,866 [INFO]   world_model_pretrain: 0.0028972146470956253
2026-09-10 13:55:22,866 [INFO]   rollout: 0.05936210167959749
2026-09-10 13:55:22,866 [INFO]   buffer_sample: 0.002792946843908026
2026-09-10 13:55:22,866 [INFO]   critic_update: 0.04025890861994116
2026-09-10 13:55:22,866 [INFO]   actor_update: 0.015516719575930519
2026-09-10 13:55:22,866 [INFO]   target_update: 0.002803468792365431
2026-09-10 13:55:22,866 [INFO]   _sub_segment_wall_time_seconds: {'buffer_sample': 56.65574224392458, 'critic_update': 816.6637165931725, 'actor_update': 314.76118733970725, 'target_update': 56.86918304069695}
2026-09-10 13:55:22,866 [INFO]   idle_baseline_tail: 0.0018037094428142997
2026-09-10 13:55:22,866 [INFO]   _total_kg_co2eq: 0.048411086614456984
2026-09-10 13:55:22,866 [INFO] Training summary: 100 epochs, final cumulative_reward=444780.94, final mean_episode_return=9240.335286078462, episodes completed=105
