2026-09-13 11:29:02,872 [INFO] === Experiment run: algo=td3 env=Ant-v5 seed=331 ===
2026-09-13 11:29:02,872 [INFO] Run directory: results/td3/Ant-v5/seed_331/20260913_112902
2026-09-13 11:29:02,994 [INFO] Using device: cuda
2026-09-13 11:29:03,084 [INFO] Waiting for thermal baseline before starting...
2026-09-13 11:29:13,095 [INFO] Thermal gate result: {'gated': True, 'reason': 'reached_reference', 'waited_seconds': 1.0251998901367188e-05, 'final_temp_c': 43.0, 'final_power_w': 24.445}
2026-09-13 11:29:13,095 [INFO] Settling for 30s (unmeasured)...
2026-09-13 11:29:44,331 [INFO] Recording idle baseline for 90s...
2026-09-13 11:31:17,912 [INFO] Starting warmup: 10000 steps
2026-09-13 11:31:19,248 [INFO] Starting measured training: 100 epochs x 1000 steps = 100000 env steps
2026-09-13 11:31:43,521 [INFO] Epoch 10/100 done (buffer size=20000, cumulative_reward=3241.47, mean_episode_return=-11.383700847806331)
2026-09-13 11:32:07,478 [INFO] Epoch 20/100 done (buffer size=30000, cumulative_reward=5847.89, mean_episode_return=424.3348255833219)
2026-09-13 11:32:30,828 [INFO] Epoch 30/100 done (buffer size=40000, cumulative_reward=10892.11, mean_episode_return=244.54580733233712)
2026-09-13 11:32:52,707 [INFO] Epoch 40/100 done (buffer size=50000, cumulative_reward=16590.00, mean_episode_return=505.377782343934)
2026-09-13 11:33:13,491 [INFO] Epoch 50/100 done (buffer size=60000, cumulative_reward=23890.75, mean_episode_return=90.66271396964414)
2026-09-13 11:33:34,439 [INFO] Epoch 60/100 done (buffer size=70000, cumulative_reward=30637.03, mean_episode_return=523.8464276510496)
2026-09-13 11:33:55,331 [INFO] Epoch 70/100 done (buffer size=80000, cumulative_reward=38786.49, mean_episode_return=354.6559216744279)
2026-09-13 11:34:16,110 [INFO] Epoch 80/100 done (buffer size=90000, cumulative_reward=48161.10, mean_episode_return=607.6133220511273)
2026-09-13 11:34:36,891 [INFO] Epoch 90/100 done (buffer size=100000, cumulative_reward=58204.13, mean_episode_return=814.6822322615765)
2026-09-13 11:34:57,859 [INFO] Epoch 100/100 done (buffer size=110000, cumulative_reward=68268.96, mean_episode_return=355.3436577738746)
2026-09-13 11:34:57,859 [INFO] Recording idle tail for 90s...
2026-09-13 11:36:27,920 [INFO] Run complete. Segment energy summary (kWh unless noted):
2026-09-13 11:36:27,920 [INFO]   idle_baseline_head: 0.001582808060219225
2026-09-13 11:36:27,920 [INFO]   warmup: 4.078242883509705e-05
2026-09-13 11:36:27,920 [INFO]   rollout: 0.0007657215065634238
2026-09-13 11:36:27,920 [INFO]   buffer_sample: 0.0003122239848395954
2026-09-13 11:36:27,920 [INFO]   critic_update: 0.004161799695694273
2026-09-13 11:36:27,920 [INFO]   actor_update: 0.001149587121370466
2026-09-13 11:36:27,920 [INFO]   target_update: 0.0003733278480693536
2026-09-13 11:36:27,920 [INFO]   _sub_segment_wall_time_seconds: {'buffer_sample': 9.69643696444109, 'critic_update': 129.24896986585372, 'actor_update': 35.7016103782953, 'target_update': 11.594080280970957}
2026-09-13 11:36:27,920 [INFO]   idle_baseline_tail: 0.0017792407247868552
2026-09-13 11:36:27,920 [INFO]   _total_kg_co2eq: 0.0038725535121493814
2026-09-13 11:36:27,920 [INFO] Training summary: 100 epochs, final cumulative_reward=68268.96, final mean_episode_return=355.3436577738746, episodes completed=270
