2026-09-14 14:47:02,055 [INFO] === Experiment run: algo=mbpo env=HalfCheetah-v5 seed=43611 ===
2026-09-14 14:47:02,055 [INFO] Run directory: results/mbpo/HalfCheetah-v5/seed_43611/20260914_144702
2026-09-14 14:47:02,159 [INFO] Using device: cuda
2026-09-14 14:47:02,255 [INFO] Waiting for thermal baseline before starting...
2026-09-14 14:47:12,269 [INFO] Thermal gate result: {'gated': True, 'reason': 'reached_reference', 'waited_seconds': 9.775161743164062e-06, 'final_temp_c': 41.0, 'final_power_w': 23.948}
2026-09-14 14:47:12,269 [INFO] Settling for 30s (unmeasured)...
2026-09-14 14:47:43,509 [INFO] Recording idle baseline for 90s...
2026-09-14 14:49:17,083 [INFO] Starting warmup: 5000 steps
2026-09-14 14:49:17,239 [INFO] Starting measured training: 100 epochs x 1000 steps = 100000 env steps
2026-09-14 14:51:26,306 [INFO] Epoch 10/100 done (real_buffer=15000, model_buffer=10000, rollout_len=1, cumulative_reward=-1262.97, mean_episode_return=311.7039904999271)
2026-09-14 14:53:17,622 [INFO] Epoch 20/100 done (real_buffer=25000, model_buffer=10000, rollout_len=1, cumulative_reward=12525.34, mean_episode_return=1704.620610457314)
2026-09-14 14:55:26,969 [INFO] Epoch 30/100 done (real_buffer=35000, model_buffer=10000, rollout_len=1, cumulative_reward=36874.21, mean_episode_return=3158.9743343414084)
2026-09-14 14:58:12,609 [INFO] Epoch 40/100 done (real_buffer=45000, model_buffer=10000, rollout_len=1, cumulative_reward=68907.99, mean_episode_return=3524.264996838838)
2026-09-14 15:04:31,996 [INFO] Epoch 50/100 done (real_buffer=55000, model_buffer=10000, rollout_len=1, cumulative_reward=105719.53, mean_episode_return=3156.6650784669246)
2026-09-14 15:07:52,483 [INFO] Epoch 60/100 done (real_buffer=65000, model_buffer=10000, rollout_len=1, cumulative_reward=144178.19, mean_episode_return=3952.119830022085)
2026-09-14 15:11:01,527 [INFO] Epoch 70/100 done (real_buffer=75000, model_buffer=10000, rollout_len=1, cumulative_reward=186900.68, mean_episode_return=4491.116826155421)
2026-09-14 15:15:29,558 [INFO] Epoch 80/100 done (real_buffer=85000, model_buffer=10000, rollout_len=1, cumulative_reward=232149.85, mean_episode_return=4603.134869665464)
2026-09-14 15:19:58,830 [INFO] Epoch 90/100 done (real_buffer=95000, model_buffer=10000, rollout_len=1, cumulative_reward=279235.71, mean_episode_return=4876.114197451096)
2026-09-14 15:25:57,818 [INFO] Epoch 100/100 done (real_buffer=105000, model_buffer=10000, rollout_len=1, cumulative_reward=328524.76, mean_episode_return=5054.712075618115)
2026-09-14 15:25:57,818 [INFO] Recording idle tail for 90s...
2026-09-14 15:27:27,882 [INFO] Run complete. Segment energy summary (kWh unless noted):
2026-09-14 15:27:27,882 [INFO]   idle_baseline_head: 0.001586773456831882
2026-09-14 15:27:27,882 [INFO]   warmup: 5.534873702271086e-06
2026-09-14 15:27:27,882 [INFO]   dynamics_model_update: 0.04353831808688027
2026-09-14 15:27:27,882 [INFO]   rollout: 0.0006678460826860205
2026-09-14 15:27:27,882 [INFO]   synthetic_rollout_generation: 2.0971202901931205e-05
2026-09-14 15:27:27,882 [INFO]   buffer_sample: 0.0009181844527768205
2026-09-14 15:27:27,882 [INFO]   critic_update: 0.013434247589643584
2026-09-14 15:27:27,882 [INFO]   actor_update: 0.016307421941311424
2026-09-14 15:27:27,882 [INFO]   target_update: 0.0014057123264511902
2026-09-14 15:27:27,882 [INFO]   _sub_segment_wall_time_seconds: {'buffer_sample': 22.57436819459508, 'critic_update': 330.2927321289335, 'actor_update': 400.93223762879643, 'target_update': 34.56066756197106}
2026-09-14 15:27:27,882 [INFO]   idle_baseline_tail: 0.0016329195163572036
2026-09-14 15:27:27,882 [INFO]   _total_kg_co2eq: 0.030292367859845924
2026-09-14 15:27:27,882 [INFO] Training summary: 100 epochs, final cumulative_reward=328524.76, final mean_episode_return=5054.712075618115, episodes completed=105
