2026-09-18 01:10:55,225 [INFO] === Experiment run: algo=mbpo env=Ant-v5 seed=331 ===
2026-09-18 01:10:55,225 [INFO] Run directory: results/mbpo/Ant-v5/seed_331/20260918_011055
2026-09-18 01:10:55,340 [INFO] Using device: cuda
2026-09-18 01:10:55,427 [INFO] Waiting for thermal baseline before starting...
2026-09-18 01:11:05,438 [INFO] Thermal gate result: {'gated': True, 'reason': 'reached_reference', 'waited_seconds': 9.775161743164062e-06, 'final_temp_c': 40.0, 'final_power_w': 24.83}
2026-09-18 01:11:05,438 [INFO] Settling for 30s (unmeasured)...
2026-09-18 01:11:36,675 [INFO] Recording idle baseline for 90s...
2026-09-18 01:13:10,220 [INFO] Starting warmup: 5000 steps
2026-09-18 01:13:10,884 [INFO] Starting measured training: 100 epochs x 1000 steps = 100000 env steps
2026-09-18 01:14:55,124 [INFO] Epoch 10/100 done (real_buffer=15000, model_buffer=90000, rollout_len=1, cumulative_reward=-3897.24, mean_episode_return=-50.831293785686576)
2026-09-18 01:16:43,279 [INFO] Epoch 20/100 done (real_buffer=25000, model_buffer=150000, rollout_len=1, cumulative_reward=-8438.75, mean_episode_return=-290.8667590924399)
2026-09-18 01:18:56,964 [INFO] Epoch 30/100 done (real_buffer=35000, model_buffer=150000, rollout_len=3, cumulative_reward=-13862.43, mean_episode_return=-210.24483378916233)
2026-09-18 01:22:36,423 [INFO] Epoch 40/100 done (real_buffer=45000, model_buffer=150000, rollout_len=4, cumulative_reward=-25476.07, mean_episode_return=-276.7086326197853)
2026-09-18 01:26:24,910 [INFO] Epoch 50/100 done (real_buffer=55000, model_buffer=150000, rollout_len=6, cumulative_reward=-31406.44, mean_episode_return=-138.65120197565457)
2026-09-18 01:30:49,942 [INFO] Epoch 60/100 done (real_buffer=65000, model_buffer=150000, rollout_len=8, cumulative_reward=-33590.22, mean_episode_return=-380.77330400429526)
2026-09-18 01:35:12,817 [INFO] Epoch 70/100 done (real_buffer=75000, model_buffer=150000, rollout_len=10, cumulative_reward=-35180.98, mean_episode_return=22.2546360302889)
2026-09-18 01:39:30,140 [INFO] Epoch 80/100 done (real_buffer=85000, model_buffer=150000, rollout_len=11, cumulative_reward=-39558.49, mean_episode_return=11.43449861631233)
2026-09-18 01:43:49,358 [INFO] Epoch 90/100 done (real_buffer=95000, model_buffer=150000, rollout_len=13, cumulative_reward=-42390.66, mean_episode_return=183.15200035284093)
2026-09-18 01:47:42,442 [INFO] Epoch 100/100 done (real_buffer=105000, model_buffer=150000, rollout_len=15, cumulative_reward=-50164.35, mean_episode_return=-707.2372898920993)
2026-09-18 01:47:42,442 [INFO] Recording idle tail for 90s...
2026-09-18 01:49:12,507 [INFO] Run complete. Segment energy summary (kWh unless noted):
2026-09-18 01:49:12,508 [INFO]   idle_baseline_head: 0.001567610945759997
2026-09-18 01:49:12,508 [INFO]   warmup: 2.0995753550020558e-05
2026-09-18 01:49:12,508 [INFO]   dynamics_model_update: 0.05296787772770276
2026-09-18 01:49:12,508 [INFO]   rollout: 0.0011618272010104692
2026-09-18 01:49:12,508 [INFO]   synthetic_rollout_generation: 0.00013704385143343146
2026-09-18 01:49:12,508 [INFO]   buffer_sample: 0.0006211728330696681
2026-09-18 01:49:12,508 [INFO]   critic_update: 0.006931925850086169
2026-09-18 01:49:12,508 [INFO]   actor_update: 0.008336314931312757
2026-09-18 01:49:12,508 [INFO]   target_update: 0.0006985680190861982
2026-09-18 01:49:12,508 [INFO]   _sub_segment_wall_time_seconds: {'buffer_sample': 15.15681073237647, 'critic_update': 169.1411512660925, 'actor_update': 203.40868256422982, 'target_update': 17.045277393503056}
2026-09-18 01:49:12,508 [INFO]   idle_baseline_tail: 0.001601561964710535
2026-09-18 01:49:12,508 [INFO]   _total_kg_co2eq: 0.028207421759419565
2026-09-18 01:49:12,508 [INFO] Training summary: 100 epochs, final cumulative_reward=-50164.35, final mean_episode_return=-707.2372898920993, episodes completed=340
