2026-09-15 21:09:14,209 [INFO] === Experiment run: algo=td3 env=HalfCheetah-v5 seed=14577 ===
2026-09-15 21:09:14,209 [INFO] Run directory: results/td3/HalfCheetah-v5/seed_14577/20260915_210914
2026-09-15 21:09:14,342 [INFO] Using device: cuda
2026-09-15 21:09:14,440 [INFO] Waiting for thermal baseline before starting...
2026-09-15 21:09:24,452 [INFO] Thermal gate result: {'gated': True, 'reason': 'reached_reference', 'waited_seconds': 1.1682510375976562e-05, 'final_temp_c': 45.0, 'final_power_w': 28.068}
2026-09-15 21:09:24,452 [INFO] Settling for 30s (unmeasured)...
2026-09-15 21:09:55,700 [INFO] Recording idle baseline for 90s...
2026-09-15 21:11:29,277 [INFO] Starting warmup: 10000 steps
2026-09-15 21:11:29,583 [INFO] Starting measured training: 100 epochs x 1000 steps = 100000 env steps
2026-09-15 21:11:53,504 [INFO] Epoch 10/100 done (buffer size=20000, cumulative_reward=-2574.56, mean_episode_return=-86.80527272421206)
2026-09-15 21:12:17,101 [INFO] Epoch 20/100 done (buffer size=30000, cumulative_reward=258.32, mean_episode_return=766.6028363430696)
2026-09-15 21:12:40,696 [INFO] Epoch 30/100 done (buffer size=40000, cumulative_reward=11698.80, mean_episode_return=1476.4711338142513)
2026-09-15 21:13:02,024 [INFO] Epoch 40/100 done (buffer size=50000, cumulative_reward=26925.10, mean_episode_return=1316.1543985767871)
2026-09-15 21:13:25,577 [INFO] Epoch 50/100 done (buffer size=60000, cumulative_reward=49426.59, mean_episode_return=2759.689496411616)
2026-09-15 21:13:49,553 [INFO] Epoch 60/100 done (buffer size=70000, cumulative_reward=74843.25, mean_episode_return=239.67834938520835)
2026-09-15 21:14:13,657 [INFO] Epoch 70/100 done (buffer size=80000, cumulative_reward=102462.32, mean_episode_return=3418.5395200824623)
2026-09-15 21:14:37,890 [INFO] Epoch 80/100 done (buffer size=90000, cumulative_reward=137580.52, mean_episode_return=4364.602383783092)
2026-09-15 21:15:02,106 [INFO] Epoch 90/100 done (buffer size=100000, cumulative_reward=175853.76, mean_episode_return=4254.460686132781)
2026-09-15 21:15:26,514 [INFO] Epoch 100/100 done (buffer size=110000, cumulative_reward=223677.39, mean_episode_return=4955.1802639373855)
2026-09-15 21:15:26,514 [INFO] Recording idle tail for 90s...
2026-09-15 21:16:56,576 [INFO] Run complete. Segment energy summary (kWh unless noted):
2026-09-15 21:16:56,576 [INFO]   idle_baseline_head: 0.0015908481527448788
2026-09-15 21:16:56,576 [INFO]   warmup: 9.369075327321594e-06
2026-09-15 21:16:56,576 [INFO]   rollout: 0.0004769406584819902
2026-09-15 21:16:56,576 [INFO]   buffer_sample: 0.000918887517898863
2026-09-15 21:16:56,576 [INFO]   critic_update: 0.009023297531434151
2026-09-15 21:16:56,576 [INFO]   actor_update: 0.002418715660855501
2026-09-15 21:16:56,576 [INFO]   target_update: 0.0007164402272806721
2026-09-15 21:16:56,576 [INFO]   _sub_segment_wall_time_seconds: {'buffer_sample': 14.804942382368608, 'critic_update': 145.3816679949232, 'actor_update': 38.969890547843534, 'target_update': 11.543149818331585}
2026-09-15 21:16:56,576 [INFO]   idle_baseline_tail: 0.0017624607883051525
2026-09-15 21:16:56,576 [INFO]   _total_kg_co2eq: 0.006444527719777169
2026-09-15 21:16:56,576 [INFO] Training summary: 100 epochs, final cumulative_reward=223677.39, final mean_episode_return=4955.1802639373855, episodes completed=110
