2026-09-17 20:19:51,921 [INFO] === Experiment run: algo=td3 env=Ant-v5 seed=958 ===
2026-09-17 20:19:51,921 [INFO] Run directory: results/td3/Ant-v5/seed_958/20260917_201951
2026-09-17 20:19:52,052 [INFO] Using device: cuda
2026-09-17 20:19:52,144 [INFO] Waiting for thermal baseline before starting...
2026-09-17 20:20:02,155 [INFO] Thermal gate result: {'gated': True, 'reason': 'reached_reference', 'waited_seconds': 1.0251998901367188e-05, 'final_temp_c': 44.0, 'final_power_w': 28.929}
2026-09-17 20:20:02,155 [INFO] Settling for 30s (unmeasured)...
2026-09-17 20:20:33,388 [INFO] Recording idle baseline for 90s...
2026-09-17 20:22:06,950 [INFO] Starting warmup: 10000 steps
2026-09-17 20:22:08,285 [INFO] Starting measured training: 100 epochs x 1000 steps = 100000 env steps
2026-09-17 20:22:30,672 [INFO] Epoch 10/100 done (buffer size=20000, cumulative_reward=4854.69, mean_episode_return=79.66209687869646)
2026-09-17 20:22:52,835 [INFO] Epoch 20/100 done (buffer size=30000, cumulative_reward=8572.54, mean_episode_return=85.16878770321445)
2026-09-17 20:23:15,009 [INFO] Epoch 30/100 done (buffer size=40000, cumulative_reward=13609.03, mean_episode_return=159.8029053140037)
2026-09-17 20:23:37,225 [INFO] Epoch 40/100 done (buffer size=50000, cumulative_reward=18250.57, mean_episode_return=78.33233667203663)
2026-09-17 20:23:59,402 [INFO] Epoch 50/100 done (buffer size=60000, cumulative_reward=23266.14, mean_episode_return=338.3183337916732)
2026-09-17 20:24:21,599 [INFO] Epoch 60/100 done (buffer size=70000, cumulative_reward=29130.65, mean_episode_return=429.63282869715147)
2026-09-17 20:24:43,871 [INFO] Epoch 70/100 done (buffer size=80000, cumulative_reward=35291.32, mean_episode_return=22.269699999674167)
2026-09-17 20:25:06,199 [INFO] Epoch 80/100 done (buffer size=90000, cumulative_reward=41527.64, mean_episode_return=385.583177843461)
2026-09-17 20:25:28,535 [INFO] Epoch 90/100 done (buffer size=100000, cumulative_reward=48023.62, mean_episode_return=190.93648559405003)
2026-09-17 20:25:53,224 [INFO] Epoch 100/100 done (buffer size=110000, cumulative_reward=54999.15, mean_episode_return=679.5380732992095)
2026-09-17 20:25:53,224 [INFO] Recording idle tail for 90s...
2026-09-17 20:27:23,287 [INFO] Run complete. Segment energy summary (kWh unless noted):
2026-09-17 20:27:23,287 [INFO]   idle_baseline_head: 0.001622136805352381
2026-09-17 20:27:23,287 [INFO]   warmup: 4.134012696997919e-05
2026-09-17 20:27:23,287 [INFO]   rollout: 0.0008633039527992591
2026-09-17 20:27:23,287 [INFO]   buffer_sample: 0.0005950772476866347
2026-09-17 20:27:23,287 [INFO]   critic_update: 0.0060819442534860955
2026-09-17 20:27:23,287 [INFO]   actor_update: 0.0016999296042952497
2026-09-17 20:27:23,287 [INFO]   target_update: 0.000556715314079757
2026-09-17 20:27:23,287 [INFO]   _sub_segment_wall_time_seconds: {'buffer_sample': 12.25227410151274, 'critic_update': 125.22348712460371, 'actor_update': 35.000503793533426, 'target_update': 11.462425510522735}
2026-09-17 20:27:23,287 [INFO]   idle_baseline_tail: 0.00172210215763147
2026-09-17 20:27:23,287 [INFO]   _total_kg_co2eq: 0.00502190854246278
2026-09-17 20:27:23,287 [INFO] Training summary: 100 epochs, final cumulative_reward=54999.15, final mean_episode_return=679.5380732992095, episodes completed=331
