2026-09-15 00:15:58,119 [INFO] === Experiment run: algo=mbpo env=Ant-v5 seed=331 ===
2026-09-15 00:15:58,119 [INFO] Run directory: results/mbpo/Ant-v5/seed_331/20260915_001558
2026-09-15 00:15:58,246 [INFO] Using device: cuda
2026-09-15 00:15:58,347 [INFO] Waiting for thermal baseline before starting...
2026-09-15 00:16:08,358 [INFO] Thermal gate result: {'gated': True, 'reason': 'reached_reference', 'waited_seconds': 1.1444091796875e-05, 'final_temp_c': 41.0, 'final_power_w': 23.921}
2026-09-15 00:16:08,358 [INFO] Settling for 30s (unmeasured)...
2026-09-15 00:16:39,609 [INFO] Recording idle baseline for 90s...
2026-09-15 00:18:13,178 [INFO] Starting warmup: 5000 steps
2026-09-15 00:18:13,843 [INFO] Starting measured training: 100 epochs x 1000 steps = 100000 env steps
2026-09-15 00:21:52,142 [INFO] Epoch 10/100 done (real_buffer=15000, model_buffer=90000, rollout_len=1, cumulative_reward=-5942.46, mean_episode_return=-122.33092956159358)
2026-09-15 00:26:03,908 [INFO] Epoch 20/100 done (real_buffer=25000, model_buffer=190000, rollout_len=1, cumulative_reward=-10396.98, mean_episode_return=-31.595771274173376)
2026-09-15 00:30:46,927 [INFO] Epoch 30/100 done (real_buffer=35000, model_buffer=250000, rollout_len=4, cumulative_reward=-16696.35, mean_episode_return=-1069.145226841612)
2026-09-15 00:36:50,239 [INFO] Epoch 40/100 done (real_buffer=45000, model_buffer=250000, rollout_len=7, cumulative_reward=-24329.66, mean_episode_return=-417.85567656347325)
2026-09-15 00:42:58,882 [INFO] Epoch 50/100 done (real_buffer=55000, model_buffer=250000, rollout_len=10, cumulative_reward=-25746.24, mean_episode_return=-116.91117339988277)
2026-09-15 00:49:03,766 [INFO] Epoch 60/100 done (real_buffer=65000, model_buffer=250000, rollout_len=13, cumulative_reward=-30821.31, mean_episode_return=-195.1446194946723)
2026-09-15 00:55:15,763 [INFO] Epoch 70/100 done (real_buffer=75000, model_buffer=250000, rollout_len=16, cumulative_reward=-36756.08, mean_episode_return=-965.121318851367)
2026-09-15 01:01:44,211 [INFO] Epoch 80/100 done (real_buffer=85000, model_buffer=250000, rollout_len=19, cumulative_reward=-38481.50, mean_episode_return=-312.01158718116466)
2026-09-15 01:08:03,559 [INFO] Epoch 90/100 done (real_buffer=95000, model_buffer=250000, rollout_len=22, cumulative_reward=-42760.21, mean_episode_return=-29.14569079816338)
2026-09-15 01:13:23,845 [INFO] Epoch 100/100 done (real_buffer=105000, model_buffer=250000, rollout_len=25, cumulative_reward=-46946.32, mean_episode_return=29.285106051382595)
2026-09-15 01:13:23,845 [INFO] Recording idle tail for 90s...
2026-09-15 01:14:53,910 [INFO] Run complete. Segment energy summary (kWh unless noted):
2026-09-15 01:14:53,910 [INFO]   idle_baseline_head: 0.0015855427904664823
2026-09-15 01:14:53,910 [INFO]   warmup: 2.1338889755325927e-05
2026-09-15 01:14:53,910 [INFO]   dynamics_model_update: 0.051516135116401844
2026-09-15 01:14:53,910 [INFO]   rollout: 0.0011692158228496946
2026-09-15 01:14:53,910 [INFO]   synthetic_rollout_generation: 0.00020873802459535178
2026-09-15 01:14:53,910 [INFO]   buffer_sample: 0.002455792967495733
2026-09-15 01:14:53,910 [INFO]   critic_update: 0.026966162442259623
2026-09-15 01:14:53,910 [INFO]   actor_update: 0.03295782193746748
2026-09-15 01:14:53,910 [INFO]   target_update: 0.002793690125494185
2026-09-15 01:14:53,910 [INFO]   _sub_segment_wall_time_seconds: {'buffer_sample': 60.632482978158805, 'critic_update': 665.7830716625394, 'actor_update': 813.7145940516493, 'target_update': 68.97501997206564}
2026-09-15 01:14:53,910 [INFO]   idle_baseline_tail: 0.0016622593593346863
2026-09-15 01:14:53,910 [INFO]   _total_kg_co2eq: 0.046223226108614006
2026-09-15 01:14:53,910 [INFO] Training summary: 100 epochs, final cumulative_reward=-46946.32, final mean_episode_return=29.285106051382595, episodes completed=363
