2026-09-08 21:52:22,232 [INFO] === Experiment run: algo=mbpo env=HalfCheetah-v5 seed=85062 ===
2026-09-08 21:52:22,232 [INFO] Run directory: results/mbpo/HalfCheetah-v5/seed_85062/20260908_215222
2026-09-08 21:52:22,365 [INFO] Using device: cuda
2026-09-08 21:52:22,447 [INFO] Waiting for thermal baseline before starting...
2026-09-08 21:52:42,459 [INFO] Thermal gate result: {'gated': True, 'reason': 'reached_reference', 'waited_seconds': 1.049041748046875e-05, 'final_temp_c': 43.0, 'final_power_w': 25.914}
2026-09-08 21:52:42,459 [INFO] Settling for 30s (unmeasured)...
2026-09-08 21:53:13,706 [INFO] Recording idle baseline for 90s...
2026-09-08 21:54:47,268 [INFO] Starting warmup: 5000 steps
2026-09-08 21:54:47,422 [INFO] Starting measured training: 100 epochs x 1000 steps = 100000 env steps
2026-09-08 21:56:20,145 [INFO] Epoch 10/100 done (real_buffer=15000, model_buffer=10000, rollout_len=1, cumulative_reward=-2456.02, mean_episode_return=-462.2142714223198)
2026-09-08 21:57:31,410 [INFO] Epoch 20/100 done (real_buffer=25000, model_buffer=10000, rollout_len=1, cumulative_reward=5585.69, mean_episode_return=1812.684216988086)
2026-09-08 21:59:02,058 [INFO] Epoch 30/100 done (real_buffer=35000, model_buffer=10000, rollout_len=1, cumulative_reward=21922.13, mean_episode_return=2610.6939871611744)
2026-09-08 22:03:51,035 [INFO] Epoch 40/100 done (real_buffer=45000, model_buffer=10000, rollout_len=1, cumulative_reward=46981.25, mean_episode_return=694.1003171020249)
2026-09-08 22:07:08,386 [INFO] Epoch 50/100 done (real_buffer=55000, model_buffer=10000, rollout_len=1, cumulative_reward=80726.71, mean_episode_return=3258.975191643941)
2026-09-08 22:09:46,626 [INFO] Epoch 60/100 done (real_buffer=65000, model_buffer=10000, rollout_len=1, cumulative_reward=118835.95, mean_episode_return=3631.7871854075574)
2026-09-08 22:13:03,441 [INFO] Epoch 70/100 done (real_buffer=75000, model_buffer=10000, rollout_len=1, cumulative_reward=156682.69, mean_episode_return=4930.815641292357)
2026-09-08 22:16:11,329 [INFO] Epoch 80/100 done (real_buffer=85000, model_buffer=10000, rollout_len=1, cumulative_reward=204258.17, mean_episode_return=4816.319639525065)
2026-09-08 22:19:14,002 [INFO] Epoch 90/100 done (real_buffer=95000, model_buffer=10000, rollout_len=1, cumulative_reward=255361.52, mean_episode_return=5448.388149889296)
2026-09-08 22:22:35,282 [INFO] Epoch 100/100 done (real_buffer=105000, model_buffer=10000, rollout_len=1, cumulative_reward=309570.01, mean_episode_return=5634.168385389444)
2026-09-08 22:22:35,282 [INFO] Recording idle tail for 90s...
2026-09-08 22:24:05,349 [INFO] Run complete. Segment energy summary (kWh unless noted):
2026-09-08 22:24:05,349 [INFO]   idle_baseline_head: 0.0016151395088467582
2026-09-08 22:24:05,349 [INFO]   warmup: 4.0433838136349695e-06
2026-09-08 22:24:05,349 [INFO]   dynamics_model_update: 0.04034810018574173
2026-09-08 22:24:05,349 [INFO]   rollout: 0.0006695344726906026
2026-09-08 22:24:05,349 [INFO]   synthetic_rollout_generation: 1.925033554284021e-05
2026-09-08 22:24:05,349 [INFO]   buffer_sample: 0.00046239278722422233
2026-09-08 22:24:05,349 [INFO]   critic_update: 0.006927413868445752
2026-09-08 22:24:05,349 [INFO]   actor_update: 0.00827847100756736
2026-09-08 22:24:05,349 [INFO]   target_update: 0.0007017819909643024
2026-09-08 22:24:05,349 [INFO]   _sub_segment_wall_time_seconds: {'buffer_sample': 11.24069624846743, 'critic_update': 168.40434633522818, 'actor_update': 201.2483338168604, 'target_update': 17.060210303949134}
2026-09-08 22:24:05,349 [INFO]   idle_baseline_tail: 0.0016818214437129067
2026-09-08 22:24:05,349 [INFO]   _total_kg_co2eq: 0.023126704292317262
2026-09-08 22:24:05,349 [INFO] Training summary: 100 epochs, final cumulative_reward=309570.01, final mean_episode_return=5634.168385389444, episodes completed=105
