2026-09-09 21:59:38,208 [INFO] === Experiment run: algo=td3 env=Ant-v5 seed=43611 ===
2026-09-09 21:59:38,208 [INFO] Run directory: results/td3/Ant-v5/seed_43611/20260909_215938
2026-09-09 21:59:38,342 [INFO] Using device: cuda
2026-09-09 21:59:38,435 [INFO] Waiting for thermal baseline before starting...
2026-09-09 21:59:58,447 [INFO] Thermal gate result: {'gated': True, 'reason': 'reached_reference', 'waited_seconds': 1.0013580322265625e-05, 'final_temp_c': 44.0, 'final_power_w': 27.574}
2026-09-09 21:59:58,447 [INFO] Settling for 30s (unmeasured)...
2026-09-09 22:00:29,683 [INFO] Recording idle baseline for 90s...
2026-09-09 22:02:03,227 [INFO] Starting warmup: 10000 steps
2026-09-09 22:02:04,572 [INFO] Starting measured training: 100 epochs x 1000 steps = 100000 env steps
2026-09-09 22:03:26,788 [INFO] Epoch 10/100 done (buffer size=20000, cumulative_reward=-1373.95, mean_episode_return=50.149519095155384)
2026-09-09 22:04:47,089 [INFO] Epoch 20/100 done (buffer size=30000, cumulative_reward=-973.11, mean_episode_return=125.23518199438102)
2026-09-09 22:06:07,272 [INFO] Epoch 30/100 done (buffer size=40000, cumulative_reward=1101.48, mean_episode_return=60.81436865241449)
2026-09-09 22:07:26,518 [INFO] Epoch 40/100 done (buffer size=50000, cumulative_reward=5197.94, mean_episode_return=79.60200673859747)
2026-09-09 22:08:47,541 [INFO] Epoch 50/100 done (buffer size=60000, cumulative_reward=8960.25, mean_episode_return=71.57099530969711)
2026-09-09 22:10:10,489 [INFO] Epoch 60/100 done (buffer size=70000, cumulative_reward=14178.43, mean_episode_return=300.52278030120686)
2026-09-09 22:11:30,247 [INFO] Epoch 70/100 done (buffer size=80000, cumulative_reward=19706.32, mean_episode_return=289.0140557279013)
2026-09-09 22:12:49,509 [INFO] Epoch 80/100 done (buffer size=90000, cumulative_reward=26194.70, mean_episode_return=379.0011743332555)
2026-09-09 22:14:09,576 [INFO] Epoch 90/100 done (buffer size=100000, cumulative_reward=32148.69, mean_episode_return=587.6442330294459)
2026-09-09 22:15:29,672 [INFO] Epoch 100/100 done (buffer size=110000, cumulative_reward=37903.72, mean_episode_return=544.9709699990266)
2026-09-09 22:15:29,672 [INFO] Recording idle tail for 90s...
2026-09-09 22:16:59,735 [INFO] Run complete. Segment energy summary (kWh unless noted):
2026-09-09 22:16:59,735 [INFO]   idle_baseline_head: 0.0016568480272873246
2026-09-09 22:16:59,735 [INFO]   warmup: 4.353568800891127e-05
2026-09-09 22:16:59,735 [INFO]   rollout: 0.000847124333865778
2026-09-09 22:16:59,735 [INFO]   buffer_sample: 0.0016268310276591046
2026-09-09 22:16:59,735 [INFO]   critic_update: 0.020517708452670654
2026-09-09 22:16:59,735 [INFO]   actor_update: 0.005753386618565777
2026-09-09 22:16:59,735 [INFO]   target_update: 0.0019314187822068534
2026-09-09 22:16:59,735 [INFO]   _sub_segment_wall_time_seconds: {'buffer_sample': 39.17129416219541, 'critic_update': 494.03114378153987, 'actor_update': 138.5316580720537, 'target_update': 46.50524361898715}
2026-09-09 22:16:59,735 [INFO]   idle_baseline_tail: 0.0017365374165125014
2026-09-09 22:16:59,735 [INFO]   _total_kg_co2eq: 0.012995509512211352
2026-09-09 22:16:59,735 [INFO] Training summary: 100 epochs, final cumulative_reward=37903.72, final mean_episode_return=544.9709699990266, episodes completed=418
