2026-09-17 22:09:20,723 [INFO] === Experiment run: algo=mbpo env=Ant-v5 seed=331 ===
2026-09-17 22:09:20,723 [INFO] Run directory: results/mbpo/Ant-v5/seed_331/20260917_220920
2026-09-17 22:09:20,843 [INFO] Using device: cuda
2026-09-17 22:09:20,933 [INFO] Waiting for thermal baseline before starting...
2026-09-17 22:09:40,945 [INFO] Thermal gate result: {'gated': True, 'reason': 'reached_reference', 'waited_seconds': 9.298324584960938e-06, 'final_temp_c': 43.0, 'final_power_w': 26.438}
2026-09-17 22:09:40,945 [INFO] Settling for 30s (unmeasured)...
2026-09-17 22:10:12,176 [INFO] Recording idle baseline for 90s...
2026-09-17 22:11:45,711 [INFO] Starting warmup: 5000 steps
2026-09-17 22:11:46,377 [INFO] Starting measured training: 100 epochs x 1000 steps = 100000 env steps
2026-09-17 22:13:23,158 [INFO] Epoch 10/100 done (real_buffer=15000, model_buffer=10000, rollout_len=1, cumulative_reward=-4240.78, mean_episode_return=-440.3180377360857)
2026-09-17 22:15:39,527 [INFO] Epoch 20/100 done (real_buffer=25000, model_buffer=10000, rollout_len=1, cumulative_reward=-6492.83, mean_episode_return=-93.30117288498411)
2026-09-17 22:18:49,835 [INFO] Epoch 30/100 done (real_buffer=35000, model_buffer=10000, rollout_len=1, cumulative_reward=-12578.26, mean_episode_return=-843.8431804342725)
2026-09-17 22:22:25,226 [INFO] Epoch 40/100 done (real_buffer=45000, model_buffer=10000, rollout_len=1, cumulative_reward=-19069.43, mean_episode_return=-202.70389232667077)
2026-09-17 22:26:21,132 [INFO] Epoch 50/100 done (real_buffer=55000, model_buffer=10000, rollout_len=1, cumulative_reward=-29719.45, mean_episode_return=-1414.7284658072872)
2026-09-17 22:29:42,724 [INFO] Epoch 60/100 done (real_buffer=65000, model_buffer=10000, rollout_len=1, cumulative_reward=-43139.87, mean_episode_return=-1841.2615863172548)
2026-09-17 22:33:32,597 [INFO] Epoch 70/100 done (real_buffer=75000, model_buffer=10000, rollout_len=1, cumulative_reward=-55808.99, mean_episode_return=-1391.4410056648926)
2026-09-17 22:36:56,327 [INFO] Epoch 80/100 done (real_buffer=85000, model_buffer=10000, rollout_len=1, cumulative_reward=-66673.31, mean_episode_return=-1146.0701200476149)
2026-09-17 22:41:10,364 [INFO] Epoch 90/100 done (real_buffer=95000, model_buffer=10000, rollout_len=1, cumulative_reward=-78936.71, mean_episode_return=-1132.6547904493355)
2026-09-17 22:44:42,349 [INFO] Epoch 100/100 done (real_buffer=105000, model_buffer=10000, rollout_len=1, cumulative_reward=-92446.52, mean_episode_return=-1434.161236964026)
2026-09-17 22:44:42,349 [INFO] Recording idle tail for 90s...
2026-09-17 22:46:12,415 [INFO] Run complete. Segment energy summary (kWh unless noted):
2026-09-17 22:46:12,415 [INFO]   idle_baseline_head: 0.0015969088292600634
2026-09-17 22:46:12,415 [INFO]   warmup: 1.9801979418654315e-05
2026-09-17 22:46:12,415 [INFO]   dynamics_model_update: 0.04994406172855827
2026-09-17 22:46:12,415 [INFO]   rollout: 0.0011801582166506065
2026-09-17 22:46:12,415 [INFO]   synthetic_rollout_generation: 4.1479580228919464e-05
2026-09-17 22:46:12,415 [INFO]   buffer_sample: 0.0005637066500894096
2026-09-17 22:46:12,415 [INFO]   critic_update: 0.0069371529588962534
2026-09-17 22:46:12,415 [INFO]   actor_update: 0.008365902395905291
2026-09-17 22:46:12,415 [INFO]   target_update: 0.0007044621945435386
2026-09-17 22:46:12,415 [INFO]   _sub_segment_wall_time_seconds: {'buffer_sample': 13.674490341712954, 'critic_update': 168.2826184867008, 'actor_update': 202.94146165275015, 'target_update': 17.08896191637905}
2026-09-17 22:46:12,415 [INFO]   idle_baseline_tail: 0.0016252875467021866
2026-09-17 22:46:12,415 [INFO]   _total_kg_co2eq: 0.027039431449910577
2026-09-17 22:46:12,415 [INFO] Training summary: 100 epochs, final cumulative_reward=-92446.52, final mean_episode_return=-1434.161236964026, episodes completed=196
