2026-09-15 19:39:42,106 [INFO] === Experiment run: algo=td3 env=HalfCheetah-v5 seed=331 ===
2026-09-15 19:39:42,106 [INFO] Run directory: results/td3/HalfCheetah-v5/seed_331/20260915_193942
2026-09-15 19:39:42,222 [INFO] Using device: cuda
2026-09-15 19:39:42,312 [INFO] Waiting for thermal baseline before starting...
2026-09-15 19:39:52,323 [INFO] Thermal gate result: {'gated': True, 'reason': 'reached_reference', 'waited_seconds': 1.0251998901367188e-05, 'final_temp_c': 43.0, 'final_power_w': 24.321}
2026-09-15 19:39:52,323 [INFO] Settling for 30s (unmeasured)...
2026-09-15 19:40:23,560 [INFO] Recording idle baseline for 90s...
2026-09-15 19:41:57,124 [INFO] Starting warmup: 10000 steps
2026-09-15 19:41:57,435 [INFO] Starting measured training: 100 epochs x 1000 steps = 100000 env steps
2026-09-15 19:42:21,089 [INFO] Epoch 10/100 done (buffer size=20000, cumulative_reward=-1212.57, mean_episode_return=63.95203710342695)
2026-09-15 19:42:44,384 [INFO] Epoch 20/100 done (buffer size=30000, cumulative_reward=3297.56, mean_episode_return=1006.3774395700715)
2026-09-15 19:43:06,483 [INFO] Epoch 30/100 done (buffer size=40000, cumulative_reward=13735.60, mean_episode_return=1992.1061261105099)
2026-09-15 19:43:26,785 [INFO] Epoch 40/100 done (buffer size=50000, cumulative_reward=31414.95, mean_episode_return=641.5037961881432)
2026-09-15 19:43:47,168 [INFO] Epoch 50/100 done (buffer size=60000, cumulative_reward=54359.09, mean_episode_return=3118.596438019829)
2026-09-15 19:44:07,477 [INFO] Epoch 60/100 done (buffer size=70000, cumulative_reward=84529.90, mean_episode_return=3987.5424231918196)
2026-09-15 19:44:27,833 [INFO] Epoch 70/100 done (buffer size=80000, cumulative_reward=115253.23, mean_episode_return=4586.612275965876)
2026-09-15 19:44:48,291 [INFO] Epoch 80/100 done (buffer size=90000, cumulative_reward=152197.99, mean_episode_return=4288.137834831096)
2026-09-15 19:45:08,725 [INFO] Epoch 90/100 done (buffer size=100000, cumulative_reward=193799.54, mean_episode_return=4772.783203825276)
2026-09-15 19:45:29,223 [INFO] Epoch 100/100 done (buffer size=110000, cumulative_reward=242537.55, mean_episode_return=4743.003525100549)
2026-09-15 19:45:29,223 [INFO] Recording idle tail for 90s...
2026-09-15 19:46:59,285 [INFO] Run complete. Segment energy summary (kWh unless noted):
2026-09-15 19:46:59,285 [INFO]   idle_baseline_head: 0.0015524017706771522
2026-09-15 19:46:59,285 [INFO]   warmup: 9.324475673828459e-06
2026-09-15 19:46:59,285 [INFO]   rollout: 0.00041462541751544394
2026-09-15 19:46:59,285 [INFO]   buffer_sample: 0.00046577606259682794
2026-09-15 19:46:59,285 [INFO]   critic_update: 0.006122299526004967
2026-09-15 19:46:59,285 [INFO]   actor_update: 0.0017068414516161544
2026-09-15 19:46:59,285 [INFO]   target_update: 0.000542217946473876
2026-09-15 19:46:59,285 [INFO]   _sub_segment_wall_time_seconds: {'buffer_sample': 9.886802929555415, 'critic_update': 129.95508732640883, 'actor_update': 36.230296958674444, 'target_update': 11.509397781774169}
2026-09-15 19:46:59,285 [INFO]   idle_baseline_tail: 0.00168937788153487
2026-09-15 19:46:59,285 [INFO]   _total_kg_co2eq: 0.0047629776253498585
2026-09-15 19:46:59,285 [INFO] Training summary: 100 epochs, final cumulative_reward=242537.55, final mean_episode_return=4743.003525100549, episodes completed=110
