2026-09-17 21:45:01,227 [INFO] === Experiment run: algo=td3 env=Ant-v5 seed=14577 ===
2026-09-17 21:45:01,227 [INFO] Run directory: results/td3/Ant-v5/seed_14577/20260917_214501
2026-09-17 21:45:01,361 [INFO] Using device: cuda
2026-09-17 21:45:01,453 [INFO] Waiting for thermal baseline before starting...
2026-09-17 21:45:21,465 [INFO] Thermal gate result: {'gated': True, 'reason': 'reached_reference', 'waited_seconds': 1.0013580322265625e-05, 'final_temp_c': 43.0, 'final_power_w': 26.836}
2026-09-17 21:45:21,465 [INFO] Settling for 30s (unmeasured)...
2026-09-17 21:45:52,696 [INFO] Recording idle baseline for 90s...
2026-09-17 21:47:26,270 [INFO] Starting warmup: 10000 steps
2026-09-17 21:47:27,637 [INFO] Starting measured training: 100 epochs x 1000 steps = 100000 env steps
2026-09-17 21:47:54,193 [INFO] Epoch 10/100 done (buffer size=20000, cumulative_reward=2992.94, mean_episode_return=2.8078802299445953)
2026-09-17 21:48:19,589 [INFO] Epoch 20/100 done (buffer size=30000, cumulative_reward=976.40, mean_episode_return=-33.15662036070187)
2026-09-17 21:48:44,070 [INFO] Epoch 30/100 done (buffer size=40000, cumulative_reward=-1679.00, mean_episode_return=-11.317350884297118)
2026-09-17 21:49:08,625 [INFO] Epoch 40/100 done (buffer size=50000, cumulative_reward=-3736.52, mean_episode_return=0.18522516340023287)
2026-09-17 21:49:33,152 [INFO] Epoch 50/100 done (buffer size=60000, cumulative_reward=-6396.97, mean_episode_return=-33.59375079122283)
2026-09-17 21:49:57,911 [INFO] Epoch 60/100 done (buffer size=70000, cumulative_reward=-9481.66, mean_episode_return=-258.88852727160344)
2026-09-17 21:50:22,659 [INFO] Epoch 70/100 done (buffer size=80000, cumulative_reward=-11029.58, mean_episode_return=-1.8067790488911841)
2026-09-17 21:50:47,453 [INFO] Epoch 80/100 done (buffer size=90000, cumulative_reward=-14267.64, mean_episode_return=-12.469275629609138)
2026-09-17 21:51:12,252 [INFO] Epoch 90/100 done (buffer size=100000, cumulative_reward=-16296.96, mean_episode_return=-159.4975662072747)
2026-09-17 21:51:37,084 [INFO] Epoch 100/100 done (buffer size=110000, cumulative_reward=-19432.56, mean_episode_return=-483.4293803153618)
2026-09-17 21:51:37,084 [INFO] Recording idle tail for 90s...
2026-09-17 21:53:07,148 [INFO] Run complete. Segment energy summary (kWh unless noted):
2026-09-17 21:53:07,148 [INFO]   idle_baseline_head: 0.0015709811233877245
2026-09-17 21:53:07,148 [INFO]   warmup: 4.1038202780790825e-05
2026-09-17 21:53:07,148 [INFO]   rollout: 0.0009507917154541233
2026-09-17 21:53:07,148 [INFO]   buffer_sample: 0.0016770901890813448
2026-09-17 21:53:07,148 [INFO]   critic_update: 0.00884478849745145
2026-09-17 21:53:07,148 [INFO]   actor_update: 0.002444903842468659
2026-09-17 21:53:07,148 [INFO]   target_update: 0.0008007219932287781
2026-09-17 21:53:07,148 [INFO]   _sub_segment_wall_time_seconds: {'buffer_sample': 24.000557889870834, 'critic_update': 126.57629252069455, 'actor_update': 34.98861098130874, 'target_update': 11.458998852474906}
2026-09-17 21:53:07,148 [INFO]   idle_baseline_tail: 0.00181234034592204
2026-09-17 21:53:07,148 [INFO]   _total_kg_co2eq: 0.0069114563473029154
2026-09-17 21:53:07,148 [INFO] Training summary: 100 epochs, final cumulative_reward=-19432.56, final mean_episode_return=-483.4293803153618, episodes completed=577
