2026-09-15 13:01:17,606 [INFO] === Experiment run: algo=sac env=HalfCheetah-v5 seed=14577 ===
2026-09-15 13:01:17,606 [INFO] Run directory: results/sac/HalfCheetah-v5/seed_14577/20260915_130117
2026-09-15 13:01:17,738 [INFO] Using device: cuda
2026-09-15 13:01:17,830 [INFO] Waiting for thermal baseline before starting...
2026-09-15 13:01:27,841 [INFO] Thermal gate result: {'gated': True, 'reason': 'reached_reference', 'waited_seconds': 9.775161743164062e-06, 'final_temp_c': 43.0, 'final_power_w': 25.444}
2026-09-15 13:01:27,841 [INFO] Settling for 30s (unmeasured)...
2026-09-15 13:01:59,078 [INFO] Recording idle baseline for 90s...
2026-09-15 13:03:32,645 [INFO] Starting warmup: 5000 steps
2026-09-15 13:03:32,798 [INFO] Starting measured training: 100 epochs x 1000 steps = 100000 env steps
2026-09-15 13:04:18,054 [INFO] Epoch 10/100 done (buffer size=15000, cumulative_reward=-1591.97, mean_episode_return=-211.94719866466363)
2026-09-15 13:05:03,210 [INFO] Epoch 20/100 done (buffer size=25000, cumulative_reward=1436.36, mean_episode_return=598.1842173875912)
2026-09-15 13:05:48,484 [INFO] Epoch 30/100 done (buffer size=35000, cumulative_reward=12030.34, mean_episode_return=1598.0958645108155)
2026-09-15 13:06:33,786 [INFO] Epoch 40/100 done (buffer size=45000, cumulative_reward=32087.63, mean_episode_return=2056.6150700545795)
2026-09-15 13:07:19,110 [INFO] Epoch 50/100 done (buffer size=55000, cumulative_reward=60252.82, mean_episode_return=3126.965512603345)
2026-09-15 13:08:04,530 [INFO] Epoch 60/100 done (buffer size=65000, cumulative_reward=87617.15, mean_episode_return=3374.053998069879)
2026-09-15 13:08:47,649 [INFO] Epoch 70/100 done (buffer size=75000, cumulative_reward=119061.86, mean_episode_return=1354.9690198759558)
2026-09-15 13:09:32,385 [INFO] Epoch 80/100 done (buffer size=85000, cumulative_reward=155662.14, mean_episode_return=3739.636786336194)
2026-09-15 13:10:15,023 [INFO] Epoch 90/100 done (buffer size=95000, cumulative_reward=192615.24, mean_episode_return=4077.4284755254303)
2026-09-15 13:10:57,792 [INFO] Epoch 100/100 done (buffer size=105000, cumulative_reward=231180.93, mean_episode_return=4283.227690160284)
2026-09-15 13:10:57,792 [INFO] Recording idle tail for 90s...
2026-09-15 13:12:27,854 [INFO] Run complete. Segment energy summary (kWh unless noted):
2026-09-15 13:12:27,854 [INFO]   idle_baseline_head: 0.0015764895955143242
2026-09-15 13:12:27,854 [INFO]   warmup: 3.94253349756085e-06
2026-09-15 13:12:27,854 [INFO]   rollout: 0.0007238192577514316
2026-09-15 13:12:27,854 [INFO]   buffer_sample: 0.0005817198900698262
2026-09-15 13:12:27,854 [INFO]   critic_update: 0.008511818679000896
2026-09-15 13:12:27,854 [INFO]   actor_update: 0.009835557751727002
2026-09-15 13:12:27,854 [INFO]   target_update: 0.0008051792583187866
2026-09-15 13:12:27,854 [INFO]   _sub_segment_wall_time_seconds: {'buffer_sample': 12.200549074477749, 'critic_update': 178.52038975965115, 'actor_update': 206.28348294984607, 'target_update': 16.88721534635988}
2026-09-15 13:12:27,854 [INFO]   idle_baseline_tail: 0.0016825743006153963
2026-09-15 13:12:27,854 [INFO]   _total_kg_co2eq: 0.009036567434947036
2026-09-15 13:12:27,854 [INFO] Training summary: 100 epochs, final cumulative_reward=231180.93, final mean_episode_return=4283.227690160284, episodes completed=105
