2026-09-15 13:56:41,565 [INFO] === Experiment run: algo=sac env=HalfCheetah-v5 seed=14577 ===
2026-09-15 13:56:41,565 [INFO] Run directory: results/sac/HalfCheetah-v5/seed_14577/20260915_135641
2026-09-15 13:56:41,698 [INFO] Using device: cuda
2026-09-15 13:56:41,793 [INFO] Waiting for thermal baseline before starting...
2026-09-15 13:56:51,804 [INFO] Thermal gate result: {'gated': True, 'reason': 'reached_reference', 'waited_seconds': 1.0013580322265625e-05, 'final_temp_c': 44.0, 'final_power_w': 26.475}
2026-09-15 13:56:51,804 [INFO] Settling for 30s (unmeasured)...
2026-09-15 13:57:23,040 [INFO] Recording idle baseline for 90s...
2026-09-15 13:58:56,598 [INFO] Starting warmup: 5000 steps
2026-09-15 13:58:56,752 [INFO] Starting measured training: 100 epochs x 1000 steps = 100000 env steps
2026-09-15 13:59:42,687 [INFO] Epoch 10/100 done (buffer size=15000, cumulative_reward=-1946.73, mean_episode_return=-112.24202256228338)
2026-09-15 14:00:28,501 [INFO] Epoch 20/100 done (buffer size=25000, cumulative_reward=1081.55, mean_episode_return=584.4782783367882)
2026-09-15 14:01:12,095 [INFO] Epoch 30/100 done (buffer size=35000, cumulative_reward=6504.18, mean_episode_return=833.3702539128948)
2026-09-15 14:01:54,967 [INFO] Epoch 40/100 done (buffer size=45000, cumulative_reward=16874.90, mean_episode_return=782.9446836821508)
2026-09-15 14:02:37,903 [INFO] Epoch 50/100 done (buffer size=55000, cumulative_reward=31081.99, mean_episode_return=-6.1314957965575445)
2026-09-15 14:03:20,800 [INFO] Epoch 60/100 done (buffer size=65000, cumulative_reward=53910.47, mean_episode_return=2274.708060553564)
2026-09-15 14:04:03,744 [INFO] Epoch 70/100 done (buffer size=75000, cumulative_reward=80186.05, mean_episode_return=2620.9171084427157)
2026-09-15 14:04:46,811 [INFO] Epoch 80/100 done (buffer size=85000, cumulative_reward=108942.37, mean_episode_return=3049.7025451994605)
2026-09-15 14:05:32,218 [INFO] Epoch 90/100 done (buffer size=95000, cumulative_reward=138644.18, mean_episode_return=3271.638573986944)
2026-09-15 14:06:18,704 [INFO] Epoch 100/100 done (buffer size=105000, cumulative_reward=167874.07, mean_episode_return=3002.029055795537)
2026-09-15 14:06:18,704 [INFO] Recording idle tail for 90s...
2026-09-15 14:07:48,765 [INFO] Run complete. Segment energy summary (kWh unless noted):
2026-09-15 14:07:48,765 [INFO]   idle_baseline_head: 0.0015952663911540967
2026-09-15 14:07:48,765 [INFO]   warmup: 3.958894298074483e-06
2026-09-15 14:07:48,765 [INFO]   rollout: 0.0007546567073860079
2026-09-15 14:07:48,765 [INFO]   buffer_sample: 0.0008228399975512804
2026-09-15 14:07:48,765 [INFO]   critic_update: 0.00933542713344715
2026-09-15 14:07:48,766 [INFO]   actor_update: 0.011095314021214357
2026-09-15 14:07:48,766 [INFO]   target_update: 0.0009186222083897896
2026-09-15 14:07:48,766 [INFO]   _sub_segment_wall_time_seconds: {'buffer_sample': 15.232443361222977, 'critic_update': 172.81775981507963, 'actor_update': 205.39684860494162, 'target_update': 17.005567062005866}
2026-09-15 14:07:48,766 [INFO]   idle_baseline_tail: 0.0017681101706488733
2026-09-15 14:07:48,766 [INFO]   _total_kg_co2eq: 0.010016785823361062
2026-09-15 14:07:48,766 [INFO] Training summary: 100 epochs, final cumulative_reward=167874.07, final mean_episode_return=3002.029055795537, episodes completed=105
