2026-09-09 12:36:31,310 [INFO] === Experiment run: algo=td3 env=HalfCheetah-v5 seed=14577 ===
2026-09-09 12:36:31,310 [INFO] Run directory: results/td3/HalfCheetah-v5/seed_14577/20260909_123631
2026-09-09 12:36:31,444 [INFO] Using device: cuda
2026-09-09 12:36:31,538 [INFO] Waiting for thermal baseline before starting...
2026-09-09 12:36:41,550 [INFO] Thermal gate result: {'gated': True, 'reason': 'reached_reference', 'waited_seconds': 1.0013580322265625e-05, 'final_temp_c': 52.0, 'final_power_w': 34.431}
2026-09-09 12:36:41,550 [INFO] Settling for 30s (unmeasured)...
2026-09-09 12:37:12,786 [INFO] Recording idle baseline for 90s...
2026-09-09 12:38:46,322 [INFO] Starting warmup: 10000 steps
2026-09-09 12:38:46,626 [INFO] Starting measured training: 100 epochs x 1000 steps = 100000 env steps
2026-09-09 12:39:06,996 [INFO] Epoch 10/100 done (buffer size=20000, cumulative_reward=-5035.08, mean_episode_return=-550.7776771948908)
2026-09-09 12:39:27,418 [INFO] Epoch 20/100 done (buffer size=30000, cumulative_reward=-4085.49, mean_episode_return=1042.2109819308673)
2026-09-09 12:39:49,560 [INFO] Epoch 30/100 done (buffer size=40000, cumulative_reward=3094.21, mean_episode_return=2760.040000231324)
2026-09-09 12:40:09,687 [INFO] Epoch 40/100 done (buffer size=50000, cumulative_reward=30273.20, mean_episode_return=3003.5895679986425)
2026-09-09 12:40:29,618 [INFO] Epoch 50/100 done (buffer size=60000, cumulative_reward=65043.56, mean_episode_return=3720.7551637905513)
2026-09-09 12:40:49,693 [INFO] Epoch 60/100 done (buffer size=70000, cumulative_reward=99837.96, mean_episode_return=3836.789854633731)
2026-09-09 12:41:09,723 [INFO] Epoch 70/100 done (buffer size=80000, cumulative_reward=140662.33, mean_episode_return=4368.855340520002)
2026-09-09 12:41:31,420 [INFO] Epoch 80/100 done (buffer size=90000, cumulative_reward=179674.19, mean_episode_return=4481.113952750777)
2026-09-09 12:41:51,679 [INFO] Epoch 90/100 done (buffer size=100000, cumulative_reward=221120.03, mean_episode_return=4609.440914871034)
2026-09-09 12:42:12,751 [INFO] Epoch 100/100 done (buffer size=110000, cumulative_reward=267028.53, mean_episode_return=5324.159478039903)
2026-09-09 12:42:12,751 [INFO] Recording idle tail for 90s...
2026-09-09 12:43:42,813 [INFO] Run complete. Segment energy summary (kWh unless noted):
2026-09-09 12:43:42,813 [INFO]   idle_baseline_head: 0.0018485949001900482
2026-09-09 12:43:42,813 [INFO]   warmup: 1.0146629535422213e-05
2026-09-09 12:43:42,813 [INFO]   rollout: 0.0003911569411085454
2026-09-09 12:43:42,813 [INFO]   buffer_sample: 0.0003682104263512765
2026-09-09 12:43:42,813 [INFO]   critic_update: 0.0051737480357449805
2026-09-09 12:43:42,813 [INFO]   actor_update: 0.0014513372802681258
2026-09-09 12:43:42,813 [INFO]   target_update: 0.0004752518255394114
2026-09-09 12:43:42,813 [INFO]   _sub_segment_wall_time_seconds: {'buffer_sample': 8.952260271224077, 'critic_update': 125.78877641432337, 'actor_update': 35.286206322401995, 'target_update': 11.554746232373873}
2026-09-09 12:43:42,813 [INFO]   idle_baseline_tail: 0.0017794150487589928
2026-09-09 12:43:42,813 [INFO]   _total_kg_co2eq: 0.004380123374610647
2026-09-09 12:43:42,813 [INFO] Training summary: 100 epochs, final cumulative_reward=267028.53, final mean_episode_return=5324.159478039903, episodes completed=110
