2026-09-15 19:54:19,203 [INFO] === Experiment run: algo=td3 env=HalfCheetah-v5 seed=14577 ===
2026-09-15 19:54:19,203 [INFO] Run directory: results/td3/HalfCheetah-v5/seed_14577/20260915_195419
2026-09-15 19:54:19,342 [INFO] Using device: cuda
2026-09-15 19:54:19,435 [INFO] Waiting for thermal baseline before starting...
2026-09-15 19:54:29,446 [INFO] Thermal gate result: {'gated': True, 'reason': 'reached_reference', 'waited_seconds': 1.1682510375976562e-05, 'final_temp_c': 43.0, 'final_power_w': 25.269}
2026-09-15 19:54:29,446 [INFO] Settling for 30s (unmeasured)...
2026-09-15 19:55:00,682 [INFO] Recording idle baseline for 90s...
2026-09-15 19:56:34,249 [INFO] Starting warmup: 10000 steps
2026-09-15 19:56:34,551 [INFO] Starting measured training: 100 epochs x 1000 steps = 100000 env steps
2026-09-15 19:56:57,904 [INFO] Epoch 10/100 done (buffer size=20000, cumulative_reward=-4411.77, mean_episode_return=-560.972607222649)
2026-09-15 19:57:20,209 [INFO] Epoch 20/100 done (buffer size=30000, cumulative_reward=589.42, mean_episode_return=1621.7754057794414)
2026-09-15 19:57:40,222 [INFO] Epoch 30/100 done (buffer size=40000, cumulative_reward=19856.05, mean_episode_return=2784.6240479126723)
2026-09-15 19:58:00,164 [INFO] Epoch 40/100 done (buffer size=50000, cumulative_reward=46284.31, mean_episode_return=2459.736420745)
2026-09-15 19:58:22,768 [INFO] Epoch 50/100 done (buffer size=60000, cumulative_reward=74326.64, mean_episode_return=3274.1983281827966)
2026-09-15 19:58:43,695 [INFO] Epoch 60/100 done (buffer size=70000, cumulative_reward=103603.59, mean_episode_return=3460.0342622032695)
2026-09-15 19:59:04,031 [INFO] Epoch 70/100 done (buffer size=80000, cumulative_reward=132811.00, mean_episode_return=3141.889635145658)
2026-09-15 19:59:27,264 [INFO] Epoch 80/100 done (buffer size=90000, cumulative_reward=167327.10, mean_episode_return=3501.2443907391053)
2026-09-15 19:59:48,627 [INFO] Epoch 90/100 done (buffer size=100000, cumulative_reward=201806.55, mean_episode_return=2833.4254927756874)
2026-09-15 20:00:08,880 [INFO] Epoch 100/100 done (buffer size=110000, cumulative_reward=237266.10, mean_episode_return=3606.039557605106)
2026-09-15 20:00:08,880 [INFO] Recording idle tail for 90s...
2026-09-15 20:01:38,942 [INFO] Run complete. Segment energy summary (kWh unless noted):
2026-09-15 20:01:38,942 [INFO]   idle_baseline_head: 0.0015759845772468843
2026-09-15 20:01:38,942 [INFO]   warmup: 9.465648526336317e-06
2026-09-15 20:01:38,942 [INFO]   rollout: 0.0004025701750223355
2026-09-15 20:01:38,942 [INFO]   buffer_sample: 0.00046634877311919854
2026-09-15 20:01:38,942 [INFO]   critic_update: 0.006227077990786861
2026-09-15 20:01:38,942 [INFO]   actor_update: 0.0017260026889031066
2026-09-15 20:01:38,942 [INFO]   target_update: 0.0005411618453679129
2026-09-15 20:01:38,942 [INFO]   _sub_segment_wall_time_seconds: {'buffer_sample': 9.918426078089396, 'critic_update': 132.43910200730897, 'actor_update': 36.70907069394889, 'target_update': 11.509569809015375}
2026-09-15 20:01:38,942 [INFO]   idle_baseline_tail: 0.0017123782747859983
2026-09-15 20:01:38,942 [INFO]   _total_kg_co2eq: 0.0048232170917741875
2026-09-15 20:01:38,942 [INFO] Training summary: 100 epochs, final cumulative_reward=237266.10, final mean_episode_return=3606.039557605106, episodes completed=110
