2026-09-17 13:07:59,793 [INFO] === Experiment run: algo=sac env=Ant-v5 seed=331 ===
2026-09-17 13:07:59,793 [INFO] Run directory: results/sac/Ant-v5/seed_331/20260917_130759
2026-09-17 13:07:59,927 [INFO] Using device: cuda
2026-09-17 13:08:00,024 [INFO] Waiting for thermal baseline before starting...
2026-09-17 13:08:10,035 [INFO] Thermal gate result: {'gated': True, 'reason': 'reached_reference', 'waited_seconds': 1.1682510375976562e-05, 'final_temp_c': 45.0, 'final_power_w': 26.568}
2026-09-17 13:08:10,035 [INFO] Settling for 30s (unmeasured)...
2026-09-17 13:08:41,281 [INFO] Recording idle baseline for 90s...
2026-09-17 13:10:14,839 [INFO] Starting warmup: 5000 steps
2026-09-17 13:10:15,502 [INFO] Starting measured training: 100 epochs x 1000 steps = 100000 env steps
2026-09-17 13:11:02,057 [INFO] Epoch 10/100 done (buffer size=15000, cumulative_reward=-3418.52, mean_episode_return=-155.32885197192107)
2026-09-17 13:11:47,515 [INFO] Epoch 20/100 done (buffer size=25000, cumulative_reward=-7593.36, mean_episode_return=-40.04435540712369)
2026-09-17 13:12:33,127 [INFO] Epoch 30/100 done (buffer size=35000, cumulative_reward=-12564.30, mean_episode_return=-46.34328512538387)
2026-09-17 13:13:18,991 [INFO] Epoch 40/100 done (buffer size=45000, cumulative_reward=-17739.21, mean_episode_return=-19.358699858421268)
2026-09-17 13:14:04,893 [INFO] Epoch 50/100 done (buffer size=55000, cumulative_reward=-22517.16, mean_episode_return=-48.859704031950905)
2026-09-17 13:14:51,094 [INFO] Epoch 60/100 done (buffer size=65000, cumulative_reward=-27269.06, mean_episode_return=-12.328096264172363)
2026-09-17 13:15:39,608 [INFO] Epoch 70/100 done (buffer size=75000, cumulative_reward=-31801.90, mean_episode_return=-62.45559384565693)
2026-09-17 13:16:28,172 [INFO] Epoch 80/100 done (buffer size=85000, cumulative_reward=-36099.47, mean_episode_return=-26.49021603629184)
2026-09-17 13:17:16,202 [INFO] Epoch 90/100 done (buffer size=95000, cumulative_reward=-40638.51, mean_episode_return=4.965249145625953)
2026-09-17 13:18:03,340 [INFO] Epoch 100/100 done (buffer size=105000, cumulative_reward=-44588.95, mean_episode_return=-56.894733760689554)
2026-09-17 13:18:03,340 [INFO] Recording idle tail for 90s...
2026-09-17 13:19:33,403 [INFO] Run complete. Segment energy summary (kWh unless noted):
2026-09-17 13:19:33,403 [INFO]   idle_baseline_head: 0.00159675680880381
2026-09-17 13:19:33,403 [INFO]   warmup: 2.1462436794414744e-05
2026-09-17 13:19:33,403 [INFO]   rollout: 0.001261226668404151
2026-09-17 13:19:33,403 [INFO]   buffer_sample: 0.0013456060910096341
2026-09-17 13:19:33,403 [INFO]   critic_update: 0.009632955231761161
2026-09-17 13:19:33,403 [INFO]   actor_update: 0.011493394251897222
2026-09-17 13:19:33,403 [INFO]   target_update: 0.0009448726985669415
2026-09-17 13:19:33,403 [INFO]   _sub_segment_wall_time_seconds: {'buffer_sample': 23.944749747748574, 'critic_update': 171.41621451989613, 'actor_update': 204.52229738897677, 'target_update': 16.81379154109618}
2026-09-17 13:19:33,403 [INFO]   idle_baseline_tail: 0.001743757434899549
2026-09-17 13:19:33,403 [INFO]   _total_kg_co2eq: 0.010681861505518414
2026-09-17 13:19:33,403 [INFO] Training summary: 100 epochs, final cumulative_reward=-44588.95, final mean_episode_return=-56.894733760689554, episodes completed=478
