2026-09-09 00:57:55,271 [INFO] === Experiment run: algo=mbpo env=Ant-v5 seed=85062 ===
2026-09-09 00:57:55,271 [INFO] Run directory: results/mbpo/Ant-v5/seed_85062/20260909_005755
2026-09-09 00:57:55,365 [INFO] Using device: cuda
2026-09-09 00:57:55,443 [INFO] Waiting for thermal baseline before starting...
2026-09-09 00:58:05,454 [INFO] Thermal gate result: {'gated': True, 'reason': 'reached_reference', 'waited_seconds': 1.0251998901367188e-05, 'final_temp_c': 42.0, 'final_power_w': 26.203}
2026-09-09 00:58:05,454 [INFO] Settling for 30s (unmeasured)...
2026-09-09 00:58:36,700 [INFO] Recording idle baseline for 90s...
2026-09-09 01:00:10,248 [INFO] Starting warmup: 5000 steps
2026-09-09 01:00:10,924 [INFO] Starting measured training: 100 epochs x 1000 steps = 100000 env steps
2026-09-09 01:01:33,713 [INFO] Epoch 10/100 done (real_buffer=15000, model_buffer=90000, rollout_len=1, cumulative_reward=-3402.50, mean_episode_return=-23.891970829740547)
2026-09-09 01:03:54,179 [INFO] Epoch 20/100 done (real_buffer=25000, model_buffer=190000, rollout_len=1, cumulative_reward=-7116.65, mean_episode_return=-87.3375625080222)
2026-09-09 01:06:51,314 [INFO] Epoch 30/100 done (real_buffer=35000, model_buffer=250000, rollout_len=4, cumulative_reward=-10361.89, mean_episode_return=-35.10460297461191)
2026-09-09 01:10:37,013 [INFO] Epoch 40/100 done (real_buffer=45000, model_buffer=250000, rollout_len=7, cumulative_reward=-20213.10, mean_episode_return=-348.00604295752186)
2026-09-09 01:14:04,862 [INFO] Epoch 50/100 done (real_buffer=55000, model_buffer=250000, rollout_len=10, cumulative_reward=-24236.91, mean_episode_return=-1018.3068454386129)
2026-09-09 01:17:59,053 [INFO] Epoch 60/100 done (real_buffer=65000, model_buffer=250000, rollout_len=13, cumulative_reward=-35340.16, mean_episode_return=-168.55529785849112)
2026-09-09 01:22:36,825 [INFO] Epoch 70/100 done (real_buffer=75000, model_buffer=250000, rollout_len=16, cumulative_reward=-39127.49, mean_episode_return=-461.7291932830475)
2026-09-09 01:26:38,360 [INFO] Epoch 80/100 done (real_buffer=85000, model_buffer=250000, rollout_len=19, cumulative_reward=-43058.29, mean_episode_return=-339.97357453916953)
2026-09-09 01:30:16,045 [INFO] Epoch 90/100 done (real_buffer=95000, model_buffer=250000, rollout_len=22, cumulative_reward=-47168.59, mean_episode_return=-184.79018748473212)
2026-09-09 01:33:20,569 [INFO] Epoch 100/100 done (real_buffer=105000, model_buffer=250000, rollout_len=25, cumulative_reward=-54404.97, mean_episode_return=-602.9770731959067)
2026-09-09 01:33:20,569 [INFO] Recording idle tail for 90s...
2026-09-09 01:34:50,634 [INFO] Run complete. Segment energy summary (kWh unless noted):
2026-09-09 01:34:50,634 [INFO]   idle_baseline_head: 0.0016008456023230623
2026-09-09 01:34:50,634 [INFO]   warmup: 2.1607609277363897e-05
2026-09-09 01:34:50,634 [INFO]   dynamics_model_update: 0.050114908077239485
2026-09-09 01:34:50,634 [INFO]   rollout: 0.0011915691793105635
2026-09-09 01:34:50,634 [INFO]   synthetic_rollout_generation: 0.00020107405033727784
2026-09-09 01:34:50,635 [INFO]   buffer_sample: 0.0006346923485188137
2026-09-09 01:34:50,635 [INFO]   critic_update: 0.006780495851600645
2026-09-09 01:34:50,635 [INFO]   actor_update: 0.00845687346244821
2026-09-09 01:34:50,635 [INFO]   target_update: 0.0007280251591287233
2026-09-09 01:34:50,635 [INFO]   _sub_segment_wall_time_seconds: {'buffer_sample': 15.207218661285879, 'critic_update': 162.4605736745798, 'actor_update': 202.62655479367822, 'target_update': 17.443471331622277}
2026-09-09 01:34:50,635 [INFO]   idle_baseline_tail: 0.001674790028809478
2026-09-09 01:34:50,635 [INFO]   _total_kg_co2eq: 0.027201701820329317
2026-09-09 01:34:50,635 [INFO] Training summary: 100 epochs, final cumulative_reward=-54404.97, final mean_episode_return=-602.9770731959067, episodes completed=313
