2026-09-09 16:19:55,785 [INFO] === Experiment run: algo=sac env=Ant-v5 seed=14577 ===
2026-09-09 16:19:55,785 [INFO] Run directory: results/sac/Ant-v5/seed_14577/20260909_161955
2026-09-09 16:19:55,919 [INFO] Using device: cuda
2026-09-09 16:19:56,015 [INFO] Waiting for thermal baseline before starting...
2026-09-09 16:20:06,026 [INFO] Thermal gate result: {'gated': True, 'reason': 'reached_reference', 'waited_seconds': 9.775161743164062e-06, 'final_temp_c': 45.0, 'final_power_w': 29.827}
2026-09-09 16:20:06,027 [INFO] Settling for 30s (unmeasured)...
2026-09-09 16:20:37,262 [INFO] Recording idle baseline for 90s...
2026-09-09 16:22:10,818 [INFO] Starting warmup: 5000 steps
2026-09-09 16:22:11,503 [INFO] Starting measured training: 100 epochs x 1000 steps = 100000 env steps
2026-09-09 16:25:00,369 [INFO] Epoch 10/100 done (buffer size=15000, cumulative_reward=-6578.60, mean_episode_return=-55.405729487724194)
2026-09-09 16:27:49,330 [INFO] Epoch 20/100 done (buffer size=25000, cumulative_reward=-12554.82, mean_episode_return=-85.10877338307273)
2026-09-09 16:30:35,386 [INFO] Epoch 30/100 done (buffer size=35000, cumulative_reward=-18341.72, mean_episode_return=-344.24464028548704)
2026-09-09 16:33:23,350 [INFO] Epoch 40/100 done (buffer size=45000, cumulative_reward=-25317.67, mean_episode_return=-303.80241493821757)
2026-09-09 16:36:09,653 [INFO] Epoch 50/100 done (buffer size=55000, cumulative_reward=-32155.65, mean_episode_return=-228.30168090351756)
2026-09-09 16:38:59,440 [INFO] Epoch 60/100 done (buffer size=65000, cumulative_reward=-39385.72, mean_episode_return=-863.2366383873266)
2026-09-09 16:41:45,709 [INFO] Epoch 70/100 done (buffer size=75000, cumulative_reward=-45840.80, mean_episode_return=-39.23125696835699)
2026-09-09 16:44:34,714 [INFO] Epoch 80/100 done (buffer size=85000, cumulative_reward=-52191.35, mean_episode_return=-149.15929432463602)
2026-09-09 16:47:20,525 [INFO] Epoch 90/100 done (buffer size=95000, cumulative_reward=-58474.69, mean_episode_return=-153.42715343689412)
2026-09-09 16:50:07,926 [INFO] Epoch 100/100 done (buffer size=105000, cumulative_reward=-64859.42, mean_episode_return=-264.4580605275682)
2026-09-09 16:50:07,926 [INFO] Recording idle tail for 90s...
2026-09-09 16:51:37,991 [INFO] Run complete. Segment energy summary (kWh unless noted):
2026-09-09 16:51:37,991 [INFO]   idle_baseline_head: 0.0017109791619671552
2026-09-09 16:51:37,991 [INFO]   warmup: 2.2257201259848116e-05
2026-09-09 16:51:37,991 [INFO]   rollout: 0.0011719852061999412
2026-09-09 16:51:37,991 [INFO]   buffer_sample: 0.0021250998248901957
2026-09-09 16:51:37,991 [INFO]   critic_update: 0.027284763755855965
2026-09-09 16:51:37,991 [INFO]   actor_update: 0.033619096821230154
2026-09-09 16:51:37,991 [INFO]   target_update: 0.0028443165734212726
2026-09-09 16:51:37,991 [INFO]   _sub_segment_wall_time_seconds: {'buffer_sample': 51.13830257975496, 'critic_update': 656.5792761458579, 'actor_update': 809.0083701319672, 'target_update': 68.44550070571131}
2026-09-09 16:51:37,991 [INFO]   idle_baseline_tail: 0.0017638501235415771
2026-09-09 16:51:37,991 [INFO]   _total_kg_co2eq: 0.026873475054163997
2026-09-09 16:51:37,991 [INFO] Training summary: 100 epochs, final cumulative_reward=-64859.42, final mean_episode_return=-264.4580605275682, episodes completed=423
