2026-09-08 19:12:42,633 [INFO] === Experiment run: algo=mbpo env=HalfCheetah-v5 seed=42 ===
2026-09-08 19:12:42,633 [INFO] Run directory: results/mbpo/HalfCheetah-v5/seed_42/20260908_191242
2026-09-08 19:12:42,780 [INFO] Using device: cuda
2026-09-08 19:12:42,874 [INFO] Waiting for thermal baseline before starting...
2026-09-08 19:12:52,889 [INFO] Thermal gate result: {'gated': True, 'reason': 'reached_reference', 'waited_seconds': 1.1205673217773438e-05, 'final_temp_c': 48.0, 'final_power_w': 29.469}
2026-09-08 19:12:52,889 [INFO] Settling for 30s (unmeasured)...
2026-09-08 19:13:24,135 [INFO] Recording idle baseline for 90s...
2026-09-08 19:14:57,710 [INFO] Starting warmup: 5000 steps
2026-09-08 19:14:57,864 [INFO] Starting measured training: 100 epochs x 1000 steps = 100000 env steps
2026-09-08 19:16:41,699 [INFO] Epoch 10/100 done (real_buffer=15000, model_buffer=10000, rollout_len=1, cumulative_reward=-1221.22, mean_episode_return=725.2590504125749)
2026-09-08 19:17:57,111 [INFO] Epoch 20/100 done (real_buffer=25000, model_buffer=10000, rollout_len=1, cumulative_reward=14501.39, mean_episode_return=2298.6214117240393)
2026-09-08 19:19:29,864 [INFO] Epoch 30/100 done (real_buffer=35000, model_buffer=10000, rollout_len=1, cumulative_reward=37397.36, mean_episode_return=2927.7429570931326)
2026-09-08 19:22:57,296 [INFO] Epoch 40/100 done (real_buffer=45000, model_buffer=10000, rollout_len=1, cumulative_reward=69334.52, mean_episode_return=3338.780297000782)
2026-09-08 19:25:28,618 [INFO] Epoch 50/100 done (real_buffer=55000, model_buffer=10000, rollout_len=1, cumulative_reward=108831.35, mean_episode_return=4071.292131254966)
2026-09-08 19:28:12,080 [INFO] Epoch 60/100 done (real_buffer=65000, model_buffer=10000, rollout_len=1, cumulative_reward=152276.89, mean_episode_return=4831.011018062212)
2026-09-08 19:31:07,948 [INFO] Epoch 70/100 done (real_buffer=75000, model_buffer=10000, rollout_len=1, cumulative_reward=200819.83, mean_episode_return=5132.752388112576)
2026-09-08 19:34:13,886 [INFO] Epoch 80/100 done (real_buffer=85000, model_buffer=10000, rollout_len=1, cumulative_reward=253161.05, mean_episode_return=5689.254825824354)
2026-09-08 19:37:23,886 [INFO] Epoch 90/100 done (real_buffer=95000, model_buffer=10000, rollout_len=1, cumulative_reward=307518.22, mean_episode_return=5650.058015487046)
2026-09-08 19:41:27,120 [INFO] Epoch 100/100 done (real_buffer=105000, model_buffer=10000, rollout_len=1, cumulative_reward=363810.55, mean_episode_return=5577.885357304334)
2026-09-08 19:41:27,120 [INFO] Recording idle tail for 90s...
2026-09-08 19:42:57,195 [INFO] Run complete. Segment energy summary (kWh unless noted):
2026-09-08 19:42:57,195 [INFO]   idle_baseline_head: 0.0016860519667382607
2026-09-08 19:42:57,195 [INFO]   warmup: 5.639542094897825e-06
2026-09-08 19:42:57,195 [INFO]   dynamics_model_update: 0.03774738338399743
2026-09-08 19:42:57,195 [INFO]   rollout: 0.0006722536338948878
2026-09-08 19:42:57,195 [INFO]   synthetic_rollout_generation: 2.503618282181366e-05
2026-09-08 19:42:57,195 [INFO]   buffer_sample: 0.0004805881948528931
2026-09-08 19:42:57,195 [INFO]   critic_update: 0.006985765897706242
2026-09-08 19:42:57,195 [INFO]   actor_update: 0.00833431838044795
2026-09-08 19:42:57,195 [INFO]   target_update: 0.0007082960645859937
2026-09-08 19:42:57,195 [INFO]   _sub_segment_wall_time_seconds: {'buffer_sample': 11.64671328174154, 'critic_update': 169.29507078062306, 'actor_update': 201.97628159704982, 'target_update': 17.16505164123737}
2026-09-08 19:42:57,195 [INFO]   idle_baseline_tail: 0.0016953298747691067
2026-09-08 19:42:57,195 [INFO]   _total_kg_co2eq: 0.022224887448965752
2026-09-08 19:42:57,195 [INFO] Training summary: 100 epochs, final cumulative_reward=363810.55, final mean_episode_return=5577.885357304334, episodes completed=105
