2026-09-13 07:12:54,152 [INFO] === Experiment run: algo=mbpo env=Ant-v5 seed=331 ===
2026-09-13 07:12:54,152 [INFO] Run directory: results/mbpo/Ant-v5/seed_331/20260913_071254
2026-09-13 07:12:54,288 [INFO] Using device: cuda
2026-09-13 07:12:54,384 [INFO] Waiting for thermal baseline before starting...
2026-09-13 07:13:09,396 [INFO] Thermal gate result: {'gated': True, 'reason': 'reached_reference', 'waited_seconds': 1.1205673217773438e-05, 'final_temp_c': 40.0, 'final_power_w': 24.206}
2026-09-13 07:13:09,396 [INFO] Settling for 30s (unmeasured)...
2026-09-13 07:13:40,648 [INFO] Recording idle baseline for 90s...
2026-09-13 07:15:14,221 [INFO] Starting warmup: 5000 steps
2026-09-13 07:15:14,885 [INFO] Starting measured training: 100 epochs x 1000 steps = 100000 env steps
2026-09-13 07:16:40,764 [INFO] Epoch 10/100 done (real_buffer=15000, model_buffer=90000, rollout_len=1, cumulative_reward=-3477.51, mean_episode_return=-14.08691591319076)
2026-09-13 07:18:55,421 [INFO] Epoch 20/100 done (real_buffer=25000, model_buffer=190000, rollout_len=1, cumulative_reward=-8089.90, mean_episode_return=-72.6128898882019)
2026-09-13 07:21:35,697 [INFO] Epoch 30/100 done (real_buffer=35000, model_buffer=250000, rollout_len=4, cumulative_reward=-13117.97, mean_episode_return=-215.26122089268975)
2026-09-13 07:25:09,424 [INFO] Epoch 40/100 done (real_buffer=45000, model_buffer=250000, rollout_len=7, cumulative_reward=-22372.46, mean_episode_return=-2102.0636662633588)
2026-09-13 07:28:56,043 [INFO] Epoch 50/100 done (real_buffer=55000, model_buffer=250000, rollout_len=10, cumulative_reward=-31076.92, mean_episode_return=-1178.4782640857509)
2026-09-13 07:33:08,677 [INFO] Epoch 60/100 done (real_buffer=65000, model_buffer=250000, rollout_len=13, cumulative_reward=-38868.68, mean_episode_return=-382.15004706702365)
2026-09-13 07:37:16,383 [INFO] Epoch 70/100 done (real_buffer=75000, model_buffer=250000, rollout_len=16, cumulative_reward=-42434.79, mean_episode_return=-88.71552045622475)
2026-09-13 07:42:24,003 [INFO] Epoch 80/100 done (real_buffer=85000, model_buffer=250000, rollout_len=19, cumulative_reward=-44318.24, mean_episode_return=48.41550741514472)
2026-09-13 07:46:30,724 [INFO] Epoch 90/100 done (real_buffer=95000, model_buffer=250000, rollout_len=22, cumulative_reward=-47824.60, mean_episode_return=-434.1487762362397)
2026-09-13 07:50:33,564 [INFO] Epoch 100/100 done (real_buffer=105000, model_buffer=250000, rollout_len=25, cumulative_reward=-51023.28, mean_episode_return=116.33400392807584)
2026-09-13 07:50:33,564 [INFO] Recording idle tail for 90s...
2026-09-13 07:52:03,629 [INFO] Run complete. Segment energy summary (kWh unless noted):
2026-09-13 07:52:03,629 [INFO]   idle_baseline_head: 0.0015422756267227616
2026-09-13 07:52:03,629 [INFO]   warmup: 2.0791621776553026e-05
2026-09-13 07:52:03,629 [INFO]   dynamics_model_update: 0.05452998097025193
2026-09-13 07:52:03,629 [INFO]   rollout: 0.001144458177838402
2026-09-13 07:52:03,629 [INFO]   synthetic_rollout_generation: 0.00017806504438085385
2026-09-13 07:52:03,629 [INFO]   buffer_sample: 0.000500521685065618
2026-09-13 07:52:03,629 [INFO]   critic_update: 0.005458137606299797
2026-09-13 07:52:03,629 [INFO]   actor_update: 0.006613258384808015
2026-09-13 07:52:03,629 [INFO]   target_update: 0.0005736623889289012
2026-09-13 07:52:03,629 [INFO]   _sub_segment_wall_time_seconds: {'buffer_sample': 15.043270141301036, 'critic_update': 164.04531697602215, 'actor_update': 198.76268174844154, 'target_update': 17.2415272785438}
2026-09-13 07:52:03,629 [INFO]   idle_baseline_tail: 0.0015990899648554296
2026-09-13 07:52:03,629 [INFO]   _total_kg_co2eq: 0.02748945546799725
2026-09-13 07:52:03,629 [INFO] Training summary: 100 epochs, final cumulative_reward=-51023.28, final mean_episode_return=116.33400392807584, episodes completed=284
