2026-09-18 18:06:08,821 [INFO] === Experiment run: algo=tdmpc2 env=Ant-v5 seed=85062 ===
2026-09-18 18:06:08,821 [INFO] Run directory: results/tdmpc2/Ant-v5/seed_85062/20260918_180608
2026-09-18 18:06:08,952 [INFO] Using device: cuda
2026-09-18 18:06:09,048 [INFO] Waiting for thermal baseline before starting...
2026-09-18 18:06:19,059 [INFO] Thermal gate result: {'gated': True, 'reason': 'reached_reference', 'waited_seconds': 9.775161743164062e-06, 'final_temp_c': 43.0, 'final_power_w': 26.443}
2026-09-18 18:06:19,059 [INFO] Settling for 30s (unmeasured)...
2026-09-18 18:06:50,294 [INFO] Recording idle baseline for 90s...
2026-09-18 18:08:23,880 [INFO] Starting warmup: 5000 steps
2026-09-18 18:08:24,558 [INFO] Pretraining world model on seed data: 5000 updates
2026-09-18 18:09:14,455 [INFO] Pretrain burst done: 5000 updates, mean total_loss=0.1556
2026-09-18 18:09:14,455 [INFO] Starting measured training: 100 epochs x 1000 steps = 100000 env steps
2026-09-18 18:12:46,199 [INFO] Epoch 10/100 done (buffer size=14271, cumulative_reward=-21.43, mean_episode_return=272.0277014842512)
2026-09-18 18:16:27,728 [INFO] Epoch 20/100 done (buffer size=24182, cumulative_reward=6433.01, mean_episode_return=128.27327328720966)
2026-09-18 18:20:05,175 [INFO] Epoch 30/100 done (buffer size=34991, cumulative_reward=14730.67, mean_episode_return=-7.20950157937821)
2026-09-18 18:23:47,114 [INFO] Epoch 40/100 done (buffer size=44994, cumulative_reward=30870.46, mean_episode_return=88.61384353175973)
2026-09-18 18:27:21,799 [INFO] Epoch 50/100 done (buffer size=54986, cumulative_reward=46071.29, mean_episode_return=153.07417705733803)
2026-09-18 18:31:00,669 [INFO] Epoch 60/100 done (buffer size=64114, cumulative_reward=61459.40, mean_episode_return=59.08367928137988)
2026-09-18 18:34:43,784 [INFO] Epoch 70/100 done (buffer size=74997, cumulative_reward=80453.57, mean_episode_return=24.205131297484982)
2026-09-18 18:38:16,629 [INFO] Epoch 80/100 done (buffer size=84848, cumulative_reward=106313.65, mean_episode_return=112.55498504507034)
2026-09-18 18:41:48,973 [INFO] Epoch 90/100 done (buffer size=94949, cumulative_reward=130492.60, mean_episode_return=36.40021513447337)
2026-09-18 18:45:29,968 [INFO] Epoch 100/100 done (buffer size=104967, cumulative_reward=147190.80, mean_episode_return=28.411458256533216)
2026-09-18 18:45:29,968 [INFO] Recording idle tail for 90s...
2026-09-18 18:47:00,040 [INFO] Run complete. Segment energy summary (kWh unless noted):
2026-09-18 18:47:00,040 [INFO]   idle_baseline_head: 0.0016472337290646974
2026-09-18 18:47:00,040 [INFO]   warmup: 2.1610596326244276e-05
2026-09-18 18:47:00,040 [INFO]   world_model_pretrain: 0.002319602298459484
2026-09-18 18:47:00,040 [INFO]   rollout: 0.06195621106346472
2026-09-18 18:47:00,040 [INFO]   buffer_sample: 0.003148051555060028
2026-09-18 18:47:00,040 [INFO]   critic_update: 0.03310359390367836
2026-09-18 18:47:00,040 [INFO]   actor_update: 0.012549715205807018
2026-09-18 18:47:00,040 [INFO]   target_update: 0.0016540972369564332
2026-09-18 18:47:00,040 [INFO]   _sub_segment_wall_time_seconds: {'buffer_sample': 67.35543604174018, 'critic_update': 708.2816030592076, 'actor_update': 268.5126101343885, 'target_update': 35.39091997129435}
2026-09-18 18:47:00,040 [INFO]   idle_baseline_tail: 0.0017451665399662308
2026-09-18 18:47:00,040 [INFO]   _total_kg_co2eq: 0.045007457003773885
2026-09-18 18:47:00,040 [INFO] Training summary: 100 epochs, final cumulative_reward=147190.80, final mean_episode_return=28.411458256533216, episodes completed=2587
