2026-09-19 07:08:55,417 [INFO] === Experiment run: algo=tdmpc2 env=Ant-v5 seed=14577 ===
2026-09-19 07:08:55,417 [INFO] Run directory: results/tdmpc2/Ant-v5/seed_14577/20260919_070855
2026-09-19 07:08:55,529 [INFO] Using device: cuda
2026-09-19 07:08:55,617 [INFO] Waiting for thermal baseline before starting...
2026-09-19 07:09:05,629 [INFO] Thermal gate result: {'gated': True, 'reason': 'reached_reference', 'waited_seconds': 1.0728836059570312e-05, 'final_temp_c': 44.0, 'final_power_w': 27.102}
2026-09-19 07:09:05,629 [INFO] Settling for 30s (unmeasured)...
2026-09-19 07:09:36,871 [INFO] Recording idle baseline for 90s...
2026-09-19 07:11:10,454 [INFO] Starting warmup: 5000 steps
2026-09-19 07:11:11,138 [INFO] Pretraining world model on seed data: 5000 updates
2026-09-19 07:12:06,305 [INFO] Pretrain burst done: 5000 updates, mean total_loss=0.2268
2026-09-19 07:12:06,305 [INFO] Starting measured training: 100 epochs x 1000 steps = 100000 env steps
2026-09-19 07:15:05,487 [INFO] Epoch 10/100 done (buffer size=14579, cumulative_reward=392.20, mean_episode_return=143.73342782577512)
2026-09-19 07:17:55,463 [INFO] Epoch 20/100 done (buffer size=24760, cumulative_reward=3387.26, mean_episode_return=155.50388631185683)
2026-09-19 07:20:57,660 [INFO] Epoch 30/100 done (buffer size=34804, cumulative_reward=8178.06, mean_episode_return=200.37689046439218)
2026-09-19 07:23:58,571 [INFO] Epoch 40/100 done (buffer size=44060, cumulative_reward=16050.12, mean_episode_return=158.45744495628048)
2026-09-19 07:26:56,728 [INFO] Epoch 50/100 done (buffer size=54166, cumulative_reward=25166.07, mean_episode_return=293.14447300046334)
2026-09-19 07:29:47,433 [INFO] Epoch 60/100 done (buffer size=64968, cumulative_reward=33136.49, mean_episode_return=151.23744472015096)
2026-09-19 07:32:37,682 [INFO] Epoch 70/100 done (buffer size=74999, cumulative_reward=44464.32, mean_episode_return=153.0686109895067)
2026-09-19 07:35:28,170 [INFO] Epoch 80/100 done (buffer size=84429, cumulative_reward=59667.66, mean_episode_return=438.55075017555953)
2026-09-19 07:38:26,875 [INFO] Epoch 90/100 done (buffer size=94998, cumulative_reward=71659.66, mean_episode_return=182.20917280142834)
2026-09-19 07:41:32,132 [INFO] Epoch 100/100 done (buffer size=104959, cumulative_reward=88668.02, mean_episode_return=242.6240636916913)
2026-09-19 07:41:32,133 [INFO] Recording idle tail for 90s...
2026-09-19 07:43:02,202 [INFO] Run complete. Segment energy summary (kWh unless noted):
2026-09-19 07:43:02,203 [INFO]   idle_baseline_head: 0.0016433303854955885
2026-09-19 07:43:02,203 [INFO]   warmup: 2.2086118679473738e-05
2026-09-19 07:43:02,203 [INFO]   world_model_pretrain: 0.0020976962785382034
2026-09-19 07:43:02,203 [INFO]   rollout: 0.04148575649228891
2026-09-19 07:43:02,203 [INFO]   buffer_sample: 0.0024777359320737897
2026-09-19 07:43:02,203 [INFO]   critic_update: 0.023854902632482706
2026-09-19 07:43:02,203 [INFO]   actor_update: 0.011847993097336747
2026-09-19 07:43:02,203 [INFO]   target_update: 0.0023711778640835976
2026-09-19 07:43:02,203 [INFO]   _sub_segment_wall_time_seconds: {'buffer_sample': 61.34369843779132, 'critic_update': 590.5988343661447, 'actor_update': 293.3321934140695, 'target_update': 58.70553756508161}
2026-09-19 07:43:02,203 [INFO]   idle_baseline_tail: 0.0016928607290757625
2026-09-19 07:43:02,203 [INFO]   _total_kg_co2eq: 0.03333068025118438
2026-09-19 07:43:02,203 [INFO] Training summary: 100 epochs, final cumulative_reward=88668.02, final mean_episode_return=242.6240636916913, episodes completed=559
