2026-09-19 05:28:36,561 [INFO] === Experiment run: algo=tdmpc2 env=HalfCheetah-v5 seed=85062 ===
2026-09-19 05:28:36,561 [INFO] Run directory: results/tdmpc2/HalfCheetah-v5/seed_85062/20260919_052836
2026-09-19 05:28:36,692 [INFO] Using device: cuda
2026-09-19 05:28:36,785 [INFO] Waiting for thermal baseline before starting...
2026-09-19 05:28:46,796 [INFO] Thermal gate result: {'gated': True, 'reason': 'reached_reference', 'waited_seconds': 1.1682510375976562e-05, 'final_temp_c': 44.0, 'final_power_w': 26.451}
2026-09-19 05:28:46,796 [INFO] Settling for 30s (unmeasured)...
2026-09-19 05:29:18,049 [INFO] Recording idle baseline for 90s...
2026-09-19 05:30:51,607 [INFO] Starting warmup: 5000 steps
2026-09-19 05:30:51,766 [INFO] Pretraining world model on seed data: 5000 updates
2026-09-19 05:31:39,043 [INFO] Pretrain burst done: 5000 updates, mean total_loss=0.1778
2026-09-19 05:31:39,043 [INFO] Starting measured training: 100 epochs x 1000 steps = 100000 env steps
2026-09-19 05:34:15,142 [INFO] Epoch 10/100 done (buffer size=15000, cumulative_reward=10324.64, mean_episode_return=2048.8084392478586)
2026-09-19 05:37:00,939 [INFO] Epoch 20/100 done (buffer size=25000, cumulative_reward=27879.47, mean_episode_return=163.81389906437252)
2026-09-19 05:39:50,062 [INFO] Epoch 30/100 done (buffer size=35000, cumulative_reward=37795.87, mean_episode_return=1657.3215737614635)
2026-09-19 05:42:39,561 [INFO] Epoch 40/100 done (buffer size=45000, cumulative_reward=63786.49, mean_episode_return=2999.353470691805)
2026-09-19 05:45:24,579 [INFO] Epoch 50/100 done (buffer size=55000, cumulative_reward=98945.24, mean_episode_return=4718.370181062126)
2026-09-19 05:48:01,510 [INFO] Epoch 60/100 done (buffer size=65000, cumulative_reward=138287.02, mean_episode_return=1658.6214688877735)
2026-09-19 05:50:50,090 [INFO] Epoch 70/100 done (buffer size=75000, cumulative_reward=179260.47, mean_episode_return=5262.337163202397)
2026-09-19 05:53:31,851 [INFO] Epoch 80/100 done (buffer size=85000, cumulative_reward=229254.11, mean_episode_return=4910.579554654363)
2026-09-19 05:56:19,275 [INFO] Epoch 90/100 done (buffer size=95000, cumulative_reward=284157.40, mean_episode_return=5369.584726936941)
2026-09-19 05:59:09,199 [INFO] Epoch 100/100 done (buffer size=105000, cumulative_reward=344766.42, mean_episode_return=6232.582418658998)
2026-09-19 05:59:09,199 [INFO] Recording idle tail for 90s...
2026-09-19 06:00:39,265 [INFO] Run complete. Segment energy summary (kWh unless noted):
2026-09-19 06:00:39,265 [INFO]   idle_baseline_head: 0.0016356929399606564
2026-09-19 06:00:39,265 [INFO]   warmup: 4.25459012680352e-06
2026-09-19 06:00:39,265 [INFO]   world_model_pretrain: 0.0018748138950437515
2026-09-19 06:00:39,265 [INFO]   rollout: 0.03759250112464589
2026-09-19 06:00:39,265 [INFO]   buffer_sample: 0.002236212561136021
2026-09-19 06:00:39,265 [INFO]   critic_update: 0.022166026732701818
2026-09-19 06:00:39,265 [INFO]   actor_update: 0.0119480046744522
2026-09-19 06:00:39,265 [INFO]   target_update: 0.002311142946206278
2026-09-19 06:00:39,265 [INFO]   _sub_segment_wall_time_seconds: {'buffer_sample': 55.88677766361798, 'critic_update': 553.9669301683025, 'actor_update': 298.60107771944604, 'target_update': 57.75941617904755}
2026-09-19 06:00:39,265 [INFO]   idle_baseline_tail: 0.0017092023366115927
2026-09-19 06:00:39,265 [INFO]   _total_kg_co2eq: 0.031039005785453818
2026-09-19 06:00:39,265 [INFO] Training summary: 100 epochs, final cumulative_reward=344766.42, final mean_episode_return=6232.582418658998, episodes completed=105
