2026-09-09 13:05:50,627 [INFO] === Experiment run: algo=td3 env=Ant-v5 seed=958 ===
2026-09-09 13:05:50,627 [INFO] Run directory: results/td3/Ant-v5/seed_958/20260909_130550
2026-09-09 13:05:50,764 [INFO] Using device: cuda
2026-09-09 13:05:50,855 [INFO] Waiting for thermal baseline before starting...
2026-09-09 13:06:00,866 [INFO] Thermal gate result: {'gated': True, 'reason': 'reached_reference', 'waited_seconds': 1.0013580322265625e-05, 'final_temp_c': 53.0, 'final_power_w': 36.454}
2026-09-09 13:06:00,866 [INFO] Settling for 30s (unmeasured)...
2026-09-09 13:06:32,096 [INFO] Recording idle baseline for 90s...
2026-09-09 13:08:05,646 [INFO] Starting warmup: 10000 steps
2026-09-09 13:08:06,988 [INFO] Starting measured training: 100 epochs x 1000 steps = 100000 env steps
2026-09-09 13:08:30,133 [INFO] Epoch 10/100 done (buffer size=20000, cumulative_reward=5989.90, mean_episode_return=67.71267437891888)
2026-09-09 13:08:51,980 [INFO] Epoch 20/100 done (buffer size=30000, cumulative_reward=9819.34, mean_episode_return=44.88580067948927)
2026-09-09 13:09:13,970 [INFO] Epoch 30/100 done (buffer size=40000, cumulative_reward=14894.93, mean_episode_return=62.17636135757382)
2026-09-09 13:09:36,225 [INFO] Epoch 40/100 done (buffer size=50000, cumulative_reward=21263.22, mean_episode_return=130.99442578803203)
2026-09-09 13:09:58,255 [INFO] Epoch 50/100 done (buffer size=60000, cumulative_reward=28453.54, mean_episode_return=825.8564453905415)
2026-09-09 13:10:20,255 [INFO] Epoch 60/100 done (buffer size=70000, cumulative_reward=35054.76, mean_episode_return=233.0437915108251)
2026-09-09 13:10:42,396 [INFO] Epoch 70/100 done (buffer size=80000, cumulative_reward=44027.64, mean_episode_return=160.96639575627736)
2026-09-09 13:11:04,447 [INFO] Epoch 80/100 done (buffer size=90000, cumulative_reward=53364.40, mean_episode_return=533.0956678997054)
2026-09-09 13:11:26,520 [INFO] Epoch 90/100 done (buffer size=100000, cumulative_reward=64201.46, mean_episode_return=331.8786542097567)
2026-09-09 13:11:48,577 [INFO] Epoch 100/100 done (buffer size=110000, cumulative_reward=74571.98, mean_episode_return=563.0537483887065)
2026-09-09 13:11:48,577 [INFO] Recording idle tail for 90s...
2026-09-09 13:13:18,638 [INFO] Run complete. Segment energy summary (kWh unless noted):
2026-09-09 13:13:18,638 [INFO]   idle_baseline_head: 0.001917679977667559
2026-09-09 13:13:18,638 [INFO]   warmup: 4.4254803545997184e-05
2026-09-09 13:13:18,638 [INFO]   rollout: 0.0008676613195117392
2026-09-09 13:13:18,638 [INFO]   buffer_sample: 0.00041909950487672716
2026-09-09 13:13:18,638 [INFO]   critic_update: 0.005246650670850894
2026-09-09 13:13:18,638 [INFO]   actor_update: 0.0014713125316302169
2026-09-09 13:13:18,638 [INFO]   target_update: 0.0004895567483639993
2026-09-09 13:13:18,638 [INFO]   _sub_segment_wall_time_seconds: {'buffer_sample': 9.915337991391425, 'critic_update': 124.1287907022197, 'actor_update': 34.809301543733454, 'target_update': 11.5822628504975}
2026-09-09 13:13:18,638 [INFO]   idle_baseline_tail: 0.0017821145287638656
2026-09-09 13:13:18,638 [INFO]   _total_kg_co2eq: 0.004662205885376814
2026-09-09 13:13:18,638 [INFO] Training summary: 100 epochs, final cumulative_reward=74571.98, final mean_episode_return=563.0537483887065, episodes completed=346
