2026-09-13 11:14:39,158 [INFO] === Experiment run: algo=td3 env=HalfCheetah-v5 seed=43611 ===
2026-09-13 11:14:39,158 [INFO] Run directory: results/td3/HalfCheetah-v5/seed_43611/20260913_111439
2026-09-13 11:14:39,293 [INFO] Using device: cuda
2026-09-13 11:14:39,389 [INFO] Waiting for thermal baseline before starting...
2026-09-13 11:14:49,400 [INFO] Thermal gate result: {'gated': True, 'reason': 'reached_reference', 'waited_seconds': 1.0728836059570312e-05, 'final_temp_c': 51.0, 'final_power_w': 31.86}
2026-09-13 11:14:49,400 [INFO] Settling for 30s (unmeasured)...
2026-09-13 11:15:20,634 [INFO] Recording idle baseline for 90s...
2026-09-13 11:16:54,190 [INFO] Starting warmup: 10000 steps
2026-09-13 11:16:54,492 [INFO] Starting measured training: 100 epochs x 1000 steps = 100000 env steps
2026-09-13 11:17:14,802 [INFO] Epoch 10/100 done (buffer size=20000, cumulative_reward=-2576.33, mean_episode_return=741.163522712307)
2026-09-13 11:17:35,006 [INFO] Epoch 20/100 done (buffer size=30000, cumulative_reward=4280.51, mean_episode_return=1389.485634567178)
2026-09-13 11:17:55,034 [INFO] Epoch 30/100 done (buffer size=40000, cumulative_reward=26358.06, mean_episode_return=2906.4181043487415)
2026-09-13 11:18:17,727 [INFO] Epoch 40/100 done (buffer size=50000, cumulative_reward=61348.06, mean_episode_return=4039.3847765933283)
2026-09-13 11:18:37,765 [INFO] Epoch 50/100 done (buffer size=60000, cumulative_reward=98699.85, mean_episode_return=4264.54339957688)
2026-09-13 11:18:57,811 [INFO] Epoch 60/100 done (buffer size=70000, cumulative_reward=144709.48, mean_episode_return=5117.9725149948845)
2026-09-13 11:19:18,689 [INFO] Epoch 70/100 done (buffer size=80000, cumulative_reward=189209.79, mean_episode_return=4800.217569106337)
2026-09-13 11:19:39,654 [INFO] Epoch 80/100 done (buffer size=90000, cumulative_reward=244739.44, mean_episode_return=5747.0746969528)
2026-09-13 11:19:59,805 [INFO] Epoch 90/100 done (buffer size=100000, cumulative_reward=303711.61, mean_episode_return=5663.055874097492)
2026-09-13 11:20:20,038 [INFO] Epoch 100/100 done (buffer size=110000, cumulative_reward=365955.42, mean_episode_return=6761.153123342191)
2026-09-13 11:20:20,038 [INFO] Recording idle tail for 90s...
2026-09-13 11:21:50,102 [INFO] Run complete. Segment energy summary (kWh unless noted):
2026-09-13 11:21:50,102 [INFO]   idle_baseline_head: 0.0017719173612371429
2026-09-13 11:21:50,102 [INFO]   warmup: 9.777841620942735e-06
2026-09-13 11:21:50,102 [INFO]   rollout: 0.00036485483423231036
2026-09-13 11:21:50,102 [INFO]   buffer_sample: 0.00031453757338592813
2026-09-13 11:21:50,102 [INFO]   critic_update: 0.004587174288794798
2026-09-13 11:21:50,102 [INFO]   actor_update: 0.0012791992901558435
2026-09-13 11:21:50,102 [INFO]   target_update: 0.0004203215008688203
2026-09-13 11:21:50,102 [INFO]   _sub_segment_wall_time_seconds: {'buffer_sample': 8.71313041375106, 'critic_update': 127.07113931929052, 'actor_update': 35.43560828146292, 'target_update': 11.643493059826142}
2026-09-13 11:21:50,102 [INFO]   idle_baseline_tail: 0.0019373769745454211
2026-09-13 11:21:50,102 [INFO]   _total_kg_co2eq: 0.004070526805967039
2026-09-13 11:21:50,102 [INFO] Training summary: 100 epochs, final cumulative_reward=365955.42, final mean_episode_return=6761.153123342191, episodes completed=110
