2026-09-10 13:55:24,049 [INFO] === Experiment run: algo=tdmpc2 env=HalfCheetah-v5 seed=14577 ===
2026-09-10 13:55:24,049 [INFO] Run directory: results/tdmpc2/HalfCheetah-v5/seed_14577/20260910_135524
2026-09-10 13:55:24,181 [INFO] Using device: cuda
2026-09-10 13:55:24,273 [INFO] Waiting for thermal baseline before starting...
2026-09-10 13:55:44,284 [INFO] Thermal gate result: {'gated': True, 'reason': 'reached_reference', 'waited_seconds': 1.049041748046875e-05, 'final_temp_c': 43.0, 'final_power_w': 27.62}
2026-09-10 13:55:44,284 [INFO] Settling for 30s (unmeasured)...
2026-09-10 13:56:15,517 [INFO] Recording idle baseline for 90s...
2026-09-10 13:57:49,071 [INFO] Starting warmup: 5000 steps
2026-09-10 13:57:49,236 [INFO] Pretraining world model on seed data: 5000 updates
2026-09-10 13:58:56,675 [INFO] Pretrain burst done: 5000 updates, mean total_loss=0.1080
2026-09-10 13:58:56,675 [INFO] Starting measured training: 100 epochs x 1000 steps = 100000 env steps
2026-09-10 14:02:52,348 [INFO] Epoch 10/100 done (buffer size=15000, cumulative_reward=5076.52, mean_episode_return=1386.3105190843144)
2026-09-10 14:06:48,436 [INFO] Epoch 20/100 done (buffer size=25000, cumulative_reward=22367.77, mean_episode_return=1223.5848537199724)
2026-09-10 14:10:44,168 [INFO] Epoch 30/100 done (buffer size=35000, cumulative_reward=52094.05, mean_episode_return=3861.0778779193033)
2026-09-10 14:14:40,124 [INFO] Epoch 40/100 done (buffer size=45000, cumulative_reward=88371.81, mean_episode_return=5140.647601748494)
2026-09-10 14:18:36,200 [INFO] Epoch 50/100 done (buffer size=55000, cumulative_reward=140432.66, mean_episode_return=6071.681847003987)
2026-09-10 14:22:32,510 [INFO] Epoch 60/100 done (buffer size=65000, cumulative_reward=187786.00, mean_episode_return=425.67749732577226)
2026-09-10 14:26:29,351 [INFO] Epoch 70/100 done (buffer size=75000, cumulative_reward=250867.16, mean_episode_return=8469.993189440056)
2026-09-10 14:30:07,233 [INFO] Epoch 80/100 done (buffer size=85000, cumulative_reward=309563.87, mean_episode_return=3032.8397334762067)
2026-09-10 14:33:45,105 [INFO] Epoch 90/100 done (buffer size=95000, cumulative_reward=388007.67, mean_episode_return=8584.560954487986)
2026-09-10 14:37:34,591 [INFO] Epoch 100/100 done (buffer size=105000, cumulative_reward=462978.05, mean_episode_return=5801.543372962031)
2026-09-10 14:37:34,591 [INFO] Recording idle tail for 90s...
2026-09-10 14:39:04,662 [INFO] Run complete. Segment energy summary (kWh unless noted):
2026-09-10 14:39:04,662 [INFO]   idle_baseline_head: 0.0016150685442726342
2026-09-10 14:39:04,662 [INFO]   warmup: 5.217540358960337e-06
2026-09-10 14:39:04,662 [INFO]   world_model_pretrain: 0.0031081841683206117
2026-09-10 14:39:04,662 [INFO]   rollout: 0.059328963186825456
2026-09-10 14:39:04,662 [INFO]   buffer_sample: 0.002717553547958574
2026-09-10 14:39:04,662 [INFO]   critic_update: 0.04108032568081013
2026-09-10 14:39:04,662 [INFO]   actor_update: 0.015712012643970354
2026-09-10 14:39:04,662 [INFO]   target_update: 0.002743799954049746
2026-09-10 14:39:04,662 [INFO]   _sub_segment_wall_time_seconds: {'buffer_sample': 56.09926703216479, 'critic_update': 848.0333945460843, 'actor_update': 324.34775520393123, 'target_update': 56.64107940787653}
2026-09-10 14:39:04,662 [INFO]   idle_baseline_tail: 0.0017936307363159154
2026-09-10 14:39:04,662 [INFO]   _total_kg_co2eq: 0.048801517738485095
2026-09-10 14:39:04,662 [INFO] Training summary: 100 epochs, final cumulative_reward=462978.05, final mean_episode_return=5801.543372962031, episodes completed=105
