2026-09-08 21:19:56,797 [INFO] === Experiment run: algo=mbpo env=HalfCheetah-v5 seed=43611 ===
2026-09-08 21:19:56,797 [INFO] Run directory: results/mbpo/HalfCheetah-v5/seed_43611/20260908_211956
2026-09-08 21:19:56,930 [INFO] Using device: cuda
2026-09-08 21:19:57,011 [INFO] Waiting for thermal baseline before starting...
2026-09-08 21:20:12,022 [INFO] Thermal gate result: {'gated': True, 'reason': 'reached_reference', 'waited_seconds': 9.5367431640625e-06, 'final_temp_c': 43.0, 'final_power_w': 26.898}
2026-09-08 21:20:12,022 [INFO] Settling for 30s (unmeasured)...
2026-09-08 21:20:43,267 [INFO] Recording idle baseline for 90s...
2026-09-08 21:22:16,824 [INFO] Starting warmup: 5000 steps
2026-09-08 21:22:16,980 [INFO] Starting measured training: 100 epochs x 1000 steps = 100000 env steps
2026-09-08 21:23:51,511 [INFO] Epoch 10/100 done (real_buffer=15000, model_buffer=10000, rollout_len=1, cumulative_reward=-2919.74, mean_episode_return=388.54430230174273)
2026-09-08 21:25:02,949 [INFO] Epoch 20/100 done (real_buffer=25000, model_buffer=10000, rollout_len=1, cumulative_reward=6756.35, mean_episode_return=1179.0868495194557)
2026-09-08 21:26:38,002 [INFO] Epoch 30/100 done (real_buffer=35000, model_buffer=10000, rollout_len=1, cumulative_reward=27213.12, mean_episode_return=2474.9292797430357)
2026-09-08 21:29:49,432 [INFO] Epoch 40/100 done (real_buffer=45000, model_buffer=10000, rollout_len=1, cumulative_reward=55394.53, mean_episode_return=3378.761398955294)
2026-09-08 21:32:52,846 [INFO] Epoch 50/100 done (real_buffer=55000, model_buffer=10000, rollout_len=1, cumulative_reward=84320.36, mean_episode_return=3894.6955787214797)
2026-09-08 21:36:07,786 [INFO] Epoch 60/100 done (real_buffer=65000, model_buffer=10000, rollout_len=1, cumulative_reward=121539.61, mean_episode_return=4129.743337093006)
2026-09-08 21:38:57,994 [INFO] Epoch 70/100 done (real_buffer=75000, model_buffer=10000, rollout_len=1, cumulative_reward=160424.87, mean_episode_return=4819.347749511626)
2026-09-08 21:42:12,721 [INFO] Epoch 80/100 done (real_buffer=85000, model_buffer=10000, rollout_len=1, cumulative_reward=210212.26, mean_episode_return=5007.761573809494)
2026-09-08 21:45:55,974 [INFO] Epoch 90/100 done (real_buffer=95000, model_buffer=10000, rollout_len=1, cumulative_reward=261803.78, mean_episode_return=5670.279173497345)
2026-09-08 21:50:50,947 [INFO] Epoch 100/100 done (real_buffer=105000, model_buffer=10000, rollout_len=1, cumulative_reward=320600.89, mean_episode_return=6185.9912835456435)
2026-09-08 21:50:50,947 [INFO] Recording idle tail for 90s...
2026-09-08 21:52:21,011 [INFO] Run complete. Segment energy summary (kWh unless noted):
2026-09-08 21:52:21,011 [INFO]   idle_baseline_head: 0.0016108232949246341
2026-09-08 21:52:21,011 [INFO]   warmup: 5.534684154111149e-06
2026-09-08 21:52:21,011 [INFO]   dynamics_model_update: 0.04168401805904483
2026-09-08 21:52:21,011 [INFO]   rollout: 0.0006717607734451725
2026-09-08 21:52:21,011 [INFO]   synthetic_rollout_generation: 2.509982798498114e-05
2026-09-08 21:52:21,011 [INFO]   buffer_sample: 0.0004623287890496234
2026-09-08 21:52:21,011 [INFO]   critic_update: 0.006782905400779525
2026-09-08 21:52:21,011 [INFO]   actor_update: 0.008304045651050564
2026-09-08 21:52:21,011 [INFO]   target_update: 0.0007065328388263958
2026-09-08 21:52:21,011 [INFO]   _sub_segment_wall_time_seconds: {'buffer_sample': 11.167602729743521, 'critic_update': 163.8418256951918, 'actor_update': 200.58513568064518, 'target_update': 17.066378400857502}
2026-09-08 21:52:21,011 [INFO]   idle_baseline_tail: 0.0016886587810602677
2026-09-08 21:52:21,011 [INFO]   _total_kg_co2eq: 0.023596705541937452
2026-09-08 21:52:21,011 [INFO] Training summary: 100 epochs, final cumulative_reward=320600.89, final mean_episode_return=6185.9912835456435, episodes completed=105
