2026-09-19 04:24:32,301 [INFO] === Experiment run: algo=tdmpc2 env=HalfCheetah-v5 seed=14577 ===
2026-09-19 04:24:32,301 [INFO] Run directory: results/tdmpc2/HalfCheetah-v5/seed_14577/20260919_042432
2026-09-19 04:24:32,421 [INFO] Using device: cuda
2026-09-19 04:24:32,512 [INFO] Waiting for thermal baseline before starting...
2026-09-19 04:24:42,522 [INFO] Thermal gate result: {'gated': True, 'reason': 'reached_reference', 'waited_seconds': 1.049041748046875e-05, 'final_temp_c': 45.0, 'final_power_w': 24.937}
2026-09-19 04:24:42,523 [INFO] Settling for 30s (unmeasured)...
2026-09-19 04:25:13,762 [INFO] Recording idle baseline for 90s...
2026-09-19 04:26:47,350 [INFO] Starting warmup: 5000 steps
2026-09-19 04:26:47,505 [INFO] Pretraining world model on seed data: 5000 updates
2026-09-19 04:27:37,759 [INFO] Pretrain burst done: 5000 updates, mean total_loss=0.1747
2026-09-19 04:27:37,759 [INFO] Starting measured training: 100 epochs x 1000 steps = 100000 env steps
2026-09-19 04:30:26,863 [INFO] Epoch 10/100 done (buffer size=15000, cumulative_reward=4188.67, mean_episode_return=1496.3256988626608)
2026-09-19 04:33:15,897 [INFO] Epoch 20/100 done (buffer size=25000, cumulative_reward=19378.61, mean_episode_return=1414.6886790552826)
2026-09-19 04:36:04,862 [INFO] Epoch 30/100 done (buffer size=35000, cumulative_reward=42140.81, mean_episode_return=3162.8046031489857)
2026-09-19 04:38:53,807 [INFO] Epoch 40/100 done (buffer size=45000, cumulative_reward=74914.61, mean_episode_return=3700.9379674781762)
2026-09-19 04:41:30,221 [INFO] Epoch 50/100 done (buffer size=55000, cumulative_reward=114557.33, mean_episode_return=3595.7685249527476)
2026-09-19 04:44:14,971 [INFO] Epoch 60/100 done (buffer size=65000, cumulative_reward=156475.77, mean_episode_return=4608.16272053881)
2026-09-19 04:47:04,851 [INFO] Epoch 70/100 done (buffer size=75000, cumulative_reward=203460.84, mean_episode_return=4666.51687482222)
2026-09-19 04:49:54,631 [INFO] Epoch 80/100 done (buffer size=85000, cumulative_reward=248923.57, mean_episode_return=4650.524796280088)
2026-09-19 04:52:43,670 [INFO] Epoch 90/100 done (buffer size=95000, cumulative_reward=294188.26, mean_episode_return=4945.321804648703)
2026-09-19 04:55:33,462 [INFO] Epoch 100/100 done (buffer size=105000, cumulative_reward=348007.45, mean_episode_return=5682.303967250441)
2026-09-19 04:55:33,462 [INFO] Recording idle tail for 90s...
2026-09-19 04:57:03,532 [INFO] Run complete. Segment energy summary (kWh unless noted):
2026-09-19 04:57:03,532 [INFO]   idle_baseline_head: 0.0015986619315685377
2026-09-19 04:57:03,532 [INFO]   warmup: 5.740603174541736e-06
2026-09-19 04:57:03,532 [INFO]   world_model_pretrain: 0.001896800415692588
2026-09-19 04:57:03,532 [INFO]   rollout: 0.03751258871788797
2026-09-19 04:57:03,533 [INFO]   buffer_sample: 0.0021980272583999273
2026-09-19 04:57:03,533 [INFO]   critic_update: 0.02245712386430806
2026-09-19 04:57:03,533 [INFO]   actor_update: 0.012111812940701176
2026-09-19 04:57:03,533 [INFO]   target_update: 0.0022468200946031743
2026-09-19 04:57:03,533 [INFO]   _sub_segment_wall_time_seconds: {'buffer_sample': 55.92984572752903, 'critic_update': 571.4321641893985, 'actor_update': 308.1908227777094, 'target_update': 57.17140257857682}
2026-09-19 04:57:03,533 [INFO]   idle_baseline_tail: 0.0016888434208958136
2026-09-19 04:57:03,533 [INFO]   _total_kg_co2eq: 0.03112988067797724
2026-09-19 04:57:03,533 [INFO] Training summary: 100 epochs, final cumulative_reward=348007.45, final mean_episode_return=5682.303967250441, episodes completed=105
