2026-09-15 17:36:00,450 [INFO] === Experiment run: algo=mbpo env=HalfCheetah-v5 seed=958 ===
2026-09-15 17:36:00,450 [INFO] Run directory: results/mbpo/HalfCheetah-v5/seed_958/20260915_173600
2026-09-15 17:36:00,569 [INFO] Using device: cuda
2026-09-15 17:36:00,661 [INFO] Waiting for thermal baseline before starting...
2026-09-15 17:36:10,672 [INFO] Thermal gate result: {'gated': True, 'reason': 'reached_reference', 'waited_seconds': 9.5367431640625e-06, 'final_temp_c': 43.0, 'final_power_w': 24.186}
2026-09-15 17:36:10,672 [INFO] Settling for 30s (unmeasured)...
2026-09-15 17:36:41,903 [INFO] Recording idle baseline for 90s...
2026-09-15 17:38:15,468 [INFO] Starting warmup: 5000 steps
2026-09-15 17:38:15,626 [INFO] Starting measured training: 100 epochs x 1000 steps = 100000 env steps
2026-09-15 17:39:51,527 [INFO] Epoch 10/100 done (real_buffer=15000, model_buffer=10000, rollout_len=1, cumulative_reward=-1895.15, mean_episode_return=345.8432456172891)
2026-09-15 17:41:04,478 [INFO] Epoch 20/100 done (real_buffer=25000, model_buffer=10000, rollout_len=1, cumulative_reward=6108.99, mean_episode_return=1602.601080672181)
2026-09-15 17:42:39,380 [INFO] Epoch 30/100 done (real_buffer=35000, model_buffer=10000, rollout_len=1, cumulative_reward=24141.96, mean_episode_return=2061.281665600799)
2026-09-15 17:46:44,525 [INFO] Epoch 40/100 done (real_buffer=45000, model_buffer=10000, rollout_len=1, cumulative_reward=49178.67, mean_episode_return=2998.3346422350282)
2026-09-15 17:49:09,986 [INFO] Epoch 50/100 done (real_buffer=55000, model_buffer=10000, rollout_len=1, cumulative_reward=78622.65, mean_episode_return=3240.5107650477003)
2026-09-15 17:51:48,981 [INFO] Epoch 60/100 done (real_buffer=65000, model_buffer=10000, rollout_len=1, cumulative_reward=115079.33, mean_episode_return=3705.39395685287)
2026-09-15 17:54:55,960 [INFO] Epoch 70/100 done (real_buffer=75000, model_buffer=10000, rollout_len=1, cumulative_reward=157973.07, mean_episode_return=4370.043775491503)
2026-09-15 17:58:06,744 [INFO] Epoch 80/100 done (real_buffer=85000, model_buffer=10000, rollout_len=1, cumulative_reward=202945.82, mean_episode_return=4594.644534788284)
2026-09-15 18:01:06,816 [INFO] Epoch 90/100 done (real_buffer=95000, model_buffer=10000, rollout_len=1, cumulative_reward=251615.72, mean_episode_return=5017.016596194299)
2026-09-15 18:04:31,672 [INFO] Epoch 100/100 done (real_buffer=105000, model_buffer=10000, rollout_len=1, cumulative_reward=303586.95, mean_episode_return=5278.636648957483)
2026-09-15 18:04:31,672 [INFO] Recording idle tail for 90s...
2026-09-15 18:06:01,739 [INFO] Run complete. Segment energy summary (kWh unless noted):
2026-09-15 18:06:01,739 [INFO]   idle_baseline_head: 0.0015588647055464573
2026-09-15 18:06:01,739 [INFO]   warmup: 4.022281597249435e-06
2026-09-15 18:06:01,739 [INFO]   dynamics_model_update: 0.03639972218426099
2026-09-15 18:06:01,739 [INFO]   rollout: 0.0006557512774561583
2026-09-15 18:06:01,739 [INFO]   synthetic_rollout_generation: 1.7439642885377915e-05
2026-09-15 18:06:01,739 [INFO]   buffer_sample: 0.0008132056017586701
2026-09-15 18:06:01,739 [INFO]   critic_update: 0.009015358312145614
2026-09-15 18:06:01,739 [INFO]   actor_update: 0.010930304720729448
2026-09-15 18:06:01,739 [INFO]   target_update: 0.0008985660291937676
2026-09-15 18:06:01,739 [INFO]   _sub_segment_wall_time_seconds: {'buffer_sample': 15.348528313523275, 'critic_update': 170.15682382324303, 'actor_update': 206.29972434860247, 'target_update': 16.959630025696242}
2026-09-15 18:06:01,739 [INFO]   idle_baseline_tail: 0.0016271860953376363
2026-09-15 18:06:01,739 [INFO]   _total_kg_co2eq: 0.023588597901870827
2026-09-15 18:06:01,739 [INFO] Training summary: 100 epochs, final cumulative_reward=303586.95, final mean_episode_return=5278.636648957483, episodes completed=105
