2026-08-31 14:36:05,237 [INFO] === Experiment run: algo=sac env=HalfCheetah-v5 seed=56 ===
2026-08-31 14:36:05,237 [INFO] Run directory: results/sac/HalfCheetah-v5/seed_56/20260831_143605
2026-08-31 14:36:05,383 [INFO] Using device: cuda
2026-08-31 14:36:05,500 [INFO] Waiting for thermal baseline before starting...
2026-08-31 14:36:20,514 [INFO] Thermal gate result: {'gated': True, 'reason': 'reached_reference', 'waited_seconds': 1.1920928955078125e-05, 'final_temp_c': 46.0, 'final_power_w': 20.823}
2026-08-31 14:36:20,514 [INFO] Settling for 30s (unmeasured)...
2026-08-31 14:36:51,762 [INFO] Recording idle baseline for 90s...
2026-08-31 14:38:25,491 [INFO] Starting warmup: 5000 steps
2026-08-31 14:38:25,656 [INFO] Starting measured training: 100 epochs x 1000 steps = 100000 env steps
2026-08-31 14:42:49,051 [INFO] Epoch 10/100 done (buffer size=15000, cumulative_reward=-1242.54, mean_episode_return=232.341861420298)
2026-08-31 14:46:51,301 [INFO] Epoch 20/100 done (buffer size=25000, cumulative_reward=753.16, mean_episode_return=213.56152169507521)
2026-08-31 14:50:38,888 [INFO] Epoch 30/100 done (buffer size=35000, cumulative_reward=5030.51, mean_episode_return=806.1990630322284)
2026-08-31 14:54:32,827 [INFO] Epoch 40/100 done (buffer size=45000, cumulative_reward=16489.16, mean_episode_return=1455.8062807740366)
2026-08-31 14:58:28,532 [INFO] Epoch 50/100 done (buffer size=55000, cumulative_reward=26223.66, mean_episode_return=1680.7977890220877)
2026-08-31 15:02:23,859 [INFO] Epoch 60/100 done (buffer size=65000, cumulative_reward=42121.95, mean_episode_return=1953.7104271820367)
2026-08-31 15:06:13,809 [INFO] Epoch 70/100 done (buffer size=75000, cumulative_reward=63978.47, mean_episode_return=2107.270583323725)
2026-08-31 15:10:02,431 [INFO] Epoch 80/100 done (buffer size=85000, cumulative_reward=88781.40, mean_episode_return=3169.6498747331357)
2026-08-31 15:13:51,112 [INFO] Epoch 90/100 done (buffer size=95000, cumulative_reward=115198.78, mean_episode_return=2914.903622091139)
2026-08-31 15:17:39,737 [INFO] Epoch 100/100 done (buffer size=105000, cumulative_reward=144350.46, mean_episode_return=2994.1815132783695)
2026-08-31 15:17:39,737 [INFO] Recording idle tail for 90s...
2026-08-31 15:19:09,814 [INFO] Run complete. Segment energy summary (kWh unless noted):
2026-08-31 15:19:09,814 [INFO]   idle_baseline_head: 0.001496706488183757
2026-08-31 15:19:09,814 [INFO]   warmup: 3.852538722728905e-06
2026-08-31 15:19:09,814 [INFO]   rollout: 0.001222073144900687
2026-08-31 15:19:09,814 [INFO]   buffer_sample: 0.0031805777975204425
2026-08-31 15:19:09,814 [INFO]   critic_update: 0.02741841426385258
2026-08-31 15:19:09,814 [INFO]   actor_update: 0.030279759140198727
2026-08-31 15:19:09,814 [INFO]   target_update: 0.001314512531536769
2026-08-31 15:19:09,814 [INFO]   _sub_segment_wall_time_seconds: {'buffer_sample': 40.03110242911043, 'critic_update': 345.0911814500305, 'actor_update': 381.10438317687385, 'target_update': 16.544599486081097}
2026-08-31 15:19:09,814 [INFO]   idle_baseline_tail: 0.0014187817088251592
2026-08-31 15:19:09,814 [INFO]   _total_kg_co2eq: 0.02527021616698339
2026-08-31 15:19:09,814 [INFO] Training summary: 100 epochs, final cumulative_reward=144350.46, final mean_episode_return=2994.1815132783695, episodes completed=105
