2026-09-08 22:24:06,562 [INFO] === Experiment run: algo=mbpo env=Ant-v5 seed=331 ===
2026-09-08 22:24:06,562 [INFO] Run directory: results/mbpo/Ant-v5/seed_331/20260908_222406
2026-09-08 22:24:06,698 [INFO] Using device: cuda
2026-09-08 22:24:06,780 [INFO] Waiting for thermal baseline before starting...
2026-09-08 22:24:21,791 [INFO] Thermal gate result: {'gated': True, 'reason': 'reached_reference', 'waited_seconds': 9.775161743164062e-06, 'final_temp_c': 43.0, 'final_power_w': 26.017}
2026-09-08 22:24:21,791 [INFO] Settling for 30s (unmeasured)...
2026-09-08 22:24:53,035 [INFO] Recording idle baseline for 90s...
2026-09-08 22:26:26,584 [INFO] Starting warmup: 5000 steps
2026-09-08 22:26:27,252 [INFO] Starting measured training: 100 epochs x 1000 steps = 100000 env steps
2026-09-08 22:28:10,484 [INFO] Epoch 10/100 done (real_buffer=15000, model_buffer=90000, rollout_len=1, cumulative_reward=-3897.24, mean_episode_return=-50.831293785686576)
2026-09-08 22:29:58,022 [INFO] Epoch 20/100 done (real_buffer=25000, model_buffer=190000, rollout_len=1, cumulative_reward=-8774.28, mean_episode_return=-84.03948172565323)
2026-09-08 22:32:44,146 [INFO] Epoch 30/100 done (real_buffer=35000, model_buffer=250000, rollout_len=4, cumulative_reward=-12866.29, mean_episode_return=-153.57991962451425)
2026-09-08 22:36:27,566 [INFO] Epoch 40/100 done (real_buffer=45000, model_buffer=250000, rollout_len=7, cumulative_reward=-20238.51, mean_episode_return=-243.9477371874577)
2026-09-08 22:40:40,903 [INFO] Epoch 50/100 done (real_buffer=55000, model_buffer=250000, rollout_len=10, cumulative_reward=-18863.80, mean_episode_return=2.1098296462724417)
2026-09-08 22:45:06,819 [INFO] Epoch 60/100 done (real_buffer=65000, model_buffer=250000, rollout_len=13, cumulative_reward=-30565.01, mean_episode_return=-1900.5377278930412)
2026-09-08 22:49:57,520 [INFO] Epoch 70/100 done (real_buffer=75000, model_buffer=250000, rollout_len=16, cumulative_reward=-41274.49, mean_episode_return=-243.39683750980734)
2026-09-08 22:54:41,942 [INFO] Epoch 80/100 done (real_buffer=85000, model_buffer=250000, rollout_len=19, cumulative_reward=-41448.12, mean_episode_return=412.02755834336375)
2026-09-08 22:59:16,925 [INFO] Epoch 90/100 done (real_buffer=95000, model_buffer=250000, rollout_len=22, cumulative_reward=-43547.28, mean_episode_return=-257.59009904409913)
2026-09-08 23:04:03,609 [INFO] Epoch 100/100 done (real_buffer=105000, model_buffer=250000, rollout_len=25, cumulative_reward=-46841.86, mean_episode_return=-472.3295050575391)
2026-09-08 23:04:03,609 [INFO] Recording idle tail for 90s...
2026-09-08 23:05:33,672 [INFO] Run complete. Segment energy summary (kWh unless noted):
2026-09-08 23:05:33,672 [INFO]   idle_baseline_head: 0.0015987856194807643
2026-09-08 23:05:33,672 [INFO]   warmup: 1.997099051339311e-05
2026-09-08 23:05:33,672 [INFO]   dynamics_model_update: 0.05878887380021119
2026-09-08 23:05:33,672 [INFO]   rollout: 0.001196389530751015
2026-09-08 23:05:33,672 [INFO]   synthetic_rollout_generation: 0.00019756421053932264
2026-09-08 23:05:33,672 [INFO]   buffer_sample: 0.0006339619908323505
2026-09-08 23:05:33,672 [INFO]   critic_update: 0.006782630730755593
2026-09-08 23:05:33,672 [INFO]   actor_update: 0.008422723257251824
2026-09-08 23:05:33,672 [INFO]   target_update: 0.0007114104068875632
2026-09-08 23:05:33,672 [INFO]   _sub_segment_wall_time_seconds: {'buffer_sample': 15.15885823530698, 'critic_update': 162.1815490467634, 'actor_update': 201.3983009364165, 'target_update': 17.010750898443803}
2026-09-08 23:05:33,672 [INFO]   idle_baseline_tail: 0.0016888182895261755
2026-09-08 23:05:33,672 [INFO]   _total_kg_co2eq: 0.03049168192429839
2026-09-08 23:05:33,672 [INFO] Training summary: 100 epochs, final cumulative_reward=-46841.86, final mean_episode_return=-472.3295050575391, episodes completed=321
