2026-09-17 23:22:44,219 [INFO] === Experiment run: algo=mbpo env=Ant-v5 seed=14577 ===
2026-09-17 23:22:44,219 [INFO] Run directory: results/mbpo/Ant-v5/seed_14577/20260917_232244
2026-09-17 23:22:44,314 [INFO] Using device: cuda
2026-09-17 23:22:44,399 [INFO] Waiting for thermal baseline before starting...
2026-09-17 23:22:54,410 [INFO] Thermal gate result: {'gated': True, 'reason': 'reached_reference', 'waited_seconds': 1.0251998901367188e-05, 'final_temp_c': 40.0, 'final_power_w': 25.806}
2026-09-17 23:22:54,410 [INFO] Settling for 30s (unmeasured)...
2026-09-17 23:23:25,640 [INFO] Recording idle baseline for 90s...
2026-09-17 23:24:59,172 [INFO] Starting warmup: 5000 steps
2026-09-17 23:24:59,852 [INFO] Starting measured training: 100 epochs x 1000 steps = 100000 env steps
2026-09-17 23:26:22,649 [INFO] Epoch 10/100 done (real_buffer=15000, model_buffer=10000, rollout_len=1, cumulative_reward=-3199.74, mean_episode_return=-296.781665941276)
2026-09-17 23:28:33,835 [INFO] Epoch 20/100 done (real_buffer=25000, model_buffer=10000, rollout_len=1, cumulative_reward=-8414.33, mean_episode_return=-399.18068402823366)
2026-09-17 23:32:13,104 [INFO] Epoch 30/100 done (real_buffer=35000, model_buffer=10000, rollout_len=1, cumulative_reward=-15546.49, mean_episode_return=-585.7719964447433)
2026-09-17 23:36:17,982 [INFO] Epoch 40/100 done (real_buffer=45000, model_buffer=10000, rollout_len=1, cumulative_reward=-23443.00, mean_episode_return=-301.1734661716538)
2026-09-17 23:39:58,338 [INFO] Epoch 50/100 done (real_buffer=55000, model_buffer=10000, rollout_len=1, cumulative_reward=-27446.12, mean_episode_return=-554.5207102674865)
2026-09-17 23:43:33,141 [INFO] Epoch 60/100 done (real_buffer=65000, model_buffer=10000, rollout_len=1, cumulative_reward=-37860.91, mean_episode_return=-1264.7455295350098)
2026-09-17 23:46:43,753 [INFO] Epoch 70/100 done (real_buffer=75000, model_buffer=10000, rollout_len=1, cumulative_reward=-50350.49, mean_episode_return=-1372.8090431758758)
2026-09-17 23:49:39,727 [INFO] Epoch 80/100 done (real_buffer=85000, model_buffer=10000, rollout_len=1, cumulative_reward=-64831.81, mean_episode_return=-1284.596333318308)
2026-09-17 23:53:22,495 [INFO] Epoch 90/100 done (real_buffer=95000, model_buffer=10000, rollout_len=1, cumulative_reward=-78349.51, mean_episode_return=-1057.837733563517)
2026-09-17 23:56:39,577 [INFO] Epoch 100/100 done (real_buffer=105000, model_buffer=10000, rollout_len=1, cumulative_reward=-88807.45, mean_episode_return=-401.23686440968106)
2026-09-17 23:56:39,577 [INFO] Recording idle tail for 90s...
2026-09-17 23:58:09,643 [INFO] Run complete. Segment energy summary (kWh unless noted):
2026-09-17 23:58:09,643 [INFO]   idle_baseline_head: 0.0015127515175301475
2026-09-17 23:58:09,643 [INFO]   warmup: 2.111471068234525e-05
2026-09-17 23:58:09,643 [INFO]   dynamics_model_update: 0.047651440505125285
2026-09-17 23:58:09,643 [INFO]   rollout: 0.0011920732450493
2026-09-17 23:58:09,643 [INFO]   synthetic_rollout_generation: 2.7299742376829007e-05
2026-09-17 23:58:09,643 [INFO]   buffer_sample: 0.0005563729946032808
2026-09-17 23:58:09,643 [INFO]   critic_update: 0.007172686531245472
2026-09-17 23:58:09,643 [INFO]   actor_update: 0.00842121819284635
2026-09-17 23:58:09,644 [INFO]   target_update: 0.0007030901837776822
2026-09-17 23:58:09,644 [INFO]   _sub_segment_wall_time_seconds: {'buffer_sample': 13.696818025244283, 'critic_update': 176.57755341026495, 'actor_update': 207.31396789044084, 'target_update': 17.308709078170068}
2026-09-17 23:58:09,644 [INFO]   idle_baseline_tail: 0.0016200157088794992
2026-09-17 23:58:09,644 [INFO]   _total_kg_co2eq: 0.0262391076515138
2026-09-17 23:58:09,644 [INFO] Training summary: 100 epochs, final cumulative_reward=-88807.45, final mean_episode_return=-401.23686440968106, episodes completed=177
