2026-09-13 06:36:05,910 [INFO] === Experiment run: algo=mbpo env=Ant-v5 seed=85062 ===
2026-09-13 06:36:05,910 [INFO] Run directory: results/mbpo/Ant-v5/seed_85062/20260913_063605
2026-09-13 06:36:05,968 [INFO] Using device: cuda
2026-09-13 06:36:06,053 [INFO] Waiting for thermal baseline before starting...
2026-09-13 06:36:16,062 [INFO] Thermal gate result: {'gated': True, 'reason': 'reached_reference', 'waited_seconds': 1.0013580322265625e-05, 'final_temp_c': 40.0, 'final_power_w': 23.293}
2026-09-13 06:36:16,063 [INFO] Settling for 30s (unmeasured)...
2026-09-13 06:36:47,298 [INFO] Recording idle baseline for 90s...
2026-09-13 06:38:20,830 [INFO] Starting warmup: 5000 steps
2026-09-13 06:38:21,494 [INFO] Starting measured training: 100 epochs x 1000 steps = 100000 env steps
2026-09-13 06:39:43,886 [INFO] Epoch 10/100 done (real_buffer=15000, model_buffer=90000, rollout_len=1, cumulative_reward=-4009.25, mean_episode_return=-71.9810553865017)
2026-09-13 06:41:25,257 [INFO] Epoch 20/100 done (real_buffer=25000, model_buffer=190000, rollout_len=1, cumulative_reward=-8170.87, mean_episode_return=-151.41891390857387)
2026-09-13 06:43:30,820 [INFO] Epoch 30/100 done (real_buffer=35000, model_buffer=250000, rollout_len=4, cumulative_reward=-13283.11, mean_episode_return=-518.511729277337)
2026-09-13 06:47:20,974 [INFO] Epoch 40/100 done (real_buffer=45000, model_buffer=250000, rollout_len=7, cumulative_reward=-23357.49, mean_episode_return=-717.8661109845824)
2026-09-13 06:51:22,308 [INFO] Epoch 50/100 done (real_buffer=55000, model_buffer=250000, rollout_len=10, cumulative_reward=-36242.86, mean_episode_return=-1265.0855266058084)
2026-09-13 06:55:27,129 [INFO] Epoch 60/100 done (real_buffer=65000, model_buffer=250000, rollout_len=13, cumulative_reward=-48672.60, mean_episode_return=-932.7066018267143)
2026-09-13 06:59:58,723 [INFO] Epoch 70/100 done (real_buffer=75000, model_buffer=250000, rollout_len=16, cumulative_reward=-58446.65, mean_episode_return=-922.7899260428047)
2026-09-13 07:04:36,899 [INFO] Epoch 80/100 done (real_buffer=85000, model_buffer=250000, rollout_len=19, cumulative_reward=-69553.26, mean_episode_return=-1674.0283194549224)
2026-09-13 07:08:07,504 [INFO] Epoch 90/100 done (real_buffer=95000, model_buffer=250000, rollout_len=22, cumulative_reward=-77503.53, mean_episode_return=43.956978153501524)
2026-09-13 07:11:22,774 [INFO] Epoch 100/100 done (real_buffer=105000, model_buffer=250000, rollout_len=25, cumulative_reward=-82123.60, mean_episode_return=-885.2476468551315)
2026-09-13 07:11:22,774 [INFO] Recording idle tail for 90s...
2026-09-13 07:12:52,837 [INFO] Run complete. Segment energy summary (kWh unless noted):
2026-09-13 07:12:52,838 [INFO]   idle_baseline_head: 0.0015368087175752939
2026-09-13 07:12:52,838 [INFO]   warmup: 2.0961336909695568e-05
2026-09-13 07:12:52,838 [INFO]   dynamics_model_update: 0.04989931733848189
2026-09-13 07:12:52,838 [INFO]   rollout: 0.0011302015961272363
2026-09-13 07:12:52,838 [INFO]   synthetic_rollout_generation: 0.00014766586346148867
2026-09-13 07:12:52,838 [INFO]   buffer_sample: 0.00047959513584763195
2026-09-13 07:12:52,838 [INFO]   critic_update: 0.005211133687963373
2026-09-13 07:12:52,838 [INFO]   actor_update: 0.006263023303080055
2026-09-13 07:12:52,838 [INFO]   target_update: 0.0005396282802096839
2026-09-13 07:12:52,838 [INFO]   _sub_segment_wall_time_seconds: {'buffer_sample': 15.159865374211222, 'critic_update': 164.72244868980488, 'actor_update': 197.97237922864588, 'target_update': 17.05749593485234}
2026-09-13 07:12:52,838 [INFO]   idle_baseline_tail: 0.00161524819500386
2026-09-13 07:12:52,838 [INFO]   _total_kg_co2eq: 0.025464075854957812
2026-09-13 07:12:52,838 [INFO] Training summary: 100 epochs, final cumulative_reward=-82123.60, final mean_episode_return=-885.2476468551315, episodes completed=271
