2026-09-19 06:00:40,472 [INFO] === Experiment run: algo=tdmpc2 env=Ant-v5 seed=331 ===
2026-09-19 06:00:40,472 [INFO] Run directory: results/tdmpc2/Ant-v5/seed_331/20260919_060040
2026-09-19 06:00:40,604 [INFO] Using device: cuda
2026-09-19 06:00:40,702 [INFO] Waiting for thermal baseline before starting...
2026-09-19 06:00:50,713 [INFO] Thermal gate result: {'gated': True, 'reason': 'reached_reference', 'waited_seconds': 1.0251998901367188e-05, 'final_temp_c': 44.0, 'final_power_w': 25.527}
2026-09-19 06:00:50,713 [INFO] Settling for 30s (unmeasured)...
2026-09-19 06:01:21,955 [INFO] Recording idle baseline for 90s...
2026-09-19 06:02:55,544 [INFO] Starting warmup: 5000 steps
2026-09-19 06:02:56,217 [INFO] Pretraining world model on seed data: 5000 updates
2026-09-19 06:03:44,225 [INFO] Pretrain burst done: 5000 updates, mean total_loss=0.2397
2026-09-19 06:03:44,225 [INFO] Starting measured training: 100 epochs x 1000 steps = 100000 env steps
2026-09-19 06:06:31,452 [INFO] Epoch 10/100 done (buffer size=14039, cumulative_reward=-791.36, mean_episode_return=51.997530160138794)
2026-09-19 06:09:18,765 [INFO] Epoch 20/100 done (buffer size=24541, cumulative_reward=2435.85, mean_episode_return=63.96140896721946)
2026-09-19 06:12:17,301 [INFO] Epoch 30/100 done (buffer size=34952, cumulative_reward=7217.40, mean_episode_return=74.29699663641978)
2026-09-19 06:15:19,337 [INFO] Epoch 40/100 done (buffer size=44862, cumulative_reward=11875.53, mean_episode_return=-394.3792631665444)
2026-09-19 06:18:19,774 [INFO] Epoch 50/100 done (buffer size=54959, cumulative_reward=21187.74, mean_episode_return=204.48753801282822)
2026-09-19 06:21:08,345 [INFO] Epoch 60/100 done (buffer size=64849, cumulative_reward=33343.86, mean_episode_return=417.7262094244684)
2026-09-19 06:23:56,922 [INFO] Epoch 70/100 done (buffer size=74996, cumulative_reward=46173.17, mean_episode_return=352.36389339678755)
2026-09-19 06:26:56,420 [INFO] Epoch 80/100 done (buffer size=84889, cumulative_reward=63581.76, mean_episode_return=419.37612354841605)
2026-09-19 06:29:49,141 [INFO] Epoch 90/100 done (buffer size=94935, cumulative_reward=79252.19, mean_episode_return=218.09827368015206)
2026-09-19 06:32:52,358 [INFO] Epoch 100/100 done (buffer size=104116, cumulative_reward=94834.95, mean_episode_return=1633.1474147145468)
2026-09-19 06:32:52,359 [INFO] Recording idle tail for 90s...
2026-09-19 06:34:22,429 [INFO] Run complete. Segment energy summary (kWh unless noted):
2026-09-19 06:34:22,429 [INFO]   idle_baseline_head: 0.0016027618133739193
2026-09-19 06:34:22,429 [INFO]   warmup: 2.173634978156402e-05
2026-09-19 06:34:22,430 [INFO]   world_model_pretrain: 0.0018943040481875608
2026-09-19 06:34:22,430 [INFO]   rollout: 0.04143506440397404
2026-09-19 06:34:22,430 [INFO]   buffer_sample: 0.002483499623830268
2026-09-19 06:34:22,430 [INFO]   critic_update: 0.023536888040628413
2026-09-19 06:34:22,430 [INFO]   actor_update: 0.0117702712815216
2026-09-19 06:34:22,430 [INFO]   target_update: 0.0022823314116157474
2026-09-19 06:34:22,430 [INFO]   _sub_segment_wall_time_seconds: {'buffer_sample': 61.341194432083284, 'critic_update': 581.3493232584588, 'actor_update': 290.7197940640908, 'target_update': 56.37244054116309}
2026-09-19 06:34:22,430 [INFO]   idle_baseline_tail: 0.001700324961523475
2026-09-19 06:34:22,430 [INFO]   _total_kg_co2eq: 0.033038737648372785
2026-09-19 06:34:22,430 [INFO] Training summary: 100 epochs, final cumulative_reward=94834.95, final mean_episode_return=1633.1474147145468, episodes completed=493
