2026-09-18 16:45:51,509 [INFO] === Experiment run: algo=tdmpc2 env=Ant-v5 seed=14577 ===
2026-09-18 16:45:51,509 [INFO] Run directory: results/tdmpc2/Ant-v5/seed_14577/20260918_164551
2026-09-18 16:45:51,629 [INFO] Using device: cuda
2026-09-18 16:45:51,720 [INFO] Waiting for thermal baseline before starting...
2026-09-18 16:46:01,731 [INFO] Thermal gate result: {'gated': True, 'reason': 'reached_reference', 'waited_seconds': 1.049041748046875e-05, 'final_temp_c': 43.0, 'final_power_w': 25.564}
2026-09-18 16:46:01,732 [INFO] Settling for 30s (unmeasured)...
2026-09-18 16:46:32,971 [INFO] Recording idle baseline for 90s...
2026-09-18 16:48:06,547 [INFO] Starting warmup: 5000 steps
2026-09-18 16:48:07,228 [INFO] Pretraining world model on seed data: 5000 updates
2026-09-18 16:48:57,588 [INFO] Pretrain burst done: 5000 updates, mean total_loss=0.1452
2026-09-18 16:48:57,588 [INFO] Starting measured training: 100 epochs x 1000 steps = 100000 env steps
2026-09-18 16:52:23,485 [INFO] Epoch 10/100 done (buffer size=14837, cumulative_reward=1338.42, mean_episode_return=53.812554269382865)
2026-09-18 16:55:49,279 [INFO] Epoch 20/100 done (buffer size=24346, cumulative_reward=5456.90, mean_episode_return=66.5563545101514)
2026-09-18 16:59:17,783 [INFO] Epoch 30/100 done (buffer size=34478, cumulative_reward=13432.02, mean_episode_return=163.1235604851668)
2026-09-18 17:02:43,911 [INFO] Epoch 40/100 done (buffer size=44668, cumulative_reward=28900.89, mean_episode_return=87.07192706402833)
2026-09-18 17:06:22,482 [INFO] Epoch 50/100 done (buffer size=54748, cumulative_reward=50097.19, mean_episode_return=68.76272097849495)
2026-09-18 17:09:49,328 [INFO] Epoch 60/100 done (buffer size=64692, cumulative_reward=63885.03, mean_episode_return=66.31058674985556)
2026-09-18 17:13:19,311 [INFO] Epoch 70/100 done (buffer size=74654, cumulative_reward=81945.81, mean_episode_return=191.58089733284444)
2026-09-18 17:17:02,473 [INFO] Epoch 80/100 done (buffer size=84996, cumulative_reward=100598.31, mean_episode_return=72.06635192608395)
2026-09-18 17:20:42,651 [INFO] Epoch 90/100 done (buffer size=94992, cumulative_reward=122045.31, mean_episode_return=47.68311861069161)
2026-09-18 17:24:24,257 [INFO] Epoch 100/100 done (buffer size=104964, cumulative_reward=150966.21, mean_episode_return=61.110868763202234)
2026-09-18 17:24:24,257 [INFO] Recording idle tail for 90s...
2026-09-18 17:25:54,327 [INFO] Run complete. Segment energy summary (kWh unless noted):
2026-09-18 17:25:54,327 [INFO]   idle_baseline_head: 0.0016083191624508197
2026-09-18 17:25:54,327 [INFO]   warmup: 2.148672331833256e-05
2026-09-18 17:25:54,327 [INFO]   world_model_pretrain: 0.0023337014800673297
2026-09-18 17:25:54,327 [INFO]   rollout: 0.06202417861636721
2026-09-18 17:25:54,327 [INFO]   buffer_sample: 0.003154590127806149
2026-09-18 17:25:54,327 [INFO]   critic_update: 0.03210726045130471
2026-09-18 17:25:54,327 [INFO]   actor_update: 0.012357813239838426
2026-09-18 17:25:54,327 [INFO]   target_update: 0.0016747665509243685
2026-09-18 17:25:54,327 [INFO]   _sub_segment_wall_time_seconds: {'buffer_sample': 65.93385411273994, 'critic_update': 671.0714675406343, 'actor_update': 258.289737270763, 'target_update': 35.00417137180921}
2026-09-18 17:25:54,327 [INFO]   idle_baseline_tail: 0.0017454079271261858
2026-09-18 17:25:54,327 [INFO]   _total_kg_co2eq: 0.04458164671523279
2026-09-18 17:25:54,327 [INFO] Training summary: 100 epochs, final cumulative_reward=150966.21, final mean_episode_return=61.110868763202234, episodes completed=2013
