2026-09-13 12:21:56,422 [INFO] === Experiment run: algo=td3 env=Ant-v5 seed=14577 ===
2026-09-13 12:21:56,422 [INFO] Run directory: results/td3/Ant-v5/seed_14577/20260913_122156
2026-09-13 12:21:56,561 [INFO] Using device: cuda
2026-09-13 12:21:56,654 [INFO] Waiting for thermal baseline before starting...
2026-09-13 12:22:06,666 [INFO] Thermal gate result: {'gated': True, 'reason': 'reached_reference', 'waited_seconds': 1.0013580322265625e-05, 'final_temp_c': 51.0, 'final_power_w': 31.012}
2026-09-13 12:22:06,666 [INFO] Settling for 30s (unmeasured)...
2026-09-13 12:22:37,905 [INFO] Recording idle baseline for 90s...
2026-09-13 12:24:11,578 [INFO] Starting warmup: 10000 steps
2026-09-13 12:24:12,930 [INFO] Starting measured training: 100 epochs x 1000 steps = 100000 env steps
2026-09-13 12:24:37,703 [INFO] Epoch 10/100 done (buffer size=20000, cumulative_reward=3060.99, mean_episode_return=284.2055126638152)
2026-09-13 12:25:02,190 [INFO] Epoch 20/100 done (buffer size=30000, cumulative_reward=9068.39, mean_episode_return=742.1453252137177)
2026-09-13 12:25:23,907 [INFO] Epoch 30/100 done (buffer size=40000, cumulative_reward=16057.00, mean_episode_return=347.81307484911997)
2026-09-13 12:25:48,374 [INFO] Epoch 40/100 done (buffer size=50000, cumulative_reward=23161.82, mean_episode_return=389.76501218297767)
2026-09-13 12:26:11,593 [INFO] Epoch 50/100 done (buffer size=60000, cumulative_reward=30811.20, mean_episode_return=180.74612096346257)
2026-09-13 12:26:33,019 [INFO] Epoch 60/100 done (buffer size=70000, cumulative_reward=38957.67, mean_episode_return=375.60346424056434)
2026-09-13 12:26:54,615 [INFO] Epoch 70/100 done (buffer size=80000, cumulative_reward=47451.20, mean_episode_return=203.35553780163477)
2026-09-13 12:27:16,150 [INFO] Epoch 80/100 done (buffer size=90000, cumulative_reward=54768.68, mean_episode_return=190.65299620601095)
2026-09-13 12:27:37,685 [INFO] Epoch 90/100 done (buffer size=100000, cumulative_reward=63170.71, mean_episode_return=851.0350462481927)
2026-09-13 12:27:59,368 [INFO] Epoch 100/100 done (buffer size=110000, cumulative_reward=71360.44, mean_episode_return=872.8292302433523)
2026-09-13 12:27:59,368 [INFO] Recording idle tail for 90s...
2026-09-13 12:29:29,428 [INFO] Run complete. Segment energy summary (kWh unless noted):
2026-09-13 12:29:29,428 [INFO]   idle_baseline_head: 0.0017219308769589158
2026-09-13 12:29:29,428 [INFO]   warmup: 4.334840003136038e-05
2026-09-13 12:29:29,428 [INFO]   rollout: 0.0008167743191925044
2026-09-13 12:29:29,428 [INFO]   buffer_sample: 0.0003496384710351011
2026-09-13 12:29:29,428 [INFO]   critic_update: 0.0047207633832635895
2026-09-13 12:29:29,428 [INFO]   actor_update: 0.001302964393499863
2026-09-13 12:29:29,428 [INFO]   target_update: 0.0004184319645265486
2026-09-13 12:29:29,428 [INFO]   _sub_segment_wall_time_seconds: {'buffer_sample': 9.715375318548467, 'critic_update': 131.17546225015394, 'actor_update': 36.20536399235425, 'target_update': 11.626934440646437}
2026-09-13 12:29:29,428 [INFO]   idle_baseline_tail: 0.0019123458981931823
2026-09-13 12:29:29,428 [INFO]   _total_kg_co2eq: 0.004299497772169425
2026-09-13 12:29:29,428 [INFO] Training summary: 100 epochs, final cumulative_reward=71360.44, final mean_episode_return=872.8292302433523, episodes completed=268
