2026-09-09 19:21:42,122 [INFO] === Experiment run: algo=td3 env=HalfCheetah-v5 seed=14577 ===
2026-09-09 19:21:42,122 [INFO] Run directory: results/td3/HalfCheetah-v5/seed_14577/20260909_192142
2026-09-09 19:21:42,257 [INFO] Using device: cuda
2026-09-09 19:21:42,355 [INFO] Waiting for thermal baseline before starting...
2026-09-09 19:21:52,365 [INFO] Thermal gate result: {'gated': True, 'reason': 'reached_reference', 'waited_seconds': 9.775161743164062e-06, 'final_temp_c': 44.0, 'final_power_w': 27.919}
2026-09-09 19:21:52,366 [INFO] Settling for 30s (unmeasured)...
2026-09-09 19:22:23,604 [INFO] Recording idle baseline for 90s...
2026-09-09 19:23:57,143 [INFO] Starting warmup: 10000 steps
2026-09-09 19:23:57,452 [INFO] Starting measured training: 100 epochs x 1000 steps = 100000 env steps
2026-09-09 19:25:15,104 [INFO] Epoch 10/100 done (buffer size=20000, cumulative_reward=-155.37, mean_episode_return=955.1002496089063)
2026-09-09 19:26:33,330 [INFO] Epoch 20/100 done (buffer size=30000, cumulative_reward=7509.40, mean_episode_return=305.05667793696534)
2026-09-09 19:27:57,210 [INFO] Epoch 30/100 done (buffer size=40000, cumulative_reward=36019.06, mean_episode_return=3364.6282149149342)
2026-09-09 19:29:21,612 [INFO] Epoch 40/100 done (buffer size=50000, cumulative_reward=70722.19, mean_episode_return=3524.6567371548776)
2026-09-09 19:30:42,030 [INFO] Epoch 50/100 done (buffer size=60000, cumulative_reward=108923.97, mean_episode_return=4021.1717978304882)
2026-09-09 19:32:00,804 [INFO] Epoch 60/100 done (buffer size=70000, cumulative_reward=145770.49, mean_episode_return=4073.1252217962124)
2026-09-09 19:33:26,230 [INFO] Epoch 70/100 done (buffer size=80000, cumulative_reward=188169.38, mean_episode_return=4171.586756320355)
2026-09-09 19:34:47,245 [INFO] Epoch 80/100 done (buffer size=90000, cumulative_reward=231529.74, mean_episode_return=4503.859493676091)
2026-09-09 19:36:05,793 [INFO] Epoch 90/100 done (buffer size=100000, cumulative_reward=276308.32, mean_episode_return=4436.353044888669)
2026-09-09 19:37:24,472 [INFO] Epoch 100/100 done (buffer size=110000, cumulative_reward=321773.05, mean_episode_return=4277.013781853315)
2026-09-09 19:37:24,472 [INFO] Recording idle tail for 90s...
2026-09-09 19:38:54,540 [INFO] Run complete. Segment energy summary (kWh unless noted):
2026-09-09 19:38:54,540 [INFO]   idle_baseline_head: 0.0016927284932596507
2026-09-09 19:38:54,540 [INFO]   warmup: 9.698740927944474e-06
2026-09-09 19:38:54,540 [INFO]   rollout: 0.00038283743986448297
2026-09-09 19:38:54,540 [INFO]   buffer_sample: 0.001463505261111234
2026-09-09 19:38:54,540 [INFO]   critic_update: 0.02074083201619378
2026-09-09 19:38:54,540 [INFO]   actor_update: 0.00577604380446833
2026-09-09 19:38:54,540 [INFO]   target_update: 0.001922396021828724
2026-09-09 19:38:54,540 [INFO]   _sub_segment_wall_time_seconds: {'buffer_sample': 36.325908821221674, 'critic_update': 514.8116598668421, 'actor_update': 143.3681491716561, 'target_update': 47.716113131158636}
2026-09-09 19:38:54,540 [INFO]   idle_baseline_tail: 0.0017486020115385706
2026-09-09 19:38:54,540 [INFO]   _total_kg_co2eq: 0.012851986436570111
2026-09-09 19:38:54,540 [INFO] Training summary: 100 epochs, final cumulative_reward=321773.05, final mean_episode_return=4277.013781853315, episodes completed=110
