2026-09-15 18:06:02,947 [INFO] === Experiment run: algo=mbpo env=HalfCheetah-v5 seed=14577 ===
2026-09-15 18:06:02,947 [INFO] Run directory: results/mbpo/HalfCheetah-v5/seed_14577/20260915_180602
2026-09-15 18:06:03,069 [INFO] Using device: cuda
2026-09-15 18:06:03,160 [INFO] Waiting for thermal baseline before starting...
2026-09-15 18:06:13,181 [INFO] Thermal gate result: {'gated': True, 'reason': 'reached_reference', 'waited_seconds': 2.6941299438476562e-05, 'final_temp_c': 43.0, 'final_power_w': 23.503}
2026-09-15 18:06:13,181 [INFO] Settling for 30s (unmeasured)...
2026-09-15 18:06:44,415 [INFO] Recording idle baseline for 90s...
2026-09-15 18:08:17,985 [INFO] Starting warmup: 5000 steps
2026-09-15 18:08:18,138 [INFO] Starting measured training: 100 epochs x 1000 steps = 100000 env steps
2026-09-15 18:09:47,063 [INFO] Epoch 10/100 done (real_buffer=15000, model_buffer=10000, rollout_len=1, cumulative_reward=-2036.81, mean_episode_return=-63.87437161752731)
2026-09-15 18:10:59,775 [INFO] Epoch 20/100 done (real_buffer=25000, model_buffer=10000, rollout_len=1, cumulative_reward=2675.53, mean_episode_return=1570.4525648326699)
2026-09-15 18:12:29,011 [INFO] Epoch 30/100 done (real_buffer=35000, model_buffer=10000, rollout_len=1, cumulative_reward=17594.21, mean_episode_return=1866.2847495877754)
2026-09-15 18:14:37,664 [INFO] Epoch 40/100 done (real_buffer=45000, model_buffer=10000, rollout_len=1, cumulative_reward=40744.64, mean_episode_return=643.5940895726438)
2026-09-15 18:18:10,664 [INFO] Epoch 50/100 done (real_buffer=55000, model_buffer=10000, rollout_len=1, cumulative_reward=74034.57, mean_episode_return=4204.145654196219)
2026-09-15 18:21:18,698 [INFO] Epoch 60/100 done (real_buffer=65000, model_buffer=10000, rollout_len=1, cumulative_reward=116039.37, mean_episode_return=4873.991350448124)
2026-09-15 18:24:20,422 [INFO] Epoch 70/100 done (real_buffer=75000, model_buffer=10000, rollout_len=1, cumulative_reward=165285.10, mean_episode_return=5113.269776986158)
2026-09-15 18:28:04,370 [INFO] Epoch 80/100 done (real_buffer=85000, model_buffer=10000, rollout_len=1, cumulative_reward=218070.89, mean_episode_return=5336.155278295101)
2026-09-15 18:31:37,521 [INFO] Epoch 90/100 done (real_buffer=95000, model_buffer=10000, rollout_len=1, cumulative_reward=270961.36, mean_episode_return=4966.356608030444)
2026-09-15 18:35:12,140 [INFO] Epoch 100/100 done (real_buffer=105000, model_buffer=10000, rollout_len=1, cumulative_reward=325761.62, mean_episode_return=5691.034729804928)
2026-09-15 18:35:12,140 [INFO] Recording idle tail for 90s...
2026-09-15 18:36:42,205 [INFO] Run complete. Segment energy summary (kWh unless noted):
2026-09-15 18:36:42,205 [INFO]   idle_baseline_head: 0.001528438520828414
2026-09-15 18:36:42,205 [INFO]   warmup: 3.889589219708374e-06
2026-09-15 18:36:42,205 [INFO]   dynamics_model_update: 0.03763559218532333
2026-09-15 18:36:42,205 [INFO]   rollout: 0.0006492911314076501
2026-09-15 18:36:42,205 [INFO]   synthetic_rollout_generation: 2.787470964106184e-05
2026-09-15 18:36:42,205 [INFO]   buffer_sample: 0.0008118288533810266
2026-09-15 18:36:42,205 [INFO]   critic_update: 0.008982911829014343
2026-09-15 18:36:42,205 [INFO]   actor_update: 0.010915184432848193
2026-09-15 18:36:42,205 [INFO]   target_update: 0.0009025465849572793
2026-09-15 18:36:42,205 [INFO]   _sub_segment_wall_time_seconds: {'buffer_sample': 15.290904613415478, 'critic_update': 169.1943410931126, 'actor_update': 205.58895302306337, 'target_update': 16.99958517398045}
2026-09-15 18:36:42,205 [INFO]   idle_baseline_tail: 0.0016658135096104323
2026-09-15 18:36:42,205 [INFO]   _total_kg_co2eq: 0.02404686143746853
2026-09-15 18:36:42,205 [INFO] Training summary: 100 epochs, final cumulative_reward=325761.62, final mean_episode_return=5691.034729804928, episodes completed=105
