2026-09-18 03:00:32,084 [INFO] === Experiment run: algo=mbpo env=Ant-v5 seed=43611 ===
2026-09-18 03:00:32,084 [INFO] Run directory: results/mbpo/Ant-v5/seed_43611/20260918_030032
2026-09-18 03:00:32,206 [INFO] Using device: cuda
2026-09-18 03:00:32,296 [INFO] Waiting for thermal baseline before starting...
2026-09-18 03:00:42,307 [INFO] Thermal gate result: {'gated': True, 'reason': 'reached_reference', 'waited_seconds': 1.1444091796875e-05, 'final_temp_c': 40.0, 'final_power_w': 25.095}
2026-09-18 03:00:42,307 [INFO] Settling for 30s (unmeasured)...
2026-09-18 03:01:13,539 [INFO] Recording idle baseline for 90s...
2026-09-18 03:02:47,108 [INFO] Starting warmup: 5000 steps
2026-09-18 03:02:47,780 [INFO] Starting measured training: 100 epochs x 1000 steps = 100000 env steps
2026-09-18 03:04:19,109 [INFO] Epoch 10/100 done (real_buffer=15000, model_buffer=90000, rollout_len=1, cumulative_reward=-3094.18, mean_episode_return=-199.9362046898519)
2026-09-18 03:06:14,756 [INFO] Epoch 20/100 done (real_buffer=25000, model_buffer=150000, rollout_len=1, cumulative_reward=-6537.67, mean_episode_return=2.817693233705956)
2026-09-18 03:10:10,403 [INFO] Epoch 30/100 done (real_buffer=35000, model_buffer=150000, rollout_len=3, cumulative_reward=-10356.59, mean_episode_return=-15.17826277544376)
2026-09-18 03:14:25,691 [INFO] Epoch 40/100 done (real_buffer=45000, model_buffer=150000, rollout_len=4, cumulative_reward=-18171.87, mean_episode_return=-608.8917779201543)
2026-09-18 03:18:19,089 [INFO] Epoch 50/100 done (real_buffer=55000, model_buffer=150000, rollout_len=6, cumulative_reward=-21519.73, mean_episode_return=17.837548113361024)
2026-09-18 03:22:31,864 [INFO] Epoch 60/100 done (real_buffer=65000, model_buffer=150000, rollout_len=8, cumulative_reward=-23937.19, mean_episode_return=-104.98729663283295)
2026-09-18 03:27:00,859 [INFO] Epoch 70/100 done (real_buffer=75000, model_buffer=150000, rollout_len=10, cumulative_reward=-27378.54, mean_episode_return=-92.95790555394268)
2026-09-18 03:30:57,964 [INFO] Epoch 80/100 done (real_buffer=85000, model_buffer=150000, rollout_len=11, cumulative_reward=-31102.92, mean_episode_return=-49.85056286537671)
2026-09-18 03:35:00,661 [INFO] Epoch 90/100 done (real_buffer=95000, model_buffer=150000, rollout_len=13, cumulative_reward=-31377.58, mean_episode_return=19.7343180244704)
2026-09-18 03:38:47,408 [INFO] Epoch 100/100 done (real_buffer=105000, model_buffer=150000, rollout_len=15, cumulative_reward=-34538.61, mean_episode_return=-572.8941824222056)
2026-09-18 03:38:47,408 [INFO] Recording idle tail for 90s...
2026-09-18 03:40:17,474 [INFO] Run complete. Segment energy summary (kWh unless noted):
2026-09-18 03:40:17,475 [INFO]   idle_baseline_head: 0.0015606321597251458
2026-09-18 03:40:17,475 [INFO]   warmup: 2.1130276638802207e-05
2026-09-18 03:40:17,475 [INFO]   dynamics_model_update: 0.05512216112310564
2026-09-18 03:40:17,475 [INFO]   rollout: 0.0011811753949429143
2026-09-18 03:40:17,475 [INFO]   synthetic_rollout_generation: 0.0001288894336770837
2026-09-18 03:40:17,475 [INFO]   buffer_sample: 0.0006265755900246228
2026-09-18 03:40:17,475 [INFO]   critic_update: 0.006883766660759827
2026-09-18 03:40:17,475 [INFO]   actor_update: 0.008372174695279722
2026-09-18 03:40:17,475 [INFO]   target_update: 0.0007068331096768666
2026-09-18 03:40:17,475 [INFO]   _sub_segment_wall_time_seconds: {'buffer_sample': 15.319273422530387, 'critic_update': 168.30260439755511, 'actor_update': 204.6929936947272, 'target_update': 17.28150576502958}
2026-09-18 03:40:17,475 [INFO]   idle_baseline_tail: 0.0016299336977632223
2026-09-18 03:40:17,475 [INFO]   _total_kg_co2eq: 0.02904107769821592
2026-09-18 03:40:17,475 [INFO] Training summary: 100 epochs, final cumulative_reward=-34538.61, final mean_episode_return=-572.8941824222056, episodes completed=317
