2026-09-13 07:52:04,906 [INFO] === Experiment run: algo=mbpo env=Ant-v5 seed=958 ===
2026-09-13 07:52:04,906 [INFO] Run directory: results/mbpo/Ant-v5/seed_958/20260913_075204
2026-09-13 07:52:04,990 [INFO] Using device: cuda
2026-09-13 07:52:05,074 [INFO] Waiting for thermal baseline before starting...
2026-09-13 07:52:15,084 [INFO] Thermal gate result: {'gated': True, 'reason': 'reached_reference', 'waited_seconds': 1.049041748046875e-05, 'final_temp_c': 40.0, 'final_power_w': 23.935}
2026-09-13 07:52:15,084 [INFO] Settling for 30s (unmeasured)...
2026-09-13 07:52:46,322 [INFO] Recording idle baseline for 90s...
2026-09-13 07:54:19,857 [INFO] Starting warmup: 5000 steps
2026-09-13 07:54:20,528 [INFO] Starting measured training: 100 epochs x 1000 steps = 100000 env steps
2026-09-13 07:55:55,967 [INFO] Epoch 10/100 done (real_buffer=15000, model_buffer=90000, rollout_len=1, cumulative_reward=-3845.43, mean_episode_return=-29.13561351921347)
2026-09-13 07:58:07,464 [INFO] Epoch 20/100 done (real_buffer=25000, model_buffer=190000, rollout_len=1, cumulative_reward=-8042.14, mean_episode_return=-109.78346375057114)
2026-09-13 08:01:15,066 [INFO] Epoch 30/100 done (real_buffer=35000, model_buffer=250000, rollout_len=4, cumulative_reward=-11229.23, mean_episode_return=-483.55021845162577)
2026-09-13 08:05:41,199 [INFO] Epoch 40/100 done (real_buffer=45000, model_buffer=250000, rollout_len=7, cumulative_reward=-20602.33, mean_episode_return=-453.0132906226059)
2026-09-13 08:10:18,673 [INFO] Epoch 50/100 done (real_buffer=55000, model_buffer=250000, rollout_len=10, cumulative_reward=-26562.08, mean_episode_return=-36.99922939601626)
2026-09-13 08:14:07,945 [INFO] Epoch 60/100 done (real_buffer=65000, model_buffer=250000, rollout_len=13, cumulative_reward=-29766.02, mean_episode_return=-155.90625878009968)
2026-09-13 08:18:26,709 [INFO] Epoch 70/100 done (real_buffer=75000, model_buffer=250000, rollout_len=16, cumulative_reward=-34286.78, mean_episode_return=-888.9689706754315)
2026-09-13 08:21:29,653 [INFO] Epoch 80/100 done (real_buffer=85000, model_buffer=250000, rollout_len=19, cumulative_reward=-39786.54, mean_episode_return=-272.80365743896294)
2026-09-13 08:24:55,847 [INFO] Epoch 90/100 done (real_buffer=95000, model_buffer=250000, rollout_len=22, cumulative_reward=-46738.43, mean_episode_return=-425.144313713843)
2026-09-13 08:28:04,702 [INFO] Epoch 100/100 done (real_buffer=105000, model_buffer=250000, rollout_len=25, cumulative_reward=-53191.51, mean_episode_return=-61.71953287025336)
2026-09-13 08:28:04,702 [INFO] Recording idle tail for 90s...
2026-09-13 08:29:34,765 [INFO] Run complete. Segment energy summary (kWh unless noted):
2026-09-13 08:29:34,765 [INFO]   idle_baseline_head: 0.0015737373867367804
2026-09-13 08:29:34,765 [INFO]   warmup: 1.94473287672347e-05
2026-09-13 08:29:34,765 [INFO]   dynamics_model_update: 0.050738568439391896
2026-09-13 08:29:34,765 [INFO]   rollout: 0.0011389336495280455
2026-09-13 08:29:34,765 [INFO]   synthetic_rollout_generation: 0.0001751067178398303
2026-09-13 08:29:34,765 [INFO]   buffer_sample: 0.0004968002933657021
2026-09-13 08:29:34,765 [INFO]   critic_update: 0.0053236375720461864
2026-09-13 08:29:34,765 [INFO]   actor_update: 0.006550172855264991
2026-09-13 08:29:34,765 [INFO]   target_update: 0.0005625665028369782
2026-09-13 08:29:34,765 [INFO]   _sub_segment_wall_time_seconds: {'buffer_sample': 15.038229463789321, 'critic_update': 161.1474156911354, 'actor_update': 198.27484754009492, 'target_update': 17.028983821626753}
2026-09-13 08:29:34,765 [INFO]   idle_baseline_tail: 0.0016172612913706724
2026-09-13 08:29:34,765 [INFO]   _total_kg_co2eq: 0.025979365843093474
2026-09-13 08:29:34,765 [INFO] Training summary: 100 epochs, final cumulative_reward=-53191.51, final mean_episode_return=-61.71953287025336, episodes completed=296
