2026-09-15 16:33:21,663 [INFO] === Experiment run: algo=mbpo env=HalfCheetah-v5 seed=85062 ===
2026-09-15 16:33:21,663 [INFO] Run directory: results/mbpo/HalfCheetah-v5/seed_85062/20260915_163321
2026-09-15 16:33:21,783 [INFO] Using device: cuda
2026-09-15 16:33:21,875 [INFO] Waiting for thermal baseline before starting...
2026-09-15 16:33:31,886 [INFO] Thermal gate result: {'gated': True, 'reason': 'reached_reference', 'waited_seconds': 1.0251998901367188e-05, 'final_temp_c': 42.0, 'final_power_w': 24.273}
2026-09-15 16:33:31,886 [INFO] Settling for 30s (unmeasured)...
2026-09-15 16:34:03,121 [INFO] Recording idle baseline for 90s...
2026-09-15 16:35:36,657 [INFO] Starting warmup: 5000 steps
2026-09-15 16:35:36,812 [INFO] Starting measured training: 100 epochs x 1000 steps = 100000 env steps
2026-09-15 16:37:11,221 [INFO] Epoch 10/100 done (real_buffer=15000, model_buffer=10000, rollout_len=1, cumulative_reward=-24.01, mean_episode_return=474.0490572593377)
2026-09-15 16:38:26,192 [INFO] Epoch 20/100 done (real_buffer=25000, model_buffer=10000, rollout_len=1, cumulative_reward=10623.34, mean_episode_return=1966.641703236813)
2026-09-15 16:40:41,779 [INFO] Epoch 30/100 done (real_buffer=35000, model_buffer=10000, rollout_len=1, cumulative_reward=30038.81, mean_episode_return=2487.149468076048)
2026-09-15 16:43:45,939 [INFO] Epoch 40/100 done (real_buffer=45000, model_buffer=10000, rollout_len=1, cumulative_reward=56908.54, mean_episode_return=3092.9724337496255)
2026-09-15 16:46:06,617 [INFO] Epoch 50/100 done (real_buffer=55000, model_buffer=10000, rollout_len=1, cumulative_reward=90157.91, mean_episode_return=3696.7510989824596)
2026-09-15 16:48:54,731 [INFO] Epoch 60/100 done (real_buffer=65000, model_buffer=10000, rollout_len=1, cumulative_reward=128533.47, mean_episode_return=4025.812340053567)
2026-09-15 16:52:01,010 [INFO] Epoch 70/100 done (real_buffer=75000, model_buffer=10000, rollout_len=1, cumulative_reward=166534.25, mean_episode_return=4241.474411242171)
2026-09-15 16:55:45,877 [INFO] Epoch 80/100 done (real_buffer=85000, model_buffer=10000, rollout_len=1, cumulative_reward=208621.87, mean_episode_return=4387.349799754766)
2026-09-15 16:59:05,431 [INFO] Epoch 90/100 done (real_buffer=95000, model_buffer=10000, rollout_len=1, cumulative_reward=253309.42, mean_episode_return=4475.438656118859)
2026-09-15 17:02:56,902 [INFO] Epoch 100/100 done (real_buffer=105000, model_buffer=10000, rollout_len=1, cumulative_reward=299381.48, mean_episode_return=4735.501010696295)
2026-09-15 17:02:56,902 [INFO] Recording idle tail for 90s...
2026-09-15 17:04:26,968 [INFO] Run complete. Segment energy summary (kWh unless noted):
2026-09-15 17:04:26,968 [INFO]   idle_baseline_head: 0.0015518499744249016
2026-09-15 17:04:26,968 [INFO]   warmup: 3.917274462823328e-06
2026-09-15 17:04:26,968 [INFO]   dynamics_model_update: 0.03878906874190065
2026-09-15 17:04:26,968 [INFO]   rollout: 0.0006579887055748594
2026-09-15 17:04:26,968 [INFO]   synthetic_rollout_generation: 1.7408365471352407e-05
2026-09-15 17:04:26,968 [INFO]   buffer_sample: 0.0006066567879132951
2026-09-15 17:04:26,968 [INFO]   critic_update: 0.008101429469122796
2026-09-15 17:04:26,968 [INFO]   actor_update: 0.009786892430134135
2026-09-15 17:04:26,968 [INFO]   target_update: 0.0008191341384024782
2026-09-15 17:04:26,968 [INFO]   _sub_segment_wall_time_seconds: {'buffer_sample': 12.69621160015231, 'critic_update': 169.5480292200955, 'actor_update': 204.82167129179288, 'target_update': 17.142972035042476}
2026-09-15 17:04:26,968 [INFO]   idle_baseline_tail: 0.001642629545502844
2026-09-15 17:04:26,968 [INFO]   _total_kg_co2eq: 0.023610141938858156
2026-09-15 17:04:26,969 [INFO] Training summary: 100 epochs, final cumulative_reward=299381.48, final mean_episode_return=4735.501010696295, episodes completed=105
