2026-09-19 03:20:12,260 [INFO] === Experiment run: algo=tdmpc2 env=HalfCheetah-v5 seed=331 ===
2026-09-19 03:20:12,260 [INFO] Run directory: results/tdmpc2/HalfCheetah-v5/seed_331/20260919_032012
2026-09-19 03:20:12,397 [INFO] Using device: cuda
2026-09-19 03:20:12,496 [INFO] Waiting for thermal baseline before starting...
2026-09-19 03:20:22,507 [INFO] Thermal gate result: {'gated': True, 'reason': 'reached_reference', 'waited_seconds': 9.5367431640625e-06, 'final_temp_c': 43.0, 'final_power_w': 26.325}
2026-09-19 03:20:22,507 [INFO] Settling for 30s (unmeasured)...
2026-09-19 03:20:53,745 [INFO] Recording idle baseline for 90s...
2026-09-19 03:22:27,331 [INFO] Starting warmup: 5000 steps
2026-09-19 03:22:27,494 [INFO] Pretraining world model on seed data: 5000 updates
2026-09-19 03:23:13,258 [INFO] Pretrain burst done: 5000 updates, mean total_loss=0.1796
2026-09-19 03:23:13,258 [INFO] Starting measured training: 100 epochs x 1000 steps = 100000 env steps
2026-09-19 03:26:00,652 [INFO] Epoch 10/100 done (buffer size=15000, cumulative_reward=825.88, mean_episode_return=167.21858488411715)
2026-09-19 03:28:48,619 [INFO] Epoch 20/100 done (buffer size=25000, cumulative_reward=5258.21, mean_episode_return=516.6262199310734)
2026-09-19 03:31:25,254 [INFO] Epoch 30/100 done (buffer size=35000, cumulative_reward=17430.58, mean_episode_return=1789.0515719305097)
2026-09-19 03:34:09,094 [INFO] Epoch 40/100 done (buffer size=45000, cumulative_reward=36520.90, mean_episode_return=2128.5278938193396)
2026-09-19 03:36:59,185 [INFO] Epoch 50/100 done (buffer size=55000, cumulative_reward=62458.00, mean_episode_return=2623.2948873164014)
2026-09-19 03:39:42,026 [INFO] Epoch 60/100 done (buffer size=65000, cumulative_reward=92887.84, mean_episode_return=3556.9157792133137)
2026-09-19 03:42:33,205 [INFO] Epoch 70/100 done (buffer size=75000, cumulative_reward=123937.77, mean_episode_return=2135.370647981969)
2026-09-19 03:45:23,718 [INFO] Epoch 80/100 done (buffer size=85000, cumulative_reward=163854.25, mean_episode_return=4081.514603415885)
2026-09-19 03:48:14,838 [INFO] Epoch 90/100 done (buffer size=95000, cumulative_reward=210538.76, mean_episode_return=4114.517260867184)
2026-09-19 03:51:05,805 [INFO] Epoch 100/100 done (buffer size=105000, cumulative_reward=256825.52, mean_episode_return=4456.8103126474125)
2026-09-19 03:51:05,805 [INFO] Recording idle tail for 90s...
2026-09-19 03:52:35,870 [INFO] Run complete. Segment energy summary (kWh unless noted):
2026-09-19 03:52:35,870 [INFO]   idle_baseline_head: 0.0015885792491776177
2026-09-19 03:52:35,870 [INFO]   warmup: 5.913713015274179e-06
2026-09-19 03:52:35,870 [INFO]   world_model_pretrain: 0.001803534417213519
2026-09-19 03:52:35,870 [INFO]   rollout: 0.03756771171824865
2026-09-19 03:52:35,870 [INFO]   buffer_sample: 0.002196175173784836
2026-09-19 03:52:35,870 [INFO]   critic_update: 0.022439781932132485
2026-09-19 03:52:35,870 [INFO]   actor_update: 0.012104027741083769
2026-09-19 03:52:35,870 [INFO]   target_update: 0.002266836959494832
2026-09-19 03:52:35,870 [INFO]   _sub_segment_wall_time_seconds: {'buffer_sample': 55.59356080128782, 'critic_update': 568.0363734654748, 'actor_update': 306.3990569589878, 'target_update': 57.38227981017553}
2026-09-19 03:52:35,870 [INFO]   idle_baseline_tail: 0.0016972056834369115
2026-09-19 03:52:35,870 [INFO]   _total_kg_co2eq: 0.031112110563142555
2026-09-19 03:52:35,870 [INFO] Training summary: 100 epochs, final cumulative_reward=256825.52, final mean_episode_return=4456.8103126474125, episodes completed=105
