2026-09-13 05:56:29,920 [INFO] === Experiment run: algo=mbpo env=Ant-v5 seed=43611 ===
2026-09-13 05:56:29,920 [INFO] Run directory: results/mbpo/Ant-v5/seed_43611/20260913_055629
2026-09-13 05:56:30,032 [INFO] Using device: cuda
2026-09-13 05:56:30,121 [INFO] Waiting for thermal baseline before starting...
2026-09-13 05:56:45,133 [INFO] Thermal gate result: {'gated': True, 'reason': 'reached_reference', 'waited_seconds': 1.049041748046875e-05, 'final_temp_c': 40.0, 'final_power_w': 24.106}
2026-09-13 05:56:45,133 [INFO] Settling for 30s (unmeasured)...
2026-09-13 05:57:16,367 [INFO] Recording idle baseline for 90s...
2026-09-13 05:58:49,943 [INFO] Starting warmup: 5000 steps
2026-09-13 05:58:50,608 [INFO] Starting measured training: 100 epochs x 1000 steps = 100000 env steps
2026-09-13 06:00:10,865 [INFO] Epoch 10/100 done (real_buffer=15000, model_buffer=90000, rollout_len=1, cumulative_reward=-4227.07, mean_episode_return=-255.1919679617815)
2026-09-13 06:02:03,787 [INFO] Epoch 20/100 done (real_buffer=25000, model_buffer=190000, rollout_len=1, cumulative_reward=-8206.96, mean_episode_return=-176.27637074171474)
2026-09-13 06:05:11,935 [INFO] Epoch 30/100 done (real_buffer=35000, model_buffer=250000, rollout_len=4, cumulative_reward=-12746.57, mean_episode_return=-142.36191326283003)
2026-09-13 06:08:52,718 [INFO] Epoch 40/100 done (real_buffer=45000, model_buffer=250000, rollout_len=7, cumulative_reward=-20928.21, mean_episode_return=-220.47647959822336)
2026-09-13 06:12:49,165 [INFO] Epoch 50/100 done (real_buffer=55000, model_buffer=250000, rollout_len=10, cumulative_reward=-30777.41, mean_episode_return=-265.39162189784514)
2026-09-13 06:17:04,972 [INFO] Epoch 60/100 done (real_buffer=65000, model_buffer=250000, rollout_len=13, cumulative_reward=-39452.36, mean_episode_return=-246.31633839575176)
2026-09-13 06:21:31,779 [INFO] Epoch 70/100 done (real_buffer=75000, model_buffer=250000, rollout_len=16, cumulative_reward=-49620.47, mean_episode_return=-1319.1955291336537)
2026-09-13 06:25:50,690 [INFO] Epoch 80/100 done (real_buffer=85000, model_buffer=250000, rollout_len=19, cumulative_reward=-58003.44, mean_episode_return=-680.0590262086018)
2026-09-13 06:30:36,699 [INFO] Epoch 90/100 done (real_buffer=95000, model_buffer=250000, rollout_len=22, cumulative_reward=-67837.33, mean_episode_return=-1009.6775443630564)
2026-09-13 06:34:34,539 [INFO] Epoch 100/100 done (real_buffer=105000, model_buffer=250000, rollout_len=25, cumulative_reward=-78065.70, mean_episode_return=-1128.4905631296788)
2026-09-13 06:34:34,539 [INFO] Recording idle tail for 90s...
2026-09-13 06:36:04,614 [INFO] Run complete. Segment energy summary (kWh unless noted):
2026-09-13 06:36:04,614 [INFO]   idle_baseline_head: 0.00157694188571686
2026-09-13 06:36:04,614 [INFO]   warmup: 2.098828783073125e-05
2026-09-13 06:36:04,614 [INFO]   dynamics_model_update: 0.05536939221135346
2026-09-13 06:36:04,614 [INFO]   rollout: 0.0011318590701161165
2026-09-13 06:36:04,614 [INFO]   synthetic_rollout_generation: 0.00015415449434468833
2026-09-13 06:36:04,614 [INFO]   buffer_sample: 0.00047415538007204895
2026-09-13 06:36:04,614 [INFO]   critic_update: 0.005183977724279225
2026-09-13 06:36:04,614 [INFO]   actor_update: 0.006260472609927922
2026-09-13 06:36:04,614 [INFO]   target_update: 0.0005357840233691741
2026-09-13 06:36:04,614 [INFO]   _sub_segment_wall_time_seconds: {'buffer_sample': 14.990166609160951, 'critic_update': 163.888659817203, 'actor_update': 197.92146502829564, 'target_update': 16.938522928096063}
2026-09-13 06:36:04,614 [INFO]   idle_baseline_tail: 0.0016146736302427994
2026-09-13 06:36:04,614 [INFO]   _total_kg_co2eq: 0.027551234310076982
2026-09-13 06:36:04,614 [INFO] Training summary: 100 epochs, final cumulative_reward=-78065.70, final mean_episode_return=-1128.4905631296788, episodes completed=336
