2026-09-17 14:06:32,688 [INFO] === Experiment run: algo=mbpo env=Ant-v5 seed=331 ===
2026-09-17 14:06:32,688 [INFO] Run directory: results/mbpo/Ant-v5/seed_331/20260917_140632
2026-09-17 14:06:32,817 [INFO] Using device: cuda
2026-09-17 14:06:32,908 [INFO] Waiting for thermal baseline before starting...
2026-09-17 14:06:42,919 [INFO] Thermal gate result: {'gated': True, 'reason': 'reached_reference', 'waited_seconds': 9.775161743164062e-06, 'final_temp_c': 43.0, 'final_power_w': 26.689}
2026-09-17 14:06:42,919 [INFO] Settling for 30s (unmeasured)...
2026-09-17 14:07:14,152 [INFO] Recording idle baseline for 90s...
2026-09-17 14:08:47,742 [INFO] Starting warmup: 5000 steps
2026-09-17 14:08:48,409 [INFO] Starting measured training: 100 epochs x 1000 steps = 100000 env steps
2026-09-17 14:10:17,458 [INFO] Epoch 10/100 done (real_buffer=15000, model_buffer=90000, rollout_len=1, cumulative_reward=-4057.78, mean_episode_return=-32.319150387988955)
2026-09-17 14:12:30,630 [INFO] Epoch 20/100 done (real_buffer=25000, model_buffer=190000, rollout_len=1, cumulative_reward=-6180.00, mean_episode_return=-42.14941189924467)
2026-09-17 14:15:21,123 [INFO] Epoch 30/100 done (real_buffer=35000, model_buffer=250000, rollout_len=4, cumulative_reward=-7933.60, mean_episode_return=-5.525399757274483)
2026-09-17 14:18:40,545 [INFO] Epoch 40/100 done (real_buffer=45000, model_buffer=250000, rollout_len=7, cumulative_reward=-10869.94, mean_episode_return=69.44774711471366)
2026-09-17 14:22:59,378 [INFO] Epoch 50/100 done (real_buffer=55000, model_buffer=250000, rollout_len=10, cumulative_reward=-9207.58, mean_episode_return=425.8375690737351)
2026-09-17 14:27:16,141 [INFO] Epoch 60/100 done (real_buffer=65000, model_buffer=250000, rollout_len=13, cumulative_reward=-8346.11, mean_episode_return=19.863631036210556)
2026-09-17 14:31:31,799 [INFO] Epoch 70/100 done (real_buffer=75000, model_buffer=250000, rollout_len=16, cumulative_reward=-8239.05, mean_episode_return=-223.87192056666228)
2026-09-17 14:34:35,922 [INFO] Epoch 80/100 done (real_buffer=85000, model_buffer=250000, rollout_len=19, cumulative_reward=-5693.34, mean_episode_return=190.29768539632485)
2026-09-17 14:37:39,189 [INFO] Epoch 90/100 done (real_buffer=95000, model_buffer=250000, rollout_len=22, cumulative_reward=-4761.28, mean_episode_return=98.138865642159)
2026-09-17 14:40:37,602 [INFO] Epoch 100/100 done (real_buffer=105000, model_buffer=250000, rollout_len=25, cumulative_reward=-8338.16, mean_episode_return=-453.0088349588622)
2026-09-17 14:40:37,603 [INFO] Recording idle tail for 90s...
2026-09-17 14:42:07,668 [INFO] Run complete. Segment energy summary (kWh unless noted):
2026-09-17 14:42:07,668 [INFO]   idle_baseline_head: 0.0015616236288437213
2026-09-17 14:42:07,668 [INFO]   warmup: 1.9483394161843182e-05
2026-09-17 14:42:07,668 [INFO]   dynamics_model_update: 0.046332276485132086
2026-09-17 14:42:07,668 [INFO]   rollout: 0.0011369562374738877
2026-09-17 14:42:07,668 [INFO]   synthetic_rollout_generation: 0.0001942819386061311
2026-09-17 14:42:07,668 [INFO]   buffer_sample: 0.0009773750351505291
2026-09-17 14:42:07,668 [INFO]   critic_update: 0.008163938059784825
2026-09-17 14:42:07,668 [INFO]   actor_update: 0.009869151093269614
2026-09-17 14:42:07,668 [INFO]   target_update: 0.0008217342604056656
2026-09-17 14:42:07,668 [INFO]   _sub_segment_wall_time_seconds: {'buffer_sample': 20.199076532511754, 'critic_update': 168.72132369421706, 'actor_update': 203.9623799201836, 'target_update': 16.98250171978725}
2026-09-17 14:42:07,668 [INFO]   idle_baseline_tail: 0.0015784635248319717
2026-09-17 14:42:07,668 [INFO]   _total_kg_co2eq: 0.026916141695111886
2026-09-17 14:42:07,668 [INFO] Training summary: 100 epochs, final cumulative_reward=-8338.16, final mean_episode_return=-453.0088349588622, episodes completed=397
