2026-09-14 14:09:08,535 [INFO] === Experiment run: algo=mbpo env=HalfCheetah-v5 seed=14577 ===
2026-09-14 14:09:08,535 [INFO] Run directory: results/mbpo/HalfCheetah-v5/seed_14577/20260914_140908
2026-09-14 14:09:08,657 [INFO] Using device: cuda
2026-09-14 14:09:08,752 [INFO] Waiting for thermal baseline before starting...
2026-09-14 14:09:18,763 [INFO] Thermal gate result: {'gated': True, 'reason': 'reached_reference', 'waited_seconds': 1.1682510375976562e-05, 'final_temp_c': 41.0, 'final_power_w': 25.479}
2026-09-14 14:09:18,763 [INFO] Settling for 30s (unmeasured)...
2026-09-14 14:09:50,019 [INFO] Recording idle baseline for 90s...
2026-09-14 14:11:23,592 [INFO] Starting warmup: 5000 steps
2026-09-14 14:11:23,745 [INFO] Starting measured training: 100 epochs x 1000 steps = 100000 env steps
2026-09-14 14:13:35,183 [INFO] Epoch 10/100 done (real_buffer=15000, model_buffer=10000, rollout_len=1, cumulative_reward=-788.35, mean_episode_return=-25.78032945676049)
2026-09-14 14:15:28,472 [INFO] Epoch 20/100 done (real_buffer=25000, model_buffer=10000, rollout_len=1, cumulative_reward=9210.04, mean_episode_return=2415.6231195428063)
2026-09-14 14:17:36,352 [INFO] Epoch 30/100 done (real_buffer=35000, model_buffer=10000, rollout_len=1, cumulative_reward=24469.01, mean_episode_return=3213.21865454693)
2026-09-14 14:20:54,655 [INFO] Epoch 40/100 done (real_buffer=45000, model_buffer=10000, rollout_len=1, cumulative_reward=60542.99, mean_episode_return=4366.833210100122)
2026-09-14 14:24:06,763 [INFO] Epoch 50/100 done (real_buffer=55000, model_buffer=10000, rollout_len=1, cumulative_reward=101342.26, mean_episode_return=4198.410602676897)
2026-09-14 14:28:14,550 [INFO] Epoch 60/100 done (real_buffer=65000, model_buffer=10000, rollout_len=1, cumulative_reward=146869.14, mean_episode_return=4501.1252585491075)
2026-09-14 14:32:09,829 [INFO] Epoch 70/100 done (real_buffer=75000, model_buffer=10000, rollout_len=1, cumulative_reward=193496.54, mean_episode_return=4953.880557810229)
2026-09-14 14:36:34,976 [INFO] Epoch 80/100 done (real_buffer=85000, model_buffer=10000, rollout_len=1, cumulative_reward=243202.46, mean_episode_return=4909.688451128171)
2026-09-14 14:40:58,142 [INFO] Epoch 90/100 done (real_buffer=95000, model_buffer=10000, rollout_len=1, cumulative_reward=294406.87, mean_episode_return=5081.923383213973)
2026-09-14 14:45:30,720 [INFO] Epoch 100/100 done (real_buffer=105000, model_buffer=10000, rollout_len=1, cumulative_reward=347654.98, mean_episode_return=4863.584772565304)
2026-09-14 14:45:30,720 [INFO] Recording idle tail for 90s...
2026-09-14 14:47:00,784 [INFO] Run complete. Segment energy summary (kWh unless noted):
2026-09-14 14:47:00,784 [INFO]   idle_baseline_head: 0.0015981326923632457
2026-09-14 14:47:00,784 [INFO]   warmup: 5.522174518627189e-06
2026-09-14 14:47:00,784 [INFO]   dynamics_model_update: 0.03870914329782668
2026-09-14 14:47:00,784 [INFO]   rollout: 0.0006643119050039194
2026-09-14 14:47:00,784 [INFO]   synthetic_rollout_generation: 1.7203462739905345e-05
2026-09-14 14:47:00,784 [INFO]   buffer_sample: 0.0009212166751922209
2026-09-14 14:47:00,784 [INFO]   critic_update: 0.01342436876942208
2026-09-14 14:47:00,784 [INFO]   actor_update: 0.016404719167643182
2026-09-14 14:47:00,784 [INFO]   target_update: 0.001407560678930927
2026-09-14 14:47:00,784 [INFO]   _sub_segment_wall_time_seconds: {'buffer_sample': 22.58800824131322, 'critic_update': 329.16224875636544, 'actor_update': 402.2397137761691, 'target_update': 34.51304462026383}
2026-09-14 14:47:00,784 [INFO]   idle_baseline_tail: 0.0016430533154369181
2026-09-14 14:47:00,784 [INFO]   _total_kg_co2eq: 0.028493260021722297
2026-09-14 14:47:00,784 [INFO] Training summary: 100 epochs, final cumulative_reward=347654.98, final mean_episode_return=4863.584772565304, episodes completed=105
