2026-09-02 13:10:59,244 [INFO] === Experiment run: algo=sac env=Humanoid-v5 seed=56 ===
2026-09-02 13:10:59,244 [INFO] Run directory: results/sac/Humanoid-v5/seed_56/20260902_131059
2026-09-02 13:10:59,487 [INFO] Using device: cuda
2026-09-02 13:10:59,626 [INFO] Waiting for thermal baseline before starting...
2026-09-02 13:11:09,645 [INFO] Thermal gate result: {'gated': True, 'reason': 'reached_reference', 'waited_seconds': 1.1205673217773438e-05, 'final_temp_c': 35.0, 'final_power_w': 21.859}
2026-09-02 13:11:09,645 [INFO] Settling for 30s (unmeasured)...
2026-09-02 13:11:41,011 [INFO] Recording idle baseline for 90s...
2026-09-02 13:13:15,026 [INFO] Starting warmup: 5000 steps
2026-09-02 13:13:15,701 [INFO] Starting measured training: 100 epochs x 1000 steps = 100000 env steps
2026-09-02 13:17:00,737 [INFO] Epoch 10/100 done (buffer size=15000, cumulative_reward=48235.84, mean_episode_return=247.85755290162624)
2026-09-02 13:20:12,237 [INFO] Epoch 20/100 done (buffer size=25000, cumulative_reward=95593.26, mean_episode_return=184.15591374533)
2026-09-02 13:23:13,867 [INFO] Epoch 30/100 done (buffer size=35000, cumulative_reward=142733.64, mean_episode_return=325.54845500042484)
2026-09-02 13:28:46,507 [INFO] Epoch 40/100 done (buffer size=45000, cumulative_reward=191757.99, mean_episode_return=325.7393035168369)
2026-09-02 13:31:53,163 [INFO] Epoch 50/100 done (buffer size=55000, cumulative_reward=240254.22, mean_episode_return=483.9750406149575)
2026-09-02 13:35:03,398 [INFO] Epoch 60/100 done (buffer size=65000, cumulative_reward=289378.43, mean_episode_return=421.29153459192366)
2026-09-02 13:38:05,695 [INFO] Epoch 70/100 done (buffer size=75000, cumulative_reward=338903.81, mean_episode_return=470.610940055733)
2026-09-02 13:41:06,061 [INFO] Epoch 80/100 done (buffer size=85000, cumulative_reward=388210.38, mean_episode_return=419.7541295412439)
2026-09-02 13:44:06,418 [INFO] Epoch 90/100 done (buffer size=95000, cumulative_reward=439172.48, mean_episode_return=454.09489233615)
2026-09-02 13:47:06,856 [INFO] Epoch 100/100 done (buffer size=105000, cumulative_reward=489546.41, mean_episode_return=512.060807169044)
2026-09-02 13:47:06,856 [INFO] Recording idle tail for 90s...
2026-09-02 13:48:36,944 [INFO] Run complete. Segment energy summary (kWh unless noted):
2026-09-02 13:48:36,944 [INFO]   idle_baseline_head: 0.0015205794388985306
2026-09-02 13:48:36,944 [INFO]   warmup: 1.5326606112019484e-05
2026-09-02 13:48:36,944 [INFO]   rollout: 0.0018505220845961342
2026-09-02 13:48:36,944 [INFO]   buffer_sample: 0.005078361772036676
2026-09-02 13:48:36,944 [INFO]   critic_update: 0.01943064954205569
2026-09-02 13:48:36,944 [INFO]   actor_update: 0.022810528124839448
2026-09-02 13:48:36,944 [INFO]   target_update: 0.0009878249353142984
2026-09-02 13:48:36,944 [INFO]   _sub_segment_wall_time_seconds: {'buffer_sample': 85.85923561596098, 'critic_update': 328.5115933230279, 'actor_update': 385.6547833160065, 'target_update': 16.701034246021663}
2026-09-02 13:48:36,944 [INFO]   idle_baseline_tail: 0.0014068826721011646
2026-09-02 13:48:36,944 [INFO]   _total_kg_co2eq: 0.02022872652229969
2026-09-02 13:48:36,944 [INFO] Training summary: 100 epochs, final cumulative_reward=489546.41, final mean_episode_return=512.060807169044, episodes completed=1547
