2026-09-14 20:25:27,607 [INFO] === Experiment run: algo=mbpo env=Ant-v5 seed=331 ===
2026-09-14 20:25:27,607 [INFO] Run directory: results/mbpo/Ant-v5/seed_331/20260914_202527
2026-09-14 20:25:27,720 [INFO] Using device: cuda
2026-09-14 20:25:27,813 [INFO] Waiting for thermal baseline before starting...
2026-09-14 20:25:37,826 [INFO] Thermal gate result: {'gated': True, 'reason': 'reached_reference', 'waited_seconds': 1.1205673217773438e-05, 'final_temp_c': 42.0, 'final_power_w': 24.997}
2026-09-14 20:25:37,826 [INFO] Settling for 30s (unmeasured)...
2026-09-14 20:26:09,082 [INFO] Recording idle baseline for 90s...
2026-09-14 20:27:42,660 [INFO] Starting warmup: 5000 steps
2026-09-14 20:27:43,341 [INFO] Starting measured training: 100 epochs x 1000 steps = 100000 env steps
2026-09-14 20:29:58,203 [INFO] Epoch 10/100 done (real_buffer=15000, model_buffer=90000, rollout_len=1, cumulative_reward=-4941.95, mean_episode_return=-95.77246684990368)
2026-09-14 20:32:38,605 [INFO] Epoch 20/100 done (real_buffer=25000, model_buffer=190000, rollout_len=1, cumulative_reward=-8243.47, mean_episode_return=-50.12056522716067)
2026-09-14 20:35:40,363 [INFO] Epoch 30/100 done (real_buffer=35000, model_buffer=250000, rollout_len=4, cumulative_reward=-12174.73, mean_episode_return=-54.62514753960783)
2026-09-14 20:40:27,296 [INFO] Epoch 40/100 done (real_buffer=45000, model_buffer=250000, rollout_len=7, cumulative_reward=-22921.10, mean_episode_return=-35.12818918955666)
2026-09-14 20:45:24,653 [INFO] Epoch 50/100 done (real_buffer=55000, model_buffer=250000, rollout_len=10, cumulative_reward=-25577.54, mean_episode_return=-304.6446516618624)
2026-09-14 20:50:19,451 [INFO] Epoch 60/100 done (real_buffer=65000, model_buffer=250000, rollout_len=13, cumulative_reward=-27488.36, mean_episode_return=-57.06903552654507)
2026-09-14 20:55:01,755 [INFO] Epoch 70/100 done (real_buffer=75000, model_buffer=250000, rollout_len=16, cumulative_reward=-30720.83, mean_episode_return=-150.98837648287014)
2026-09-14 21:00:06,215 [INFO] Epoch 80/100 done (real_buffer=85000, model_buffer=250000, rollout_len=19, cumulative_reward=-34112.94, mean_episode_return=-240.8571455605215)
2026-09-14 21:05:33,147 [INFO] Epoch 90/100 done (real_buffer=95000, model_buffer=250000, rollout_len=22, cumulative_reward=-39595.25, mean_episode_return=-720.8332032585932)
2026-09-14 21:11:39,884 [INFO] Epoch 100/100 done (real_buffer=105000, model_buffer=250000, rollout_len=25, cumulative_reward=-46023.60, mean_episode_return=-301.5608059223263)
2026-09-14 21:11:39,884 [INFO] Recording idle tail for 90s...
2026-09-14 21:13:09,949 [INFO] Run complete. Segment energy summary (kWh unless noted):
2026-09-14 21:13:09,949 [INFO]   idle_baseline_head: 0.0016040030167833313
2026-09-14 21:13:09,949 [INFO]   warmup: 2.1876874490330293e-05
2026-09-14 21:13:09,949 [INFO]   dynamics_model_update: 0.057256787645529474
2026-09-14 21:13:09,949 [INFO]   rollout: 0.0011680878547613573
2026-09-14 21:13:09,949 [INFO]   synthetic_rollout_generation: 0.00019491386349480507
2026-09-14 21:13:09,949 [INFO]   buffer_sample: 0.001242791091923055
2026-09-14 21:13:09,949 [INFO]   critic_update: 0.013647520428770982
2026-09-14 21:13:09,950 [INFO]   actor_update: 0.016638177929891102
2026-09-14 21:13:09,950 [INFO]   target_update: 0.0014070592801144555
2026-09-14 21:13:09,950 [INFO]   _sub_segment_wall_time_seconds: {'buffer_sample': 30.366803907814756, 'critic_update': 333.4684158759992, 'actor_update': 406.54321539956436, 'target_update': 34.380591817560344}
2026-09-14 21:13:09,950 [INFO]   idle_baseline_tail: 0.0016458897022168517
2026-09-14 21:13:09,950 [INFO]   _total_kg_co2eq: 0.03612439880210607
2026-09-14 21:13:09,950 [INFO] Training summary: 100 epochs, final cumulative_reward=-46023.60, final mean_episode_return=-301.5608059223263, episodes completed=315
