2026-09-13 09:01:38,417 [INFO] === Experiment run: algo=mbpo env=Ant-v5 seed=43611 ===
2026-09-13 09:01:38,418 [INFO] Run directory: results/mbpo/Ant-v5/seed_43611/20260913_090138
2026-09-13 09:01:38,558 [INFO] Using device: cuda
2026-09-13 09:01:38,653 [INFO] Waiting for thermal baseline before starting...
2026-09-13 09:01:48,665 [INFO] Thermal gate result: {'gated': True, 'reason': 'reached_reference', 'waited_seconds': 9.775161743164062e-06, 'final_temp_c': 40.0, 'final_power_w': 23.886}
2026-09-13 09:01:48,665 [INFO] Settling for 30s (unmeasured)...
2026-09-13 09:02:19,902 [INFO] Recording idle baseline for 90s...
2026-09-13 09:03:53,442 [INFO] Starting warmup: 5000 steps
2026-09-13 09:03:54,103 [INFO] Starting measured training: 100 epochs x 1000 steps = 100000 env steps
2026-09-13 09:05:14,486 [INFO] Epoch 10/100 done (real_buffer=15000, model_buffer=90000, rollout_len=1, cumulative_reward=-3282.58, mean_episode_return=-43.83166611525811)
2026-09-13 09:07:03,516 [INFO] Epoch 20/100 done (real_buffer=25000, model_buffer=190000, rollout_len=1, cumulative_reward=-7475.01, mean_episode_return=-142.84566937158021)
2026-09-13 09:10:07,497 [INFO] Epoch 30/100 done (real_buffer=35000, model_buffer=250000, rollout_len=4, cumulative_reward=-10761.76, mean_episode_return=-195.46440922164626)
2026-09-13 09:14:01,810 [INFO] Epoch 40/100 done (real_buffer=45000, model_buffer=250000, rollout_len=7, cumulative_reward=-18844.86, mean_episode_return=-612.5304350382976)
2026-09-13 09:18:14,325 [INFO] Epoch 50/100 done (real_buffer=55000, model_buffer=250000, rollout_len=10, cumulative_reward=-25090.26, mean_episode_return=-561.0504415614738)
2026-09-13 09:22:49,920 [INFO] Epoch 60/100 done (real_buffer=65000, model_buffer=250000, rollout_len=13, cumulative_reward=-28261.54, mean_episode_return=-400.6209742476768)
2026-09-13 09:27:18,417 [INFO] Epoch 70/100 done (real_buffer=75000, model_buffer=250000, rollout_len=16, cumulative_reward=-28834.82, mean_episode_return=9.595413872523556)
2026-09-13 09:30:52,755 [INFO] Epoch 80/100 done (real_buffer=85000, model_buffer=250000, rollout_len=19, cumulative_reward=-31247.98, mean_episode_return=-5.3264384445540305)
2026-09-13 09:33:51,184 [INFO] Epoch 90/100 done (real_buffer=95000, model_buffer=250000, rollout_len=22, cumulative_reward=-36539.95, mean_episode_return=-325.584108149459)
2026-09-13 09:37:01,832 [INFO] Epoch 100/100 done (real_buffer=105000, model_buffer=250000, rollout_len=25, cumulative_reward=-41453.39, mean_episode_return=-870.6921887888229)
2026-09-13 09:37:01,832 [INFO] Recording idle tail for 90s...
2026-09-13 09:38:31,897 [INFO] Run complete. Segment energy summary (kWh unless noted):
2026-09-13 09:38:31,897 [INFO]   idle_baseline_head: 0.0015393445060664613
2026-09-13 09:38:31,897 [INFO]   warmup: 1.9194574469006158e-05
2026-09-13 09:38:31,897 [INFO]   dynamics_model_update: 0.050553903887214965
2026-09-13 09:38:31,897 [INFO]   rollout: 0.001133034920175351
2026-09-13 09:38:31,897 [INFO]   synthetic_rollout_generation: 0.0001692423190360337
2026-09-13 09:38:31,897 [INFO]   buffer_sample: 0.0004967699888357157
2026-09-13 09:38:31,897 [INFO]   critic_update: 0.005541604429814203
2026-09-13 09:38:31,897 [INFO]   actor_update: 0.006634382865708588
2026-09-13 09:38:31,897 [INFO]   target_update: 0.0005718151200315938
2026-09-13 09:38:31,897 [INFO]   _sub_segment_wall_time_seconds: {'buffer_sample': 14.982293397828471, 'critic_update': 167.1315605372438, 'actor_update': 200.089121407138, 'target_update': 17.245610826263146}
2026-09-13 09:38:31,897 [INFO]   idle_baseline_tail: 0.00161061810010453
2026-09-13 09:38:31,897 [INFO]   _total_kg_co2eq: 0.026007435285082727
2026-09-13 09:38:31,897 [INFO] Training summary: 100 epochs, final cumulative_reward=-41453.39, final mean_episode_return=-870.6921887888229, episodes completed=290
