2026-09-09 13:13:19,808 [INFO] === Experiment run: algo=td3 env=Ant-v5 seed=14577 ===
2026-09-09 13:13:19,808 [INFO] Run directory: results/td3/Ant-v5/seed_14577/20260909_131319
2026-09-09 13:13:19,946 [INFO] Using device: cuda
2026-09-09 13:13:20,041 [INFO] Waiting for thermal baseline before starting...
2026-09-09 13:13:35,052 [INFO] Thermal gate result: {'gated': True, 'reason': 'reached_reference', 'waited_seconds': 9.775161743164062e-06, 'final_temp_c': 43.0, 'final_power_w': 26.243}
2026-09-09 13:13:35,052 [INFO] Settling for 30s (unmeasured)...
2026-09-09 13:14:06,290 [INFO] Recording idle baseline for 90s...
2026-09-09 13:15:39,834 [INFO] Starting warmup: 10000 steps
2026-09-09 13:15:41,194 [INFO] Starting measured training: 100 epochs x 1000 steps = 100000 env steps
2026-09-09 13:16:03,269 [INFO] Epoch 10/100 done (buffer size=20000, cumulative_reward=4950.24, mean_episode_return=43.04401873513664)
2026-09-09 13:16:25,079 [INFO] Epoch 20/100 done (buffer size=30000, cumulative_reward=7169.08, mean_episode_return=234.95294547752044)
2026-09-09 13:16:46,844 [INFO] Epoch 30/100 done (buffer size=40000, cumulative_reward=12389.19, mean_episode_return=509.1401403164706)
2026-09-09 13:17:08,861 [INFO] Epoch 40/100 done (buffer size=50000, cumulative_reward=18573.57, mean_episode_return=334.7376128488946)
2026-09-09 13:17:30,722 [INFO] Epoch 50/100 done (buffer size=60000, cumulative_reward=26065.58, mean_episode_return=178.62525346135445)
2026-09-09 13:17:52,673 [INFO] Epoch 60/100 done (buffer size=70000, cumulative_reward=33321.73, mean_episode_return=765.8614519487157)
2026-09-09 13:18:15,060 [INFO] Epoch 70/100 done (buffer size=80000, cumulative_reward=41761.82, mean_episode_return=362.37639108477396)
2026-09-09 13:18:37,553 [INFO] Epoch 80/100 done (buffer size=90000, cumulative_reward=50760.65, mean_episode_return=120.5555479918142)
2026-09-09 13:18:59,283 [INFO] Epoch 90/100 done (buffer size=100000, cumulative_reward=60467.32, mean_episode_return=158.32269278841648)
2026-09-09 13:19:21,288 [INFO] Epoch 100/100 done (buffer size=110000, cumulative_reward=70706.64, mean_episode_return=468.62585009331195)
2026-09-09 13:19:21,289 [INFO] Recording idle tail for 90s...
2026-09-09 13:20:51,350 [INFO] Run complete. Segment energy summary (kWh unless noted):
2026-09-09 13:20:51,351 [INFO]   idle_baseline_head: 0.0016748095956870149
2026-09-09 13:20:51,351 [INFO]   warmup: 4.189823978618338e-05
2026-09-09 13:20:51,351 [INFO]   rollout: 0.0008487811047012653
2026-09-09 13:20:51,351 [INFO]   buffer_sample: 0.0004066284135171085
2026-09-09 13:20:51,351 [INFO]   critic_update: 0.005119935216674266
2026-09-09 13:20:51,351 [INFO]   actor_update: 0.0014362162375237664
2026-09-09 13:20:51,351 [INFO]   target_update: 0.00048403938658926973
2026-09-09 13:20:51,351 [INFO]   _sub_segment_wall_time_seconds: {'buffer_sample': 9.783096848521382, 'critic_update': 123.18082164903171, 'actor_update': 34.55401068898209, 'target_update': 11.645531989619485}
2026-09-09 13:20:51,351 [INFO]   idle_baseline_tail: 0.001948289538108397
2026-09-09 13:20:51,351 [INFO]   _total_kg_co2eq: 0.004556402681339064
2026-09-09 13:20:51,351 [INFO] Training summary: 100 epochs, final cumulative_reward=70706.64, final mean_episode_return=468.62585009331195, episodes completed=297
