2026-09-17 19:34:05,123 [INFO] === Experiment run: algo=mbpo env=Ant-v5 seed=85062 ===
2026-09-17 19:34:05,123 [INFO] Run directory: results/mbpo/Ant-v5/seed_85062/20260917_193405
2026-09-17 19:34:05,218 [INFO] Using device: cuda
2026-09-17 19:34:05,308 [INFO] Waiting for thermal baseline before starting...
2026-09-17 19:34:15,319 [INFO] Thermal gate result: {'gated': True, 'reason': 'reached_reference', 'waited_seconds': 1.049041748046875e-05, 'final_temp_c': 42.0, 'final_power_w': 24.732}
2026-09-17 19:34:15,319 [INFO] Settling for 30s (unmeasured)...
2026-09-17 19:34:46,549 [INFO] Recording idle baseline for 90s...
2026-09-17 19:36:20,139 [INFO] Starting warmup: 5000 steps
2026-09-17 19:36:20,808 [INFO] Starting measured training: 100 epochs x 1000 steps = 100000 env steps
2026-09-17 19:37:50,636 [INFO] Epoch 10/100 done (real_buffer=15000, model_buffer=90000, rollout_len=1, cumulative_reward=-2968.51, mean_episode_return=-14.96051759778594)
2026-09-17 19:39:44,537 [INFO] Epoch 20/100 done (real_buffer=25000, model_buffer=190000, rollout_len=1, cumulative_reward=-4656.06, mean_episode_return=-9.605241279394914)
2026-09-17 19:42:06,010 [INFO] Epoch 30/100 done (real_buffer=35000, model_buffer=250000, rollout_len=4, cumulative_reward=-5971.19, mean_episode_return=-56.80409165190094)
2026-09-17 19:45:37,215 [INFO] Epoch 40/100 done (real_buffer=45000, model_buffer=250000, rollout_len=7, cumulative_reward=-7809.37, mean_episode_return=78.28799559952014)
2026-09-17 19:49:47,811 [INFO] Epoch 50/100 done (real_buffer=55000, model_buffer=250000, rollout_len=10, cumulative_reward=-10309.43, mean_episode_return=-358.43067114820275)
2026-09-17 19:54:31,314 [INFO] Epoch 60/100 done (real_buffer=65000, model_buffer=250000, rollout_len=13, cumulative_reward=-7818.55, mean_episode_return=136.3833261840375)
2026-09-17 19:59:17,602 [INFO] Epoch 70/100 done (real_buffer=75000, model_buffer=250000, rollout_len=16, cumulative_reward=-6635.44, mean_episode_return=215.022217659253)
2026-09-17 20:03:40,914 [INFO] Epoch 80/100 done (real_buffer=85000, model_buffer=250000, rollout_len=19, cumulative_reward=-6243.43, mean_episode_return=-123.35961532136956)
2026-09-17 20:07:05,435 [INFO] Epoch 90/100 done (real_buffer=95000, model_buffer=250000, rollout_len=22, cumulative_reward=-10100.79, mean_episode_return=-483.5860049566508)
2026-09-17 20:10:44,032 [INFO] Epoch 100/100 done (real_buffer=105000, model_buffer=250000, rollout_len=25, cumulative_reward=-13885.43, mean_episode_return=-33.96867140632923)
2026-09-17 20:10:44,032 [INFO] Recording idle tail for 90s...
2026-09-17 20:12:14,096 [INFO] Run complete. Segment energy summary (kWh unless noted):
2026-09-17 20:12:14,096 [INFO]   idle_baseline_head: 0.0015617046485587973
2026-09-17 20:12:14,096 [INFO]   warmup: 2.1080061073400604e-05
2026-09-17 20:12:14,096 [INFO]   dynamics_model_update: 0.05190074714514716
2026-09-17 20:12:14,096 [INFO]   rollout: 0.0011672883645020133
2026-09-17 20:12:14,096 [INFO]   synthetic_rollout_generation: 0.00019790918816419193
2026-09-17 20:12:14,096 [INFO]   buffer_sample: 0.0016674173841002818
2026-09-17 20:12:14,096 [INFO]   critic_update: 0.009609815942261837
2026-09-17 20:12:14,096 [INFO]   actor_update: 0.011262502328360154
2026-09-17 20:12:14,096 [INFO]   target_update: 0.0009309259793947904
2026-09-17 20:12:14,096 [INFO]   _sub_segment_wall_time_seconds: {'buffer_sample': 30.725190893233957, 'critic_update': 177.0782961065015, 'actor_update': 207.53204163160262, 'target_update': 17.154000370344875}
2026-09-17 20:12:14,096 [INFO]   idle_baseline_tail: 0.001640147129350969
2026-09-17 20:12:14,096 [INFO]   _total_kg_co2eq: 0.030460598938953202
2026-09-17 20:12:14,096 [INFO] Training summary: 100 epochs, final cumulative_reward=-13885.43, final mean_episode_return=-33.96867140632923, episodes completed=316
