2026-09-13 00:56:29,806 [INFO] === Experiment run: algo=mbpo env=HalfCheetah-v5 seed=85062 ===
2026-09-13 00:56:29,806 [INFO] Run directory: results/mbpo/HalfCheetah-v5/seed_85062/20260913_005629
2026-09-13 00:56:29,939 [INFO] Using device: cuda
2026-09-13 00:56:30,033 [INFO] Waiting for thermal baseline before starting...
2026-09-13 00:56:40,044 [INFO] Thermal gate result: {'gated': True, 'reason': 'reached_reference', 'waited_seconds': 9.775161743164062e-06, 'final_temp_c': 40.0, 'final_power_w': 25.282}
2026-09-13 00:56:40,044 [INFO] Settling for 30s (unmeasured)...
2026-09-13 00:57:11,283 [INFO] Recording idle baseline for 90s...
2026-09-13 00:58:44,857 [INFO] Starting warmup: 5000 steps
2026-09-13 00:58:45,013 [INFO] Starting measured training: 100 epochs x 1000 steps = 100000 env steps
2026-09-13 01:00:10,131 [INFO] Epoch 10/100 done (real_buffer=15000, model_buffer=10000, rollout_len=1, cumulative_reward=-2493.97, mean_episode_return=-310.04525370365843)
2026-09-13 01:01:27,875 [INFO] Epoch 20/100 done (real_buffer=25000, model_buffer=10000, rollout_len=1, cumulative_reward=-1533.66, mean_episode_return=1006.3910037261702)
2026-09-13 01:03:04,953 [INFO] Epoch 30/100 done (real_buffer=35000, model_buffer=10000, rollout_len=1, cumulative_reward=8445.54, mean_episode_return=2028.954680246929)
2026-09-13 01:06:10,173 [INFO] Epoch 40/100 done (real_buffer=45000, model_buffer=10000, rollout_len=1, cumulative_reward=23905.96, mean_episode_return=2170.8136957951265)
2026-09-13 01:09:24,101 [INFO] Epoch 50/100 done (real_buffer=55000, model_buffer=10000, rollout_len=1, cumulative_reward=47623.97, mean_episode_return=3482.156249381786)
2026-09-13 01:12:19,828 [INFO] Epoch 60/100 done (real_buffer=65000, model_buffer=10000, rollout_len=1, cumulative_reward=83088.82, mean_episode_return=3976.2353141850094)
2026-09-13 01:15:11,845 [INFO] Epoch 70/100 done (real_buffer=75000, model_buffer=10000, rollout_len=1, cumulative_reward=122858.36, mean_episode_return=5084.453580738908)
2026-09-13 01:18:19,562 [INFO] Epoch 80/100 done (real_buffer=85000, model_buffer=10000, rollout_len=1, cumulative_reward=171206.18, mean_episode_return=3673.6744106443803)
2026-09-13 01:22:19,306 [INFO] Epoch 90/100 done (real_buffer=95000, model_buffer=10000, rollout_len=1, cumulative_reward=225030.10, mean_episode_return=5486.104792781501)
2026-09-13 01:26:47,105 [INFO] Epoch 100/100 done (real_buffer=105000, model_buffer=10000, rollout_len=1, cumulative_reward=281557.55, mean_episode_return=5769.841253661936)
2026-09-13 01:26:47,105 [INFO] Recording idle tail for 90s...
2026-09-13 01:28:17,178 [INFO] Run complete. Segment energy summary (kWh unless noted):
2026-09-13 01:28:17,178 [INFO]   idle_baseline_head: 0.00157499951645931
2026-09-13 01:28:17,178 [INFO]   warmup: 5.365310242530031e-06
2026-09-13 01:28:17,178 [INFO]   dynamics_model_update: 0.04039214999795528
2026-09-13 01:28:17,178 [INFO]   rollout: 0.000648106045220382
2026-09-13 01:28:17,178 [INFO]   synthetic_rollout_generation: 9.713452242381734e-06
2026-09-13 01:28:17,178 [INFO]   buffer_sample: 0.00035382820557818847
2026-09-13 01:28:17,178 [INFO]   critic_update: 0.005165890470877436
2026-09-13 01:28:17,178 [INFO]   actor_update: 0.006306566766038225
2026-09-13 01:28:17,178 [INFO]   target_update: 0.000550438978751508
2026-09-13 01:28:17,178 [INFO]   _sub_segment_wall_time_seconds: {'buffer_sample': 11.147174477238877, 'critic_update': 162.74870544895384, 'actor_update': 198.68512172031842, 'target_update': 17.34129512142681}
2026-09-13 01:28:17,178 [INFO]   idle_baseline_tail: 0.0016165566696177969
2026-09-13 01:28:17,178 [INFO]   _total_kg_co2eq: 0.021570777806685107
2026-09-13 01:28:17,178 [INFO] Training summary: 100 epochs, final cumulative_reward=281557.55, final mean_episode_return=5769.841253661936, episodes completed=105
