2026-09-17 12:22:08,115 [INFO] === Experiment run: algo=sac env=Ant-v5 seed=958 ===
2026-09-17 12:22:08,115 [INFO] Run directory: results/sac/Ant-v5/seed_958/20260917_122208
2026-09-17 12:22:08,248 [INFO] Using device: cuda
2026-09-17 12:22:08,341 [INFO] Waiting for thermal baseline before starting...
2026-09-17 12:22:23,352 [INFO] Thermal gate result: {'gated': True, 'reason': 'reached_reference', 'waited_seconds': 9.5367431640625e-06, 'final_temp_c': 45.0, 'final_power_w': 27.724}
2026-09-17 12:22:23,352 [INFO] Settling for 30s (unmeasured)...
2026-09-17 12:22:54,586 [INFO] Recording idle baseline for 90s...
2026-09-17 12:24:28,253 [INFO] Starting warmup: 5000 steps
2026-09-17 12:24:28,924 [INFO] Starting measured training: 100 epochs x 1000 steps = 100000 env steps
2026-09-17 12:25:16,433 [INFO] Epoch 10/100 done (buffer size=15000, cumulative_reward=-1567.21, mean_episode_return=-87.34637680741886)
2026-09-17 12:26:01,061 [INFO] Epoch 20/100 done (buffer size=25000, cumulative_reward=-4239.94, mean_episode_return=-38.19886361298876)
2026-09-17 12:26:45,862 [INFO] Epoch 30/100 done (buffer size=35000, cumulative_reward=-7146.65, mean_episode_return=-184.22301042166688)
2026-09-17 12:27:33,575 [INFO] Epoch 40/100 done (buffer size=45000, cumulative_reward=-9822.01, mean_episode_return=-53.85680851561353)
2026-09-17 12:28:18,838 [INFO] Epoch 50/100 done (buffer size=55000, cumulative_reward=-12707.19, mean_episode_return=-308.572440177734)
2026-09-17 12:29:03,645 [INFO] Epoch 60/100 done (buffer size=65000, cumulative_reward=-14739.18, mean_episode_return=-310.46796371335705)
2026-09-17 12:29:48,565 [INFO] Epoch 70/100 done (buffer size=75000, cumulative_reward=-16844.78, mean_episode_return=-26.489846370985354)
2026-09-17 12:30:35,572 [INFO] Epoch 80/100 done (buffer size=85000, cumulative_reward=-18102.63, mean_episode_return=141.4447789741193)
2026-09-17 12:31:23,127 [INFO] Epoch 90/100 done (buffer size=95000, cumulative_reward=-18766.90, mean_episode_return=16.415071216208677)
2026-09-17 12:32:08,044 [INFO] Epoch 100/100 done (buffer size=105000, cumulative_reward=-20214.13, mean_episode_return=-47.09429861798242)
2026-09-17 12:32:08,044 [INFO] Recording idle tail for 90s...
2026-09-17 12:33:38,107 [INFO] Run complete. Segment energy summary (kWh unless noted):
2026-09-17 12:33:38,107 [INFO]   idle_baseline_head: 0.0016358911634943157
2026-09-17 12:33:38,107 [INFO]   warmup: 1.9889965558856325e-05
2026-09-17 12:33:38,107 [INFO]   rollout: 0.0012166228066181946
2026-09-17 12:33:38,107 [INFO]   buffer_sample: 0.0008063128780523596
2026-09-17 12:33:38,107 [INFO]   critic_update: 0.00839777246329519
2026-09-17 12:33:38,107 [INFO]   actor_update: 0.010008114017598085
2026-09-17 12:33:38,107 [INFO]   target_update: 0.0008326241219631522
2026-09-17 12:33:38,107 [INFO]   _sub_segment_wall_time_seconds: {'buffer_sample': 16.455715693221464, 'critic_update': 171.38676545282215, 'actor_update': 204.2515794820829, 'target_update': 16.99269130295852}
2026-09-17 12:33:38,107 [INFO]   idle_baseline_tail: 0.001700501518211786
2026-09-17 12:33:38,107 [INFO]   _total_kg_co2eq: 0.009378134847589465
2026-09-17 12:33:38,108 [INFO] Training summary: 100 epochs, final cumulative_reward=-20214.13, final mean_episode_return=-47.09429861798242, episodes completed=383
