2026-09-09 18:16:12,985 [INFO] === Experiment run: algo=td3 env=HalfCheetah-v5 seed=14577 ===
2026-09-09 18:16:12,985 [INFO] Run directory: results/td3/HalfCheetah-v5/seed_14577/20260909_181612
2026-09-09 18:16:13,117 [INFO] Using device: cuda
2026-09-09 18:16:13,209 [INFO] Waiting for thermal baseline before starting...
2026-09-09 18:16:33,221 [INFO] Thermal gate result: {'gated': True, 'reason': 'reached_reference', 'waited_seconds': 1.049041748046875e-05, 'final_temp_c': 43.0, 'final_power_w': 29.123}
2026-09-09 18:16:33,221 [INFO] Settling for 30s (unmeasured)...
2026-09-09 18:17:04,461 [INFO] Recording idle baseline for 90s...
2026-09-09 18:18:38,010 [INFO] Starting warmup: 10000 steps
2026-09-09 18:18:38,321 [INFO] Starting measured training: 100 epochs x 1000 steps = 100000 env steps
2026-09-09 18:19:23,625 [INFO] Epoch 10/100 done (buffer size=20000, cumulative_reward=-4097.19, mean_episode_return=104.3433242116458)
2026-09-09 18:20:03,668 [INFO] Epoch 20/100 done (buffer size=30000, cumulative_reward=-3656.78, mean_episode_return=1178.770148371871)
2026-09-09 18:20:42,723 [INFO] Epoch 30/100 done (buffer size=40000, cumulative_reward=13876.29, mean_episode_return=2562.553692081291)
2026-09-09 18:21:21,974 [INFO] Epoch 40/100 done (buffer size=50000, cumulative_reward=39937.75, mean_episode_return=3241.0174228769356)
2026-09-09 18:22:01,342 [INFO] Epoch 50/100 done (buffer size=60000, cumulative_reward=72597.41, mean_episode_return=3123.303161637139)
2026-09-09 18:22:41,489 [INFO] Epoch 60/100 done (buffer size=70000, cumulative_reward=111835.02, mean_episode_return=3869.0871461213246)
2026-09-09 18:23:21,253 [INFO] Epoch 70/100 done (buffer size=80000, cumulative_reward=152487.69, mean_episode_return=4080.6910400868132)
2026-09-09 18:24:01,776 [INFO] Epoch 80/100 done (buffer size=90000, cumulative_reward=193839.14, mean_episode_return=4261.69299896267)
2026-09-09 18:24:41,048 [INFO] Epoch 90/100 done (buffer size=100000, cumulative_reward=236688.10, mean_episode_return=4399.235684730029)
2026-09-09 18:25:22,090 [INFO] Epoch 100/100 done (buffer size=110000, cumulative_reward=277243.66, mean_episode_return=4318.127765773238)
2026-09-09 18:25:22,090 [INFO] Recording idle tail for 90s...
2026-09-09 18:26:52,156 [INFO] Run complete. Segment energy summary (kWh unless noted):
2026-09-09 18:26:52,156 [INFO]   idle_baseline_head: 0.0016953787211439488
2026-09-09 18:26:52,156 [INFO]   warmup: 9.709340629959675e-06
2026-09-09 18:26:52,156 [INFO]   rollout: 0.0003976530872650671
2026-09-09 18:26:52,156 [INFO]   buffer_sample: 0.000732578796361574
2026-09-09 18:26:52,156 [INFO]   critic_update: 0.010406058635294708
2026-09-09 18:26:52,156 [INFO]   actor_update: 0.0029096286046710685
2026-09-09 18:26:52,156 [INFO]   target_update: 0.0009486468786811158
2026-09-09 18:26:52,156 [INFO]   _sub_segment_wall_time_seconds: {'buffer_sample': 17.872387849434745, 'critic_update': 253.8718248980731, 'actor_update': 70.98487040406326, 'target_update': 23.14370144502027}
2026-09-09 18:26:52,156 [INFO]   idle_baseline_tail: 0.0018729621706974377
2026-09-09 18:26:52,156 [INFO]   _total_kg_co2eq: 0.0072276332306409905
2026-09-09 18:26:52,156 [INFO] Training summary: 100 epochs, final cumulative_reward=277243.66, final mean_episode_return=4318.127765773238, episodes completed=110
