2026-09-12 23:54:01,466 [INFO] === Experiment run: algo=mbpo env=HalfCheetah-v5 seed=14577 ===
2026-09-12 23:54:01,466 [INFO] Run directory: results/mbpo/HalfCheetah-v5/seed_14577/20260912_235401
2026-09-12 23:54:01,599 [INFO] Using device: cuda
2026-09-12 23:54:01,693 [INFO] Waiting for thermal baseline before starting...
2026-09-12 23:54:11,704 [INFO] Thermal gate result: {'gated': True, 'reason': 'reached_reference', 'waited_seconds': 1.1444091796875e-05, 'final_temp_c': 40.0, 'final_power_w': 23.759}
2026-09-12 23:54:11,704 [INFO] Settling for 30s (unmeasured)...
2026-09-12 23:54:42,951 [INFO] Recording idle baseline for 90s...
2026-09-12 23:56:16,531 [INFO] Starting warmup: 5000 steps
2026-09-12 23:56:16,686 [INFO] Starting measured training: 100 epochs x 1000 steps = 100000 env steps
2026-09-12 23:57:45,329 [INFO] Epoch 10/100 done (real_buffer=15000, model_buffer=10000, rollout_len=1, cumulative_reward=-2768.02, mean_episode_return=-356.3863069235129)
2026-09-12 23:58:55,441 [INFO] Epoch 20/100 done (real_buffer=25000, model_buffer=10000, rollout_len=1, cumulative_reward=-3076.74, mean_episode_return=1026.5154175929133)
2026-09-13 00:00:17,833 [INFO] Epoch 30/100 done (real_buffer=35000, model_buffer=10000, rollout_len=1, cumulative_reward=8120.22, mean_episode_return=1593.7768577178747)
2026-09-13 00:04:27,371 [INFO] Epoch 40/100 done (real_buffer=45000, model_buffer=10000, rollout_len=1, cumulative_reward=30695.40, mean_episode_return=2606.265201806628)
2026-09-13 00:07:21,622 [INFO] Epoch 50/100 done (real_buffer=55000, model_buffer=10000, rollout_len=1, cumulative_reward=57338.37, mean_episode_return=2414.0381159637186)
2026-09-13 00:09:39,512 [INFO] Epoch 60/100 done (real_buffer=65000, model_buffer=10000, rollout_len=1, cumulative_reward=89349.99, mean_episode_return=3468.2004681690614)
2026-09-13 00:12:26,863 [INFO] Epoch 70/100 done (real_buffer=75000, model_buffer=10000, rollout_len=1, cumulative_reward=125441.21, mean_episode_return=4168.533696212984)
2026-09-13 00:15:32,346 [INFO] Epoch 80/100 done (real_buffer=85000, model_buffer=10000, rollout_len=1, cumulative_reward=166474.12, mean_episode_return=4358.27730100776)
2026-09-13 00:18:50,219 [INFO] Epoch 90/100 done (real_buffer=95000, model_buffer=10000, rollout_len=1, cumulative_reward=206835.11, mean_episode_return=4693.1655130395675)
2026-09-13 00:23:36,620 [INFO] Epoch 100/100 done (real_buffer=105000, model_buffer=10000, rollout_len=1, cumulative_reward=249904.51, mean_episode_return=5116.815009864842)
2026-09-13 00:23:36,621 [INFO] Recording idle tail for 90s...
2026-09-13 00:25:06,682 [INFO] Run complete. Segment energy summary (kWh unless noted):
2026-09-13 00:25:06,683 [INFO]   idle_baseline_head: 0.0015415757660546068
2026-09-13 00:25:06,683 [INFO]   warmup: 5.301656436319455e-06
2026-09-13 00:25:06,683 [INFO]   dynamics_model_update: 0.039800093865624254
2026-09-13 00:25:06,683 [INFO]   rollout: 0.0006489090172257033
2026-09-13 00:25:06,683 [INFO]   synthetic_rollout_generation: 1.627669591360622e-05
2026-09-13 00:25:06,683 [INFO]   buffer_sample: 0.0003526078042313674
2026-09-13 00:25:06,683 [INFO]   critic_update: 0.005217445710301149
2026-09-13 00:25:06,683 [INFO]   actor_update: 0.006289428654285797
2026-09-13 00:25:06,683 [INFO]   target_update: 0.000543156015859731
2026-09-13 00:25:06,683 [INFO]   _sub_segment_wall_time_seconds: {'buffer_sample': 11.150750394146598, 'critic_update': 164.99474518835268, 'actor_update': 198.8947726174447, 'target_update': 17.176582835803856}
2026-09-13 00:25:06,683 [INFO]   idle_baseline_tail: 0.0016408173459482797
2026-09-13 00:25:06,683 [INFO]   _total_kg_co2eq: 0.021354397898376235
2026-09-13 00:25:06,683 [INFO] Training summary: 100 epochs, final cumulative_reward=249904.51, final mean_episode_return=5116.815009864842, episodes completed=105
