2026-09-18 20:24:40,588 [INFO] === Experiment run: algo=tdmpc2 env=HalfCheetah-v5 seed=14577 ===
2026-09-18 20:24:40,588 [INFO] Run directory: results/tdmpc2/HalfCheetah-v5/seed_14577/20260918_202440
2026-09-18 20:24:40,711 [INFO] Using device: cuda
2026-09-18 20:24:40,801 [INFO] Waiting for thermal baseline before starting...
2026-09-18 20:24:55,813 [INFO] Thermal gate result: {'gated': True, 'reason': 'reached_reference', 'waited_seconds': 9.775161743164062e-06, 'final_temp_c': 43.0, 'final_power_w': 25.764}
2026-09-18 20:24:55,813 [INFO] Settling for 30s (unmeasured)...
2026-09-18 20:25:27,046 [INFO] Recording idle baseline for 90s...
2026-09-18 20:27:00,642 [INFO] Starting warmup: 5000 steps
2026-09-18 20:27:00,802 [INFO] Pretraining world model on seed data: 5000 updates
2026-09-18 20:28:10,330 [INFO] Pretrain burst done: 5000 updates, mean total_loss=0.1076
2026-09-18 20:28:10,330 [INFO] Starting measured training: 100 epochs x 1000 steps = 100000 env steps
2026-09-18 20:32:35,069 [INFO] Epoch 10/100 done (buffer size=15000, cumulative_reward=2322.80, mean_episode_return=861.9719184114176)
2026-09-18 20:37:09,010 [INFO] Epoch 20/100 done (buffer size=25000, cumulative_reward=19384.25, mean_episode_return=3336.681196840833)
2026-09-18 20:41:32,166 [INFO] Epoch 30/100 done (buffer size=35000, cumulative_reward=41320.82, mean_episode_return=4161.08467030929)
2026-09-18 20:45:44,213 [INFO] Epoch 40/100 done (buffer size=45000, cumulative_reward=79894.59, mean_episode_return=3126.279631898436)
2026-09-18 20:49:56,209 [INFO] Epoch 50/100 done (buffer size=55000, cumulative_reward=133514.63, mean_episode_return=6519.841792503784)
2026-09-18 20:54:19,067 [INFO] Epoch 60/100 done (buffer size=65000, cumulative_reward=198116.72, mean_episode_return=7096.111194048677)
2026-09-18 20:58:43,051 [INFO] Epoch 70/100 done (buffer size=75000, cumulative_reward=274253.77, mean_episode_return=8300.497496665575)
2026-09-18 21:02:55,437 [INFO] Epoch 80/100 done (buffer size=85000, cumulative_reward=355340.85, mean_episode_return=9264.63480353433)
2026-09-18 21:07:21,303 [INFO] Epoch 90/100 done (buffer size=95000, cumulative_reward=440551.35, mean_episode_return=6651.070835310932)
2026-09-18 21:11:57,215 [INFO] Epoch 100/100 done (buffer size=105000, cumulative_reward=530845.77, mean_episode_return=8644.630819926986)
2026-09-18 21:11:57,215 [INFO] Recording idle tail for 90s...
2026-09-18 21:13:27,279 [INFO] Run complete. Segment energy summary (kWh unless noted):
2026-09-18 21:13:27,279 [INFO]   idle_baseline_head: 0.0016020549494464695
2026-09-18 21:13:27,279 [INFO]   warmup: 4.205588506613848e-06
2026-09-18 21:13:27,279 [INFO]   world_model_pretrain: 0.0035358093662785917
2026-09-18 21:13:27,279 [INFO]   rollout: 0.0672552362125153
2026-09-18 21:13:27,279 [INFO]   buffer_sample: 0.0029073159935364373
2026-09-18 21:13:27,279 [INFO]   critic_update: 0.04967682809424877
2026-09-18 21:13:27,279 [INFO]   actor_update: 0.018478209182645765
2026-09-18 21:13:27,279 [INFO]   target_update: 0.003986315253308747
2026-09-18 21:13:27,279 [INFO]   _sub_segment_wall_time_seconds: {'buffer_sample': 56.76811630911834, 'critic_update': 969.9874253063535, 'actor_update': 360.80464951066097, 'target_update': 77.83660546282044}
2026-09-18 21:13:27,279 [INFO]   idle_baseline_tail: 0.0017913214750344963
2026-09-18 21:13:27,279 [INFO]   _total_kg_co2eq: 0.05685195973068037
2026-09-18 21:13:27,279 [INFO] Training summary: 100 epochs, final cumulative_reward=530845.77, final mean_episode_return=8644.630819926986, episodes completed=105
