2026-09-17 21:13:33,017 [INFO] === Experiment run: algo=td3 env=Ant-v5 seed=43611 ===
2026-09-17 21:13:33,017 [INFO] Run directory: results/td3/Ant-v5/seed_43611/20260917_211333
2026-09-17 21:13:33,131 [INFO] Using device: cuda
2026-09-17 21:13:33,220 [INFO] Waiting for thermal baseline before starting...
2026-09-17 21:13:43,231 [INFO] Thermal gate result: {'gated': True, 'reason': 'reached_reference', 'waited_seconds': 9.775161743164062e-06, 'final_temp_c': 43.0, 'final_power_w': 27.618}
2026-09-17 21:13:43,231 [INFO] Settling for 30s (unmeasured)...
2026-09-17 21:14:14,465 [INFO] Recording idle baseline for 90s...
2026-09-17 21:15:47,999 [INFO] Starting warmup: 10000 steps
2026-09-17 21:15:49,340 [INFO] Starting measured training: 100 epochs x 1000 steps = 100000 env steps
2026-09-17 21:16:12,095 [INFO] Epoch 10/100 done (buffer size=20000, cumulative_reward=2948.08, mean_episode_return=12.262668834996656)
2026-09-17 21:16:34,563 [INFO] Epoch 20/100 done (buffer size=30000, cumulative_reward=3154.06, mean_episode_return=22.449189109417798)
2026-09-17 21:16:57,070 [INFO] Epoch 30/100 done (buffer size=40000, cumulative_reward=2619.40, mean_episode_return=14.477692444997164)
2026-09-17 21:17:19,607 [INFO] Epoch 40/100 done (buffer size=50000, cumulative_reward=2143.08, mean_episode_return=-94.49843026749802)
2026-09-17 21:17:42,153 [INFO] Epoch 50/100 done (buffer size=60000, cumulative_reward=2341.33, mean_episode_return=36.1589047889598)
2026-09-17 21:18:04,756 [INFO] Epoch 60/100 done (buffer size=70000, cumulative_reward=2446.64, mean_episode_return=19.678514241931936)
2026-09-17 21:18:27,440 [INFO] Epoch 70/100 done (buffer size=80000, cumulative_reward=3694.41, mean_episode_return=21.613462333487533)
2026-09-17 21:18:50,107 [INFO] Epoch 80/100 done (buffer size=90000, cumulative_reward=7080.00, mean_episode_return=304.31599724909364)
2026-09-17 21:19:12,893 [INFO] Epoch 90/100 done (buffer size=100000, cumulative_reward=10974.18, mean_episode_return=90.00719286347736)
2026-09-17 21:19:35,667 [INFO] Epoch 100/100 done (buffer size=110000, cumulative_reward=15335.71, mean_episode_return=126.53235538825497)
2026-09-17 21:19:35,667 [INFO] Recording idle tail for 90s...
2026-09-17 21:21:05,728 [INFO] Run complete. Segment energy summary (kWh unless noted):
2026-09-17 21:21:05,728 [INFO]   idle_baseline_head: 0.0015951883305643946
2026-09-17 21:21:05,728 [INFO]   warmup: 4.0826320360982634e-05
2026-09-17 21:21:05,729 [INFO]   rollout: 0.0009252025263078924
2026-09-17 21:21:05,729 [INFO]   buffer_sample: 0.0009733070430887145
2026-09-17 21:21:05,729 [INFO]   critic_update: 0.007452032533451827
2026-09-17 21:21:05,729 [INFO]   actor_update: 0.0020818955053407673
2026-09-17 21:21:05,729 [INFO]   target_update: 0.0006964741856766821
2026-09-17 21:21:05,729 [INFO]   _sub_segment_wall_time_seconds: {'buffer_sample': 15.935994415158348, 'critic_update': 122.0124211346556, 'actor_update': 34.086956815568556, 'target_update': 11.403399176095263}
2026-09-17 21:21:05,729 [INFO]   idle_baseline_tail: 0.0017592050464352704
2026-09-17 21:21:05,729 [INFO]   _total_kg_co2eq: 0.0059139297632174615
2026-09-17 21:21:05,729 [INFO] Training summary: 100 epochs, final cumulative_reward=15335.71, final mean_episode_return=126.53235538825497, episodes completed=433
