2026-09-13 11:07:16,525 [INFO] === Experiment run: algo=td3 env=HalfCheetah-v5 seed=14577 ===
2026-09-13 11:07:16,525 [INFO] Run directory: results/td3/HalfCheetah-v5/seed_14577/20260913_110716
2026-09-13 11:07:16,655 [INFO] Using device: cuda
2026-09-13 11:07:16,750 [INFO] Waiting for thermal baseline before starting...
2026-09-13 11:07:26,761 [INFO] Thermal gate result: {'gated': True, 'reason': 'reached_reference', 'waited_seconds': 1.1920928955078125e-05, 'final_temp_c': 43.0, 'final_power_w': 26.969}
2026-09-13 11:07:26,761 [INFO] Settling for 30s (unmeasured)...
2026-09-13 11:07:58,010 [INFO] Recording idle baseline for 90s...
2026-09-13 11:09:31,579 [INFO] Starting warmup: 10000 steps
2026-09-13 11:09:31,882 [INFO] Starting measured training: 100 epochs x 1000 steps = 100000 env steps
2026-09-13 11:09:53,506 [INFO] Epoch 10/100 done (buffer size=20000, cumulative_reward=-2474.93, mean_episode_return=261.3992589004231)
2026-09-13 11:10:15,163 [INFO] Epoch 20/100 done (buffer size=30000, cumulative_reward=14873.94, mean_episode_return=2373.170895063427)
2026-09-13 11:10:38,319 [INFO] Epoch 30/100 done (buffer size=40000, cumulative_reward=43679.10, mean_episode_return=3005.002807893456)
2026-09-13 11:11:01,480 [INFO] Epoch 40/100 done (buffer size=50000, cumulative_reward=83769.19, mean_episode_return=4250.2501124976125)
2026-09-13 11:11:23,743 [INFO] Epoch 50/100 done (buffer size=60000, cumulative_reward=127982.12, mean_episode_return=4569.793563681269)
2026-09-13 11:11:46,892 [INFO] Epoch 60/100 done (buffer size=70000, cumulative_reward=173322.07, mean_episode_return=4598.438263887633)
2026-09-13 11:12:07,274 [INFO] Epoch 70/100 done (buffer size=80000, cumulative_reward=221335.55, mean_episode_return=4877.94694046263)
2026-09-13 11:12:27,473 [INFO] Epoch 80/100 done (buffer size=90000, cumulative_reward=270140.42, mean_episode_return=4895.5876757154365)
2026-09-13 11:12:47,705 [INFO] Epoch 90/100 done (buffer size=100000, cumulative_reward=320091.92, mean_episode_return=4998.935817537339)
2026-09-13 11:13:07,943 [INFO] Epoch 100/100 done (buffer size=110000, cumulative_reward=370985.21, mean_episode_return=5210.066944901807)
2026-09-13 11:13:07,943 [INFO] Recording idle tail for 90s...
2026-09-13 11:14:38,003 [INFO] Run complete. Segment energy summary (kWh unless noted):
2026-09-13 11:14:38,003 [INFO]   idle_baseline_head: 0.0015945577581484424
2026-09-13 11:14:38,003 [INFO]   warmup: 9.316486818266786e-06
2026-09-13 11:14:38,003 [INFO]   rollout: 0.0003546166749393582
2026-09-13 11:14:38,003 [INFO]   buffer_sample: 0.0003012008655205819
2026-09-13 11:14:38,003 [INFO]   critic_update: 0.004709270442695791
2026-09-13 11:14:38,003 [INFO]   actor_update: 0.0012919505785862237
2026-09-13 11:14:38,003 [INFO]   target_update: 0.00040529607925884756
2026-09-13 11:14:38,003 [INFO]   _sub_segment_wall_time_seconds: {'buffer_sample': 8.686924127665407, 'critic_update': 135.81991194364673, 'actor_update': 37.26110359435552, 'target_update': 11.689130719052628}
2026-09-13 11:14:38,003 [INFO]   idle_baseline_tail: 0.0018319480233028995
2026-09-13 11:14:38,003 [INFO]   _total_kg_co2eq: 0.003999290243001604
2026-09-13 11:14:38,003 [INFO] Training summary: 100 epochs, final cumulative_reward=370985.21, final mean_episode_return=5210.066944901807, episodes completed=110
