2026-09-13 09:38:33,195 [INFO] === Experiment run: algo=mbpo env=Ant-v5 seed=85062 ===
2026-09-13 09:38:33,195 [INFO] Run directory: results/mbpo/Ant-v5/seed_85062/20260913_093833
2026-09-13 09:38:33,279 [INFO] Using device: cuda
2026-09-13 09:38:33,363 [INFO] Waiting for thermal baseline before starting...
2026-09-13 09:38:43,373 [INFO] Thermal gate result: {'gated': True, 'reason': 'reached_reference', 'waited_seconds': 1.049041748046875e-05, 'final_temp_c': 40.0, 'final_power_w': 23.718}
2026-09-13 09:38:43,373 [INFO] Settling for 30s (unmeasured)...
2026-09-13 09:39:14,607 [INFO] Recording idle baseline for 90s...
2026-09-13 09:40:48,183 [INFO] Starting warmup: 5000 steps
2026-09-13 09:40:48,845 [INFO] Starting measured training: 100 epochs x 1000 steps = 100000 env steps
2026-09-13 09:42:19,997 [INFO] Epoch 10/100 done (real_buffer=15000, model_buffer=90000, rollout_len=1, cumulative_reward=-3661.19, mean_episode_return=9.78345824837372)
2026-09-13 09:44:21,061 [INFO] Epoch 20/100 done (real_buffer=25000, model_buffer=190000, rollout_len=1, cumulative_reward=-8438.42, mean_episode_return=-37.01665498841705)
2026-09-13 09:47:56,135 [INFO] Epoch 30/100 done (real_buffer=35000, model_buffer=250000, rollout_len=4, cumulative_reward=-13226.48, mean_episode_return=-93.72236988216656)
2026-09-13 09:52:18,188 [INFO] Epoch 40/100 done (real_buffer=45000, model_buffer=250000, rollout_len=7, cumulative_reward=-26504.90, mean_episode_return=-668.8392533503527)
2026-09-13 09:56:32,159 [INFO] Epoch 50/100 done (real_buffer=55000, model_buffer=250000, rollout_len=10, cumulative_reward=-30506.50, mean_episode_return=-152.9196666478776)
2026-09-13 10:00:38,547 [INFO] Epoch 60/100 done (real_buffer=65000, model_buffer=250000, rollout_len=13, cumulative_reward=-40545.76, mean_episode_return=-698.7587765439418)
2026-09-13 10:05:46,700 [INFO] Epoch 70/100 done (real_buffer=75000, model_buffer=250000, rollout_len=16, cumulative_reward=-45294.64, mean_episode_return=253.67230962050323)
2026-09-13 10:09:28,407 [INFO] Epoch 80/100 done (real_buffer=85000, model_buffer=250000, rollout_len=19, cumulative_reward=-46613.26, mean_episode_return=-116.16165129394747)
2026-09-13 10:12:36,617 [INFO] Epoch 90/100 done (real_buffer=95000, model_buffer=250000, rollout_len=22, cumulative_reward=-49769.98, mean_episode_return=-563.0829022582304)
2026-09-13 10:15:31,337 [INFO] Epoch 100/100 done (real_buffer=105000, model_buffer=250000, rollout_len=25, cumulative_reward=-52270.22, mean_episode_return=-185.6577184835442)
2026-09-13 10:15:31,337 [INFO] Recording idle tail for 90s...
2026-09-13 10:17:01,401 [INFO] Run complete. Segment energy summary (kWh unless noted):
2026-09-13 10:17:01,401 [INFO]   idle_baseline_head: 0.0015531601759171446
2026-09-13 10:17:01,401 [INFO]   warmup: 2.0683961411396097e-05
2026-09-13 10:17:01,401 [INFO]   dynamics_model_update: 0.05259862664023507
2026-09-13 10:17:01,401 [INFO]   rollout: 0.0011339302074613229
2026-09-13 10:17:01,401 [INFO]   synthetic_rollout_generation: 0.0001792759648069325
2026-09-13 10:17:01,401 [INFO]   buffer_sample: 0.0004993034893659652
2026-09-13 10:17:01,401 [INFO]   critic_update: 0.005411426262032724
2026-09-13 10:17:01,401 [INFO]   actor_update: 0.0066393928922595475
2026-09-13 10:17:01,401 [INFO]   target_update: 0.0005735725799972717
2026-09-13 10:17:01,401 [INFO]   _sub_segment_wall_time_seconds: {'buffer_sample': 15.005138383916346, 'critic_update': 162.6249398322252, 'actor_update': 199.52796496586234, 'target_update': 17.2370834960675}
2026-09-13 10:17:01,402 [INFO]   idle_baseline_tail: 0.0016152078412664528
2026-09-13 10:17:01,402 [INFO]   _total_kg_co2eq: 0.026752067456490426
2026-09-13 10:17:01,402 [INFO] Training summary: 100 epochs, final cumulative_reward=-52270.22, final mean_episode_return=-185.6577184835442, episodes completed=266
