2026-09-14 23:28:14,605 [INFO] === Experiment run: algo=mbpo env=Ant-v5 seed=85062 ===
2026-09-14 23:28:14,605 [INFO] Run directory: results/mbpo/Ant-v5/seed_85062/20260914_232814
2026-09-14 23:28:14,721 [INFO] Using device: cuda
2026-09-14 23:28:14,823 [INFO] Waiting for thermal baseline before starting...
2026-09-14 23:28:29,835 [INFO] Thermal gate result: {'gated': True, 'reason': 'reached_reference', 'waited_seconds': 1.1920928955078125e-05, 'final_temp_c': 41.0, 'final_power_w': 24.956}
2026-09-14 23:28:29,836 [INFO] Settling for 30s (unmeasured)...
2026-09-14 23:29:01,086 [INFO] Recording idle baseline for 90s...
2026-09-14 23:30:34,659 [INFO] Starting warmup: 5000 steps
2026-09-14 23:30:35,332 [INFO] Starting measured training: 100 epochs x 1000 steps = 100000 env steps
2026-09-14 23:32:41,171 [INFO] Epoch 10/100 done (real_buffer=15000, model_buffer=90000, rollout_len=1, cumulative_reward=-4955.31, mean_episode_return=-52.99243233547422)
2026-09-14 23:35:12,633 [INFO] Epoch 20/100 done (real_buffer=25000, model_buffer=190000, rollout_len=1, cumulative_reward=-8489.23, mean_episode_return=-20.346691165330792)
2026-09-14 23:38:43,470 [INFO] Epoch 30/100 done (real_buffer=35000, model_buffer=250000, rollout_len=4, cumulative_reward=-13709.06, mean_episode_return=-40.753429525903485)
2026-09-14 23:43:17,167 [INFO] Epoch 40/100 done (real_buffer=45000, model_buffer=250000, rollout_len=7, cumulative_reward=-21541.04, mean_episode_return=-9.185134380994704)
2026-09-14 23:48:38,525 [INFO] Epoch 50/100 done (real_buffer=55000, model_buffer=250000, rollout_len=10, cumulative_reward=-22464.16, mean_episode_return=-362.4955720270002)
2026-09-14 23:53:23,659 [INFO] Epoch 60/100 done (real_buffer=65000, model_buffer=250000, rollout_len=13, cumulative_reward=-25620.32, mean_episode_return=187.8853663537934)
2026-09-14 23:58:27,389 [INFO] Epoch 70/100 done (real_buffer=75000, model_buffer=250000, rollout_len=16, cumulative_reward=-30028.45, mean_episode_return=-934.3603140330824)
2026-09-15 00:04:22,904 [INFO] Epoch 80/100 done (real_buffer=85000, model_buffer=250000, rollout_len=19, cumulative_reward=-34627.24, mean_episode_return=-513.1130002435402)
2026-09-15 00:09:28,077 [INFO] Epoch 90/100 done (real_buffer=95000, model_buffer=250000, rollout_len=22, cumulative_reward=-37148.51, mean_episode_return=-392.9128274193831)
2026-09-15 00:14:26,712 [INFO] Epoch 100/100 done (real_buffer=105000, model_buffer=250000, rollout_len=25, cumulative_reward=-41404.84, mean_episode_return=-696.7966916722235)
2026-09-15 00:14:26,712 [INFO] Recording idle tail for 90s...
2026-09-15 00:15:56,779 [INFO] Run complete. Segment energy summary (kWh unless noted):
2026-09-15 00:15:56,779 [INFO]   idle_baseline_head: 0.0015852869795634306
2026-09-15 00:15:56,779 [INFO]   warmup: 2.0063723922920593e-05
2026-09-15 00:15:56,779 [INFO]   dynamics_model_update: 0.056425147602931304
2026-09-15 00:15:56,779 [INFO]   rollout: 0.0011709322815012812
2026-09-15 00:15:56,779 [INFO]   synthetic_rollout_generation: 0.00021230262564061369
2026-09-15 00:15:56,779 [INFO]   buffer_sample: 0.0012372456186127729
2026-09-15 00:15:56,779 [INFO]   critic_update: 0.0137214312206795
2026-09-15 00:15:56,779 [INFO]   actor_update: 0.016617672759398426
2026-09-15 00:15:56,779 [INFO]   target_update: 0.0014092255504967147
2026-09-15 00:15:56,779 [INFO]   _sub_segment_wall_time_seconds: {'buffer_sample': 30.373966333965654, 'critic_update': 336.8565494845243, 'actor_update': 407.9583110657986, 'target_update': 34.596016169969516}
2026-09-15 00:15:56,779 [INFO]   idle_baseline_tail: 0.0016424474147468532
2026-09-15 00:15:56,779 [INFO]   _total_kg_co2eq: 0.03582521946725065
2026-09-15 00:15:56,779 [INFO] Training summary: 100 epochs, final cumulative_reward=-41404.84, final mean_episode_return=-696.7966916722235, episodes completed=316
