2026-09-15 14:29:57,983 [INFO] === Experiment run: algo=mbpo env=HalfCheetah-v5 seed=331 ===
2026-09-15 14:29:57,983 [INFO] Run directory: results/mbpo/HalfCheetah-v5/seed_331/20260915_142957
2026-09-15 14:29:58,116 [INFO] Using device: cuda
2026-09-15 14:29:58,211 [INFO] Waiting for thermal baseline before starting...
2026-09-15 14:30:08,222 [INFO] Thermal gate result: {'gated': True, 'reason': 'reached_reference', 'waited_seconds': 1.049041748046875e-05, 'final_temp_c': 44.0, 'final_power_w': 26.192}
2026-09-15 14:30:08,222 [INFO] Settling for 30s (unmeasured)...
2026-09-15 14:30:39,458 [INFO] Recording idle baseline for 90s...
2026-09-15 14:32:13,018 [INFO] Starting warmup: 5000 steps
2026-09-15 14:32:13,174 [INFO] Starting measured training: 100 epochs x 1000 steps = 100000 env steps
2026-09-15 14:33:48,395 [INFO] Epoch 10/100 done (real_buffer=15000, model_buffer=10000, rollout_len=1, cumulative_reward=-1465.43, mean_episode_return=-116.53435336342675)
2026-09-15 14:35:03,260 [INFO] Epoch 20/100 done (real_buffer=25000, model_buffer=10000, rollout_len=1, cumulative_reward=2800.42, mean_episode_return=863.6172067180303)
2026-09-15 14:36:57,910 [INFO] Epoch 30/100 done (real_buffer=35000, model_buffer=10000, rollout_len=1, cumulative_reward=11577.08, mean_episode_return=1293.8838293095116)
2026-09-15 14:39:05,883 [INFO] Epoch 40/100 done (real_buffer=45000, model_buffer=10000, rollout_len=1, cumulative_reward=33958.09, mean_episode_return=2907.9228418390458)
2026-09-15 14:41:20,857 [INFO] Epoch 50/100 done (real_buffer=55000, model_buffer=10000, rollout_len=1, cumulative_reward=62541.76, mean_episode_return=3440.2552585601175)
2026-09-15 14:44:35,496 [INFO] Epoch 60/100 done (real_buffer=65000, model_buffer=10000, rollout_len=1, cumulative_reward=100146.81, mean_episode_return=3855.5240839407306)
2026-09-15 14:47:06,940 [INFO] Epoch 70/100 done (real_buffer=75000, model_buffer=10000, rollout_len=1, cumulative_reward=139305.44, mean_episode_return=4180.788489528036)
2026-09-15 14:51:02,181 [INFO] Epoch 80/100 done (real_buffer=85000, model_buffer=10000, rollout_len=1, cumulative_reward=181115.65, mean_episode_return=4339.676171472124)
2026-09-15 14:55:01,264 [INFO] Epoch 90/100 done (real_buffer=95000, model_buffer=10000, rollout_len=1, cumulative_reward=222514.07, mean_episode_return=4523.755657620661)
2026-09-15 14:58:53,125 [INFO] Epoch 100/100 done (real_buffer=105000, model_buffer=10000, rollout_len=1, cumulative_reward=269010.93, mean_episode_return=4649.002941113245)
2026-09-15 14:58:53,125 [INFO] Recording idle tail for 90s...
2026-09-15 15:00:23,190 [INFO] Run complete. Segment energy summary (kWh unless noted):
2026-09-15 15:00:23,190 [INFO]   idle_baseline_head: 0.0015866955314573618
2026-09-15 15:00:23,190 [INFO]   warmup: 3.968070119619556e-06
2026-09-15 15:00:23,190 [INFO]   dynamics_model_update: 0.037407249284593824
2026-09-15 15:00:23,190 [INFO]   rollout: 0.0006572677678987758
2026-09-15 15:00:23,190 [INFO]   synthetic_rollout_generation: 1.5713278178770048e-05
2026-09-15 15:00:23,190 [INFO]   buffer_sample: 0.0006071007954981572
2026-09-15 15:00:23,190 [INFO]   critic_update: 0.00824877141699004
2026-09-15 15:00:23,190 [INFO]   actor_update: 0.009739016618465483
2026-09-15 15:00:23,190 [INFO]   target_update: 0.0008056767352317249
2026-09-15 15:00:23,190 [INFO]   _sub_segment_wall_time_seconds: {'buffer_sample': 12.845952696938184, 'critic_update': 174.53992519242456, 'actor_update': 206.0727769148216, 'target_update': 17.047721410606755}
2026-09-15 15:00:23,190 [INFO]   idle_baseline_tail: 0.0016359761044192067
2026-09-15 15:00:23,190 [INFO]   _total_kg_co2eq: 0.023126512816485093
2026-09-15 15:00:23,190 [INFO] Training summary: 100 epochs, final cumulative_reward=269010.93, final mean_episode_return=4649.002941113245, episodes completed=105
