2026-09-09 18:47:49,369 [INFO] === Experiment run: algo=td3 env=HalfCheetah-v5 seed=331 ===
2026-09-09 18:47:49,369 [INFO] Run directory: results/td3/HalfCheetah-v5/seed_331/20260909_184749
2026-09-09 18:47:49,503 [INFO] Using device: cuda
2026-09-09 18:47:49,596 [INFO] Waiting for thermal baseline before starting...
2026-09-09 18:47:59,607 [INFO] Thermal gate result: {'gated': True, 'reason': 'reached_reference', 'waited_seconds': 1.0728836059570312e-05, 'final_temp_c': 44.0, 'final_power_w': 28.158}
2026-09-09 18:47:59,607 [INFO] Settling for 30s (unmeasured)...
2026-09-09 18:48:30,843 [INFO] Recording idle baseline for 90s...
2026-09-09 18:50:04,382 [INFO] Starting warmup: 10000 steps
2026-09-09 18:50:04,687 [INFO] Starting measured training: 100 epochs x 1000 steps = 100000 env steps
2026-09-09 18:51:21,852 [INFO] Epoch 10/100 done (buffer size=20000, cumulative_reward=-895.62, mean_episode_return=661.9734042960076)
2026-09-09 18:52:40,608 [INFO] Epoch 20/100 done (buffer size=30000, cumulative_reward=12674.57, mean_episode_return=2214.8666541344537)
2026-09-09 18:53:58,048 [INFO] Epoch 30/100 done (buffer size=40000, cumulative_reward=42932.62, mean_episode_return=3407.0591801982564)
2026-09-09 18:55:21,618 [INFO] Epoch 40/100 done (buffer size=50000, cumulative_reward=76296.30, mean_episode_return=1178.9025723172379)
2026-09-09 18:56:39,441 [INFO] Epoch 50/100 done (buffer size=60000, cumulative_reward=120883.29, mean_episode_return=4892.333730820274)
2026-09-09 18:57:58,942 [INFO] Epoch 60/100 done (buffer size=70000, cumulative_reward=171723.64, mean_episode_return=5399.650318032008)
2026-09-09 18:59:21,315 [INFO] Epoch 70/100 done (buffer size=80000, cumulative_reward=222402.52, mean_episode_return=5534.454480565908)
2026-09-09 19:00:39,286 [INFO] Epoch 80/100 done (buffer size=90000, cumulative_reward=278421.82, mean_episode_return=5884.54187237284)
2026-09-09 19:01:57,416 [INFO] Epoch 90/100 done (buffer size=100000, cumulative_reward=337759.40, mean_episode_return=6155.69450413964)
2026-09-09 19:03:15,198 [INFO] Epoch 100/100 done (buffer size=110000, cumulative_reward=398418.12, mean_episode_return=6570.602728061743)
2026-09-09 19:03:15,198 [INFO] Recording idle tail for 90s...
2026-09-09 19:04:45,262 [INFO] Run complete. Segment energy summary (kWh unless noted):
2026-09-09 19:04:45,262 [INFO]   idle_baseline_head: 0.0016999259639688322
2026-09-09 19:04:45,262 [INFO]   warmup: 9.481692125150147e-06
2026-09-09 19:04:45,262 [INFO]   rollout: 0.0003835993413868076
2026-09-09 19:04:45,262 [INFO]   buffer_sample: 0.0014553642422547566
2026-09-09 19:04:45,262 [INFO]   critic_update: 0.020398393492987426
2026-09-09 19:04:45,262 [INFO]   actor_update: 0.005731229699465666
2026-09-09 19:04:45,262 [INFO]   target_update: 0.0019017187638591473
2026-09-09 19:04:45,262 [INFO]   _sub_segment_wall_time_seconds: {'buffer_sample': 35.8490517965256, 'critic_update': 502.46051377701224, 'actor_update': 141.17369685792073, 'target_update': 46.84381578757893}
2026-09-09 19:04:45,262 [INFO]   idle_baseline_tail: 0.0017844131726301796
2026-09-09 19:04:45,262 [INFO]   _total_kg_co2eq: 0.012710080886683843
2026-09-09 19:04:45,263 [INFO] Training summary: 100 epochs, final cumulative_reward=398418.12, final mean_episode_return=6570.602728061743, episodes completed=110
