2026-09-13 03:32:23,708 [INFO] === Experiment run: algo=mbpo env=HalfCheetah-v5 seed=85062 ===
2026-09-13 03:32:23,708 [INFO] Run directory: results/mbpo/HalfCheetah-v5/seed_85062/20260913_033223
2026-09-13 03:32:23,832 [INFO] Using device: cuda
2026-09-13 03:32:23,922 [INFO] Waiting for thermal baseline before starting...
2026-09-13 03:32:33,932 [INFO] Thermal gate result: {'gated': True, 'reason': 'reached_reference', 'waited_seconds': 1.0013580322265625e-05, 'final_temp_c': 40.0, 'final_power_w': 24.064}
2026-09-13 03:32:33,933 [INFO] Settling for 30s (unmeasured)...
2026-09-13 03:33:05,170 [INFO] Recording idle baseline for 90s...
2026-09-13 03:34:38,714 [INFO] Starting warmup: 5000 steps
2026-09-13 03:34:38,868 [INFO] Starting measured training: 100 epochs x 1000 steps = 100000 env steps
2026-09-13 03:36:07,664 [INFO] Epoch 10/100 done (real_buffer=15000, model_buffer=10000, rollout_len=1, cumulative_reward=-2314.95, mean_episode_return=-263.94575024405196)
2026-09-13 03:37:29,787 [INFO] Epoch 20/100 done (real_buffer=25000, model_buffer=10000, rollout_len=1, cumulative_reward=3709.39, mean_episode_return=1541.5133678549994)
2026-09-13 03:39:06,731 [INFO] Epoch 30/100 done (real_buffer=35000, model_buffer=10000, rollout_len=1, cumulative_reward=14881.61, mean_episode_return=2159.79600297002)
2026-09-13 03:43:31,722 [INFO] Epoch 40/100 done (real_buffer=45000, model_buffer=10000, rollout_len=1, cumulative_reward=39523.88, mean_episode_return=2166.192662919737)
2026-09-13 03:46:05,985 [INFO] Epoch 50/100 done (real_buffer=55000, model_buffer=10000, rollout_len=1, cumulative_reward=67281.51, mean_episode_return=2836.201072840411)
2026-09-13 03:49:37,162 [INFO] Epoch 60/100 done (real_buffer=65000, model_buffer=10000, rollout_len=1, cumulative_reward=102993.35, mean_episode_return=2955.2356833731164)
2026-09-13 03:52:53,575 [INFO] Epoch 70/100 done (real_buffer=75000, model_buffer=10000, rollout_len=1, cumulative_reward=143401.15, mean_episode_return=4588.886332552252)
2026-09-13 03:56:34,256 [INFO] Epoch 80/100 done (real_buffer=85000, model_buffer=10000, rollout_len=1, cumulative_reward=189782.61, mean_episode_return=5265.218873387671)
2026-09-13 04:00:11,379 [INFO] Epoch 90/100 done (real_buffer=95000, model_buffer=10000, rollout_len=1, cumulative_reward=242917.14, mean_episode_return=4857.54051392019)
2026-09-13 04:03:33,720 [INFO] Epoch 100/100 done (real_buffer=105000, model_buffer=10000, rollout_len=1, cumulative_reward=297416.38, mean_episode_return=5612.883499251802)
2026-09-13 04:03:33,720 [INFO] Recording idle tail for 90s...
2026-09-13 04:05:03,787 [INFO] Run complete. Segment energy summary (kWh unless noted):
2026-09-13 04:05:03,787 [INFO]   idle_baseline_head: 0.0015514944192555435
2026-09-13 04:05:03,787 [INFO]   warmup: 3.922823299037622e-06
2026-09-13 04:05:03,787 [INFO]   dynamics_model_update: 0.04192709716335776
2026-09-13 04:05:03,787 [INFO]   rollout: 0.0006433300490064145
2026-09-13 04:05:03,787 [INFO]   synthetic_rollout_generation: 1.7051052648865868e-05
2026-09-13 04:05:03,787 [INFO]   buffer_sample: 0.0003666282597916498
2026-09-13 04:05:03,787 [INFO]   critic_update: 0.005334524024315987
2026-09-13 04:05:03,787 [INFO]   actor_update: 0.006548991822827477
2026-09-13 04:05:03,787 [INFO]   target_update: 0.0005728221200473833
2026-09-13 04:05:03,787 [INFO]   _sub_segment_wall_time_seconds: {'buffer_sample': 11.13441933008653, 'critic_update': 162.0083172173072, 'actor_update': 198.89143620873074, 'target_update': 17.396481356296135}
2026-09-13 04:05:03,787 [INFO]   idle_baseline_tail: 0.001603818571598803
2026-09-13 04:05:03,787 [INFO]   _total_kg_co2eq: 0.022312147183850863
2026-09-13 04:05:03,787 [INFO] Training summary: 100 epochs, final cumulative_reward=297416.38, final mean_episode_return=5612.883499251802, episodes completed=105
