2026-09-07 12:44:34,174 [INFO] === Experiment run: algo=sac env=HalfCheetah-v5 seed=14577 ===
2026-09-07 12:44:34,174 [INFO] Run directory: results/sac/HalfCheetah-v5/seed_14577/20260907_124434
2026-09-07 12:44:34,305 [INFO] Using device: cuda
2026-09-07 12:44:34,399 [INFO] Waiting for thermal baseline before starting...
2026-09-07 12:44:44,412 [INFO] Thermal gate result: {'gated': True, 'reason': 'reached_reference', 'waited_seconds': 1.1444091796875e-05, 'final_temp_c': 45.0, 'final_power_w': 27.835}
2026-09-07 12:44:44,412 [INFO] Settling for 30s (unmeasured)...
2026-09-07 12:45:15,666 [INFO] Recording idle baseline for 90s...
2026-09-07 12:46:49,213 [INFO] Starting warmup: 5000 steps
2026-09-07 12:46:49,368 [INFO] Starting measured training: 100 epochs x 1000 steps = 100000 env steps
2026-09-07 12:47:33,551 [INFO] Epoch 10/100 done (buffer size=15000, cumulative_reward=-1747.02, mean_episode_return=-141.27418490793949)
2026-09-07 12:48:16,615 [INFO] Epoch 20/100 done (buffer size=25000, cumulative_reward=1853.93, mean_episode_return=854.9878078836006)
2026-09-07 12:48:58,352 [INFO] Epoch 30/100 done (buffer size=35000, cumulative_reward=14951.17, mean_episode_return=745.4160704891784)
2026-09-07 12:49:41,385 [INFO] Epoch 40/100 done (buffer size=45000, cumulative_reward=32874.06, mean_episode_return=2171.4236113412767)
2026-09-07 12:50:23,333 [INFO] Epoch 50/100 done (buffer size=55000, cumulative_reward=67478.77, mean_episode_return=3345.0357797931547)
2026-09-07 12:51:05,291 [INFO] Epoch 60/100 done (buffer size=65000, cumulative_reward=109976.59, mean_episode_return=4786.692489090663)
2026-09-07 12:51:47,000 [INFO] Epoch 70/100 done (buffer size=75000, cumulative_reward=159545.73, mean_episode_return=4949.009796498475)
2026-09-07 12:52:30,311 [INFO] Epoch 80/100 done (buffer size=85000, cumulative_reward=210763.64, mean_episode_return=5189.629810792821)
2026-09-07 12:53:14,575 [INFO] Epoch 90/100 done (buffer size=95000, cumulative_reward=260866.46, mean_episode_return=4898.254931897525)
2026-09-07 12:53:56,975 [INFO] Epoch 100/100 done (buffer size=105000, cumulative_reward=311739.01, mean_episode_return=4977.487970002404)
2026-09-07 12:53:56,975 [INFO] Recording idle tail for 90s...
2026-09-07 12:55:27,040 [INFO] Run complete. Segment energy summary (kWh unless noted):
2026-09-07 12:55:27,040 [INFO]   idle_baseline_head: 0.0017069609049426763
2026-09-07 12:55:27,040 [INFO]   warmup: 5.436720906656142e-06
2026-09-07 12:55:27,040 [INFO]   rollout: 0.0006892298705217243
2026-09-07 12:55:27,040 [INFO]   buffer_sample: 0.0004353018365401674
2026-09-07 12:55:27,040 [INFO]   critic_update: 0.006875132755383039
2026-09-07 12:55:27,040 [INFO]   actor_update: 0.008265359039633888
2026-09-07 12:55:27,040 [INFO]   target_update: 0.0007174338673744129
2026-09-07 12:55:27,040 [INFO]   _sub_segment_wall_time_seconds: {'buffer_sample': 10.576926782995997, 'critic_update': 167.051387503976, 'actor_update': 200.83098682106038, 'target_update': 17.432146731043304}
2026-09-07 12:55:27,040 [INFO]   idle_baseline_tail: 0.0017355094163018121
2026-09-07 12:55:27,040 [INFO]   _total_kg_co2eq: 0.007782959413484677
2026-09-07 12:55:27,040 [INFO] Training summary: 100 epochs, final cumulative_reward=311739.01, final mean_episode_return=4977.487970002404, episodes completed=105
