2026-09-09 14:22:04,443 [INFO] === Experiment run: algo=sac env=Ant-v5 seed=14577 ===
2026-09-09 14:22:04,443 [INFO] Run directory: results/sac/Ant-v5/seed_14577/20260909_142204
2026-09-09 14:22:04,574 [INFO] Using device: cuda
2026-09-09 14:22:04,667 [INFO] Waiting for thermal baseline before starting...
2026-09-09 14:22:19,679 [INFO] Thermal gate result: {'gated': True, 'reason': 'reached_reference', 'waited_seconds': 9.775161743164062e-06, 'final_temp_c': 45.0, 'final_power_w': 27.808}
2026-09-09 14:22:19,679 [INFO] Settling for 30s (unmeasured)...
2026-09-09 14:22:50,914 [INFO] Recording idle baseline for 90s...
2026-09-09 14:24:24,464 [INFO] Starting warmup: 5000 steps
2026-09-09 14:24:25,139 [INFO] Starting measured training: 100 epochs x 1000 steps = 100000 env steps
2026-09-09 14:25:50,923 [INFO] Epoch 10/100 done (buffer size=15000, cumulative_reward=-3529.94, mean_episode_return=-138.56101684441077)
2026-09-09 14:27:15,481 [INFO] Epoch 20/100 done (buffer size=25000, cumulative_reward=-6625.37, mean_episode_return=-16.34872026026119)
2026-09-09 14:28:40,217 [INFO] Epoch 30/100 done (buffer size=35000, cumulative_reward=-9516.60, mean_episode_return=71.30722707967647)
2026-09-09 14:30:04,920 [INFO] Epoch 40/100 done (buffer size=45000, cumulative_reward=-11435.44, mean_episode_return=17.531108704650112)
2026-09-09 14:31:29,876 [INFO] Epoch 50/100 done (buffer size=55000, cumulative_reward=-12526.77, mean_episode_return=-22.512360504932985)
2026-09-09 14:32:55,133 [INFO] Epoch 60/100 done (buffer size=65000, cumulative_reward=-13952.47, mean_episode_return=27.59176548138682)
2026-09-09 14:34:20,386 [INFO] Epoch 70/100 done (buffer size=75000, cumulative_reward=-14209.89, mean_episode_return=-62.35450665626835)
2026-09-09 14:35:45,208 [INFO] Epoch 80/100 done (buffer size=85000, cumulative_reward=-14025.18, mean_episode_return=-2.1604995240312466)
2026-09-09 14:37:09,930 [INFO] Epoch 90/100 done (buffer size=95000, cumulative_reward=-16364.49, mean_episode_return=-142.7441138882832)
2026-09-09 14:38:35,366 [INFO] Epoch 100/100 done (buffer size=105000, cumulative_reward=-18168.68, mean_episode_return=-208.05946521327903)
2026-09-09 14:38:35,366 [INFO] Recording idle tail for 90s...
2026-09-09 14:40:05,435 [INFO] Run complete. Segment energy summary (kWh unless noted):
2026-09-09 14:40:05,435 [INFO]   idle_baseline_head: 0.0016939235093398803
2026-09-09 14:40:05,435 [INFO]   warmup: 2.156989482973216e-05
2026-09-09 14:40:05,435 [INFO]   rollout: 0.0011700943895135737
2026-09-09 14:40:05,435 [INFO]   buffer_sample: 0.0010628499897001693
2026-09-09 14:40:05,435 [INFO]   critic_update: 0.013507484729748774
2026-09-09 14:40:05,435 [INFO]   actor_update: 0.016783364580043415
2026-09-09 14:40:05,435 [INFO]   target_update: 0.001420065406378218
2026-09-09 14:40:05,435 [INFO]   _sub_segment_wall_time_seconds: {'buffer_sample': 25.492555699893273, 'critic_update': 323.9782755567576, 'actor_update': 402.5505579663877, 'target_update': 34.06040064016997}
2026-09-09 14:40:05,435 [INFO]   idle_baseline_tail: 0.0017654112814915676
2026-09-09 14:40:05,435 [INFO]   _total_kg_co2eq: 0.01425732488227718
2026-09-09 14:40:05,436 [INFO] Training summary: 100 epochs, final cumulative_reward=-18168.68, final mean_episode_return=-208.05946521327903, episodes completed=329
