2026-09-15 15:00:24,399 [INFO] === Experiment run: algo=mbpo env=HalfCheetah-v5 seed=958 ===
2026-09-15 15:00:24,399 [INFO] Run directory: results/mbpo/HalfCheetah-v5/seed_958/20260915_150024
2026-09-15 15:00:24,533 [INFO] Using device: cuda
2026-09-15 15:00:24,629 [INFO] Waiting for thermal baseline before starting...
2026-09-15 15:00:34,640 [INFO] Thermal gate result: {'gated': True, 'reason': 'reached_reference', 'waited_seconds': 9.775161743164062e-06, 'final_temp_c': 42.0, 'final_power_w': 24.116}
2026-09-15 15:00:34,640 [INFO] Settling for 30s (unmeasured)...
2026-09-15 15:01:05,879 [INFO] Recording idle baseline for 90s...
2026-09-15 15:02:39,427 [INFO] Starting warmup: 5000 steps
2026-09-15 15:02:39,580 [INFO] Starting measured training: 100 epochs x 1000 steps = 100000 env steps
2026-09-15 15:04:00,960 [INFO] Epoch 10/100 done (real_buffer=15000, model_buffer=10000, rollout_len=1, cumulative_reward=-1473.23, mean_episode_return=240.22440346636154)
2026-09-15 15:05:24,175 [INFO] Epoch 20/100 done (real_buffer=25000, model_buffer=10000, rollout_len=1, cumulative_reward=130.84, mean_episode_return=704.9497394267015)
2026-09-15 15:06:57,208 [INFO] Epoch 30/100 done (real_buffer=35000, model_buffer=10000, rollout_len=1, cumulative_reward=13338.71, mean_episode_return=1766.8480951396928)
2026-09-15 15:10:21,319 [INFO] Epoch 40/100 done (real_buffer=45000, model_buffer=10000, rollout_len=1, cumulative_reward=35923.10, mean_episode_return=2619.4196463034764)
2026-09-15 15:12:52,504 [INFO] Epoch 50/100 done (real_buffer=55000, model_buffer=10000, rollout_len=1, cumulative_reward=65845.18, mean_episode_return=2974.5439018540237)
2026-09-15 15:15:16,143 [INFO] Epoch 60/100 done (real_buffer=65000, model_buffer=10000, rollout_len=1, cumulative_reward=101685.05, mean_episode_return=4007.0622212392914)
2026-09-15 15:18:11,280 [INFO] Epoch 70/100 done (real_buffer=75000, model_buffer=10000, rollout_len=1, cumulative_reward=135508.92, mean_episode_return=4327.96387289147)
2026-09-15 15:21:23,745 [INFO] Epoch 80/100 done (real_buffer=85000, model_buffer=10000, rollout_len=1, cumulative_reward=180333.72, mean_episode_return=4499.686115210835)
2026-09-15 15:25:13,015 [INFO] Epoch 90/100 done (real_buffer=95000, model_buffer=10000, rollout_len=1, cumulative_reward=229078.41, mean_episode_return=5097.393068657395)
2026-09-15 15:28:56,470 [INFO] Epoch 100/100 done (real_buffer=105000, model_buffer=10000, rollout_len=1, cumulative_reward=280539.51, mean_episode_return=5405.509998005214)
2026-09-15 15:28:56,470 [INFO] Recording idle tail for 90s...
2026-09-15 15:30:26,537 [INFO] Run complete. Segment energy summary (kWh unless noted):
2026-09-15 15:30:26,537 [INFO]   idle_baseline_head: 0.0015541018442388726
2026-09-15 15:30:26,537 [INFO]   warmup: 3.957716382380029e-06
2026-09-15 15:30:26,537 [INFO]   dynamics_model_update: 0.03647281989735036
2026-09-15 15:30:26,537 [INFO]   rollout: 0.0006657596999615624
2026-09-15 15:30:26,537 [INFO]   synthetic_rollout_generation: 2.086906973246998e-05
2026-09-15 15:30:26,537 [INFO]   buffer_sample: 0.0006079796829665993
2026-09-15 15:30:26,537 [INFO]   critic_update: 0.008085244197929081
2026-09-15 15:30:26,537 [INFO]   actor_update: 0.009759748749938176
2026-09-15 15:30:26,537 [INFO]   target_update: 0.0008245686147587862
2026-09-15 15:30:26,537 [INFO]   _sub_segment_wall_time_seconds: {'buffer_sample': 12.791113124636468, 'critic_update': 170.10317297346774, 'actor_update': 205.33260210168373, 'target_update': 17.34786659142992}
2026-09-15 15:30:26,537 [INFO]   idle_baseline_tail: 0.0016325184261536396
2026-09-15 15:30:26,537 [INFO]   _total_kg_co2eq: 0.022715134199950544
2026-09-15 15:30:26,537 [INFO] Training summary: 100 epochs, final cumulative_reward=280539.51, final mean_episode_return=5405.509998005214, episodes completed=105
