2026-09-09 21:41:36,508 [INFO] === Experiment run: algo=td3 env=Ant-v5 seed=14577 ===
2026-09-09 21:41:36,508 [INFO] Run directory: results/td3/Ant-v5/seed_14577/20260909_214136
2026-09-09 21:41:36,646 [INFO] Using device: cuda
2026-09-09 21:41:36,741 [INFO] Waiting for thermal baseline before starting...
2026-09-09 21:41:56,752 [INFO] Thermal gate result: {'gated': True, 'reason': 'reached_reference', 'waited_seconds': 9.5367431640625e-06, 'final_temp_c': 44.0, 'final_power_w': 27.156}
2026-09-09 21:41:56,752 [INFO] Settling for 30s (unmeasured)...
2026-09-09 21:42:27,990 [INFO] Recording idle baseline for 90s...
2026-09-09 21:44:01,527 [INFO] Starting warmup: 10000 steps
2026-09-09 21:44:02,887 [INFO] Starting measured training: 100 epochs x 1000 steps = 100000 env steps
2026-09-09 21:45:28,987 [INFO] Epoch 10/100 done (buffer size=20000, cumulative_reward=-292.64, mean_episode_return=3.0277963384556807)
2026-09-09 21:46:50,789 [INFO] Epoch 20/100 done (buffer size=30000, cumulative_reward=912.12, mean_episode_return=113.87608531091291)
2026-09-09 21:48:18,695 [INFO] Epoch 30/100 done (buffer size=40000, cumulative_reward=5127.28, mean_episode_return=441.1926907692543)
2026-09-09 21:49:51,016 [INFO] Epoch 40/100 done (buffer size=50000, cumulative_reward=10480.64, mean_episode_return=118.62183998998029)
2026-09-09 21:51:15,097 [INFO] Epoch 50/100 done (buffer size=60000, cumulative_reward=16582.10, mean_episode_return=496.4661535564581)
2026-09-09 21:52:35,912 [INFO] Epoch 60/100 done (buffer size=70000, cumulative_reward=22273.82, mean_episode_return=167.18312112571255)
2026-09-09 21:54:00,045 [INFO] Epoch 70/100 done (buffer size=80000, cumulative_reward=29256.21, mean_episode_return=704.6911671978713)
2026-09-09 21:55:22,144 [INFO] Epoch 80/100 done (buffer size=90000, cumulative_reward=35645.53, mean_episode_return=493.2253231323174)
2026-09-09 21:56:43,612 [INFO] Epoch 90/100 done (buffer size=100000, cumulative_reward=44008.12, mean_episode_return=484.2817124228864)
2026-09-09 21:58:06,965 [INFO] Epoch 100/100 done (buffer size=110000, cumulative_reward=51729.83, mean_episode_return=103.24680629366416)
2026-09-09 21:58:06,965 [INFO] Recording idle tail for 90s...
2026-09-09 21:59:37,030 [INFO] Run complete. Segment energy summary (kWh unless noted):
2026-09-09 21:59:37,030 [INFO]   idle_baseline_head: 0.0016445991301495847
2026-09-09 21:59:37,030 [INFO]   warmup: 4.259690762609754e-05
2026-09-09 21:59:37,030 [INFO]   rollout: 0.0008390168320213951
2026-09-09 21:59:37,030 [INFO]   buffer_sample: 0.0016220805572239622
2026-09-09 21:59:37,031 [INFO]   critic_update: 0.021461468107392516
2026-09-09 21:59:37,031 [INFO]   actor_update: 0.005938603850575716
2026-09-09 21:59:37,031 [INFO]   target_update: 0.0019417078924277695
2026-09-09 21:59:37,031 [INFO]   _sub_segment_wall_time_seconds: {'buffer_sample': 39.49854108631553, 'critic_update': 522.5983851648198, 'actor_update': 144.60822376710712, 'target_update': 47.28164000555989}
2026-09-09 21:59:37,031 [INFO]   idle_baseline_tail: 0.0017284614008401464
2026-09-09 21:59:37,031 [INFO]   _total_kg_co2eq: 0.01341651276217526
2026-09-09 21:59:37,031 [INFO] Training summary: 100 epochs, final cumulative_reward=51729.83, final mean_episode_return=103.24680629366416, episodes completed=365
