2026-09-13 11:00:04,590 [INFO] === Experiment run: algo=td3 env=HalfCheetah-v5 seed=958 ===
2026-09-13 11:00:04,590 [INFO] Run directory: results/td3/HalfCheetah-v5/seed_958/20260913_110004
2026-09-13 11:00:04,708 [INFO] Using device: cuda
2026-09-13 11:00:04,797 [INFO] Waiting for thermal baseline before starting...
2026-09-13 11:00:14,809 [INFO] Thermal gate result: {'gated': True, 'reason': 'reached_reference', 'waited_seconds': 1.049041748046875e-05, 'final_temp_c': 55.0, 'final_power_w': 37.586}
2026-09-13 11:00:14,809 [INFO] Settling for 30s (unmeasured)...
2026-09-13 11:00:46,046 [INFO] Recording idle baseline for 90s...
2026-09-13 11:02:19,572 [INFO] Starting warmup: 10000 steps
2026-09-13 11:02:19,871 [INFO] Starting measured training: 100 epochs x 1000 steps = 100000 env steps
2026-09-13 11:02:40,120 [INFO] Epoch 10/100 done (buffer size=20000, cumulative_reward=-2645.78, mean_episode_return=-178.65085391880515)
2026-09-13 11:03:00,399 [INFO] Epoch 20/100 done (buffer size=30000, cumulative_reward=3009.06, mean_episode_return=253.0572472733492)
2026-09-13 11:03:20,528 [INFO] Epoch 30/100 done (buffer size=40000, cumulative_reward=18880.25, mean_episode_return=740.3253056027609)
2026-09-13 11:03:43,420 [INFO] Epoch 40/100 done (buffer size=50000, cumulative_reward=47260.48, mean_episode_return=3045.7024643930304)
2026-09-13 11:04:03,632 [INFO] Epoch 50/100 done (buffer size=60000, cumulative_reward=85785.25, mean_episode_return=3983.2615624892615)
2026-09-13 11:04:23,851 [INFO] Epoch 60/100 done (buffer size=70000, cumulative_reward=120069.07, mean_episode_return=3304.742392692002)
2026-09-13 11:04:44,049 [INFO] Epoch 70/100 done (buffer size=80000, cumulative_reward=170875.68, mean_episode_return=5321.654338173827)
2026-09-13 11:05:04,228 [INFO] Epoch 80/100 done (buffer size=90000, cumulative_reward=217869.66, mean_episode_return=5528.539177382529)
2026-09-13 11:05:25,031 [INFO] Epoch 90/100 done (buffer size=100000, cumulative_reward=272044.56, mean_episode_return=5462.606944616841)
2026-09-13 11:05:45,290 [INFO] Epoch 100/100 done (buffer size=110000, cumulative_reward=323347.48, mean_episode_return=5749.577508683796)
2026-09-13 11:05:45,290 [INFO] Recording idle tail for 90s...
2026-09-13 11:07:15,351 [INFO] Run complete. Segment energy summary (kWh unless noted):
2026-09-13 11:07:15,351 [INFO]   idle_baseline_head: 0.0018630980751843627
2026-09-13 11:07:15,351 [INFO]   warmup: 1.0010655450644248e-05
2026-09-13 11:07:15,351 [INFO]   rollout: 0.0003561177084224292
2026-09-13 11:07:15,351 [INFO]   buffer_sample: 0.0003161551923688263
2026-09-13 11:07:15,351 [INFO]   critic_update: 0.004634681254134718
2026-09-13 11:07:15,351 [INFO]   actor_update: 0.0012888693284173127
2026-09-13 11:07:15,351 [INFO]   target_update: 0.0004241512643048308
2026-09-13 11:07:15,351 [INFO]   _sub_segment_wall_time_seconds: {'buffer_sample': 8.66823041056341, 'critic_update': 127.0720391759096, 'actor_update': 35.3377599909727, 'target_update': 11.629228229270666}
2026-09-13 11:07:15,351 [INFO]   idle_baseline_tail: 0.0017497835647419784
2026-09-13 11:07:15,351 [INFO]   _total_kg_co2eq: 0.004054411245375075
2026-09-13 11:07:15,351 [INFO] Training summary: 100 epochs, final cumulative_reward=323347.48, final mean_episode_return=5749.577508683796, episodes completed=110
