2026-09-18 15:24:11,932 [INFO] === Experiment run: algo=tdmpc2 env=Ant-v5 seed=331 ===
2026-09-18 15:24:11,932 [INFO] Run directory: results/tdmpc2/Ant-v5/seed_331/20260918_152411
2026-09-18 15:24:12,063 [INFO] Using device: cuda
2026-09-18 15:24:12,157 [INFO] Waiting for thermal baseline before starting...
2026-09-18 15:24:22,167 [INFO] Thermal gate result: {'gated': True, 'reason': 'reached_reference', 'waited_seconds': 1.0013580322265625e-05, 'final_temp_c': 43.0, 'final_power_w': 25.828}
2026-09-18 15:24:22,167 [INFO] Settling for 30s (unmeasured)...
2026-09-18 15:24:53,405 [INFO] Recording idle baseline for 90s...
2026-09-18 15:26:27,064 [INFO] Starting warmup: 5000 steps
2026-09-18 15:26:27,742 [INFO] Pretraining world model on seed data: 5000 updates
2026-09-18 15:27:17,488 [INFO] Pretrain burst done: 5000 updates, mean total_loss=0.1503
2026-09-18 15:27:17,488 [INFO] Starting measured training: 100 epochs x 1000 steps = 100000 env steps
2026-09-18 15:30:57,728 [INFO] Epoch 10/100 done (buffer size=14860, cumulative_reward=2078.76, mean_episode_return=-192.16985853164775)
2026-09-18 15:34:36,866 [INFO] Epoch 20/100 done (buffer size=24575, cumulative_reward=7840.47, mean_episode_return=245.19118146746985)
2026-09-18 15:38:09,007 [INFO] Epoch 30/100 done (buffer size=34847, cumulative_reward=17542.89, mean_episode_return=65.49243687278913)
2026-09-18 15:41:51,836 [INFO] Epoch 40/100 done (buffer size=44891, cumulative_reward=36140.51, mean_episode_return=119.84085160789971)
2026-09-18 15:45:27,979 [INFO] Epoch 50/100 done (buffer size=54992, cumulative_reward=56367.40, mean_episode_return=134.42125422765483)
2026-09-18 15:48:55,431 [INFO] Epoch 60/100 done (buffer size=64878, cumulative_reward=80031.82, mean_episode_return=290.46468889982583)
2026-09-18 15:52:23,630 [INFO] Epoch 70/100 done (buffer size=74182, cumulative_reward=105399.32, mean_episode_return=268.2296904650639)
2026-09-18 15:56:06,387 [INFO] Epoch 80/100 done (buffer size=84970, cumulative_reward=135456.95, mean_episode_return=341.9024643823586)
2026-09-18 15:59:50,120 [INFO] Epoch 90/100 done (buffer size=94887, cumulative_reward=166566.63, mean_episode_return=306.9779947848397)
2026-09-18 16:03:34,243 [INFO] Epoch 100/100 done (buffer size=104869, cumulative_reward=210766.43, mean_episode_return=581.1368232559447)
2026-09-18 16:03:34,243 [INFO] Recording idle tail for 90s...
2026-09-18 16:05:04,310 [INFO] Run complete. Segment energy summary (kWh unless noted):
2026-09-18 16:05:04,310 [INFO]   idle_baseline_head: 0.0016046509275150038
2026-09-18 16:05:04,310 [INFO]   warmup: 2.1768181048388872e-05
2026-09-18 16:05:04,310 [INFO]   world_model_pretrain: 0.0023477634235343943
2026-09-18 16:05:04,311 [INFO]   rollout: 0.0618856563096039
2026-09-18 16:05:04,311 [INFO]   buffer_sample: 0.003094973010121064
2026-09-18 16:05:04,311 [INFO]   critic_update: 0.03310532348254874
2026-09-18 16:05:04,311 [INFO]   actor_update: 0.012526305890845049
2026-09-18 16:05:04,311 [INFO]   target_update: 0.0016514064892208446
2026-09-18 16:05:04,311 [INFO]   _sub_segment_wall_time_seconds: {'buffer_sample': 66.42338300920528, 'critic_update': 710.4965290921737, 'actor_update': 268.8358222049628, 'target_update': 35.44199105410371}
2026-09-18 16:05:04,311 [INFO]   idle_baseline_tail: 0.0017645324174254684
2026-09-18 16:05:04,311 [INFO]   _total_kg_co2eq: 0.044953019256855416
2026-09-18 16:05:04,311 [INFO] Training summary: 100 epochs, final cumulative_reward=210766.43, final mean_episode_return=581.1368232559447, episodes completed=1415
