2026-09-17 12:33:39,290 [INFO] === Experiment run: algo=sac env=Ant-v5 seed=14577 ===
2026-09-17 12:33:39,290 [INFO] Run directory: results/sac/Ant-v5/seed_14577/20260917_123339
2026-09-17 12:33:39,421 [INFO] Using device: cuda
2026-09-17 12:33:39,516 [INFO] Waiting for thermal baseline before starting...
2026-09-17 12:33:49,536 [INFO] Thermal gate result: {'gated': True, 'reason': 'reached_reference', 'waited_seconds': 1.7881393432617188e-05, 'final_temp_c': 44.0, 'final_power_w': 27.395}
2026-09-17 12:33:49,537 [INFO] Settling for 30s (unmeasured)...
2026-09-17 12:34:20,768 [INFO] Recording idle baseline for 90s...
2026-09-17 12:35:54,393 [INFO] Starting warmup: 5000 steps
2026-09-17 12:35:55,071 [INFO] Starting measured training: 100 epochs x 1000 steps = 100000 env steps
2026-09-17 12:36:42,925 [INFO] Epoch 10/100 done (buffer size=15000, cumulative_reward=-1702.55, mean_episode_return=-20.308669010415457)
2026-09-17 12:37:28,343 [INFO] Epoch 20/100 done (buffer size=25000, cumulative_reward=-2994.48, mean_episode_return=4.103360144950918)
2026-09-17 12:38:14,222 [INFO] Epoch 30/100 done (buffer size=35000, cumulative_reward=-4968.51, mean_episode_return=-176.96150577518168)
2026-09-17 12:39:01,875 [INFO] Epoch 40/100 done (buffer size=45000, cumulative_reward=-7350.30, mean_episode_return=-70.87694337278555)
2026-09-17 12:39:47,039 [INFO] Epoch 50/100 done (buffer size=55000, cumulative_reward=-9155.38, mean_episode_return=-1.8221958033433079)
2026-09-17 12:40:31,612 [INFO] Epoch 60/100 done (buffer size=65000, cumulative_reward=-11123.28, mean_episode_return=-224.3637055943535)
2026-09-17 12:41:16,328 [INFO] Epoch 70/100 done (buffer size=75000, cumulative_reward=-11946.27, mean_episode_return=-27.59987429170219)
2026-09-17 12:42:01,267 [INFO] Epoch 80/100 done (buffer size=85000, cumulative_reward=-12079.87, mean_episode_return=47.46484264212276)
2026-09-17 12:42:46,225 [INFO] Epoch 90/100 done (buffer size=95000, cumulative_reward=-13590.17, mean_episode_return=-143.59807547712535)
2026-09-17 12:43:31,011 [INFO] Epoch 100/100 done (buffer size=105000, cumulative_reward=-14186.30, mean_episode_return=-309.0126940981753)
2026-09-17 12:43:31,011 [INFO] Recording idle tail for 90s...
2026-09-17 12:45:01,074 [INFO] Run complete. Segment energy summary (kWh unless noted):
2026-09-17 12:45:01,074 [INFO]   idle_baseline_head: 0.001621095723359994
2026-09-17 12:45:01,074 [INFO]   warmup: 2.1364598896456794e-05
2026-09-17 12:45:01,074 [INFO]   rollout: 0.001220454309432975
2026-09-17 12:45:01,074 [INFO]   buffer_sample: 0.0008031738305428865
2026-09-17 12:45:01,074 [INFO]   critic_update: 0.008313098646714527
2026-09-17 12:45:01,074 [INFO]   actor_update: 0.009997297210311678
2026-09-17 12:45:01,074 [INFO]   target_update: 0.0008361548456970525
2026-09-17 12:45:01,074 [INFO]   _sub_segment_wall_time_seconds: {'buffer_sample': 16.341459203944396, 'critic_update': 169.1391791261767, 'actor_update': 203.40606018200197, 'target_update': 17.012494405978032}
2026-09-17 12:45:01,074 [INFO]   idle_baseline_tail: 0.0016857400712183453
2026-09-17 12:45:01,074 [INFO]   _total_kg_co2eq: 0.009332669527812965
2026-09-17 12:45:01,074 [INFO] Training summary: 100 epochs, final cumulative_reward=-14186.30, final mean_episode_return=-309.0126940981753, episodes completed=353
