2026-09-17 15:48:48,244 [INFO] === Experiment run: algo=mbpo env=Ant-v5 seed=43611 ===
2026-09-17 15:48:48,244 [INFO] Run directory: results/mbpo/Ant-v5/seed_43611/20260917_154848
2026-09-17 15:48:48,348 [INFO] Using device: cuda
2026-09-17 15:48:48,437 [INFO] Waiting for thermal baseline before starting...
2026-09-17 15:48:58,448 [INFO] Thermal gate result: {'gated': True, 'reason': 'reached_reference', 'waited_seconds': 1.0013580322265625e-05, 'final_temp_c': 41.0, 'final_power_w': 24.759}
2026-09-17 15:48:58,448 [INFO] Settling for 30s (unmeasured)...
2026-09-17 15:49:29,677 [INFO] Recording idle baseline for 90s...
2026-09-17 15:51:03,250 [INFO] Starting warmup: 5000 steps
2026-09-17 15:51:03,918 [INFO] Starting measured training: 100 epochs x 1000 steps = 100000 env steps
2026-09-17 15:52:29,275 [INFO] Epoch 10/100 done (real_buffer=15000, model_buffer=90000, rollout_len=1, cumulative_reward=-3248.64, mean_episode_return=-115.35962687110371)
2026-09-17 15:54:47,610 [INFO] Epoch 20/100 done (real_buffer=25000, model_buffer=190000, rollout_len=1, cumulative_reward=-4839.68, mean_episode_return=-19.528299327875434)
2026-09-17 15:57:39,818 [INFO] Epoch 30/100 done (real_buffer=35000, model_buffer=250000, rollout_len=4, cumulative_reward=-6217.67, mean_episode_return=-134.45408754835128)
2026-09-17 16:01:52,627 [INFO] Epoch 40/100 done (real_buffer=45000, model_buffer=250000, rollout_len=7, cumulative_reward=-10595.22, mean_episode_return=59.86722399140048)
2026-09-17 16:05:44,836 [INFO] Epoch 50/100 done (real_buffer=55000, model_buffer=250000, rollout_len=10, cumulative_reward=-10763.40, mean_episode_return=114.09185634979269)
2026-09-17 16:09:54,315 [INFO] Epoch 60/100 done (real_buffer=65000, model_buffer=250000, rollout_len=13, cumulative_reward=-13582.07, mean_episode_return=-855.1629171882952)
2026-09-17 16:14:11,242 [INFO] Epoch 70/100 done (real_buffer=75000, model_buffer=250000, rollout_len=16, cumulative_reward=-15410.21, mean_episode_return=-526.3251709801449)
2026-09-17 16:18:39,318 [INFO] Epoch 80/100 done (real_buffer=85000, model_buffer=250000, rollout_len=19, cumulative_reward=-15971.33, mean_episode_return=24.56387335973507)
2026-09-17 16:23:23,290 [INFO] Epoch 90/100 done (real_buffer=95000, model_buffer=250000, rollout_len=22, cumulative_reward=-17605.46, mean_episode_return=304.7149491990199)
2026-09-17 16:27:18,769 [INFO] Epoch 100/100 done (real_buffer=105000, model_buffer=250000, rollout_len=25, cumulative_reward=-20279.88, mean_episode_return=-337.8690063146563)
2026-09-17 16:27:18,769 [INFO] Recording idle tail for 90s...
2026-09-17 16:28:48,835 [INFO] Run complete. Segment energy summary (kWh unless noted):
2026-09-17 16:28:48,835 [INFO]   idle_baseline_head: 0.0015325692225126623
2026-09-17 16:28:48,835 [INFO]   warmup: 1.9472047014894777e-05
2026-09-17 16:28:48,835 [INFO]   dynamics_model_update: 0.05500725669232664
2026-09-17 16:28:48,835 [INFO]   rollout: 0.0011473950730189672
2026-09-17 16:28:48,835 [INFO]   synthetic_rollout_generation: 0.000187973052570856
2026-09-17 16:28:48,835 [INFO]   buffer_sample: 0.0009774484761403092
2026-09-17 16:28:48,835 [INFO]   critic_update: 0.00827843101790901
2026-09-17 16:28:48,835 [INFO]   actor_update: 0.009864650809370613
2026-09-17 16:28:48,835 [INFO]   target_update: 0.0008122621549119944
2026-09-17 16:28:48,835 [INFO]   _sub_segment_wall_time_seconds: {'buffer_sample': 20.292190842166747, 'critic_update': 171.8632809705341, 'actor_update': 204.793788830204, 'target_update': 16.86286189368184}
2026-09-17 16:28:48,835 [INFO]   idle_baseline_tail: 0.0016134546939470529
2026-09-17 16:28:48,835 [INFO]   _total_kg_co2eq: 0.030263027701018477
2026-09-17 16:28:48,835 [INFO] Training summary: 100 epochs, final cumulative_reward=-20279.88, final mean_episode_return=-337.8690063146563, episodes completed=290
