2026-09-04 13:09:15,168 [INFO] === Experiment run: algo=mbpo env=HalfCheetah-v5 seed=0 ===
2026-09-04 13:09:15,168 [INFO] Run directory: results/mbpo/HalfCheetah-v5/seed_0/20260904_130915
2026-09-04 13:09:15,305 [INFO] Using device: cuda
2026-09-04 13:09:15,414 [INFO] Waiting for thermal baseline before starting...
2026-09-04 13:09:25,429 [INFO] Thermal gate result: {'gated': True, 'reason': 'reached_reference', 'waited_seconds': 1.0728836059570312e-05, 'final_temp_c': 44.0, 'final_power_w': 21.006}
2026-09-04 13:09:25,429 [INFO] Settling for 30s (unmeasured)...
2026-09-04 13:09:56,682 [INFO] Recording idle baseline for 90s...
2026-09-04 13:11:30,267 [INFO] Starting warmup: 5000 steps
2026-09-04 13:11:30,430 [INFO] Starting measured training: 100 epochs x 1000 steps = 100000 env steps
2026-09-04 13:15:31,860 [INFO] Epoch 10/100 done (real_buffer=15000, model_buffer=10000, rollout_len=1, cumulative_reward=-2130.84, mean_episode_return=83.88694615992955)
2026-09-04 13:19:22,874 [INFO] Epoch 20/100 done (real_buffer=25000, model_buffer=10000, rollout_len=1, cumulative_reward=4833.48, mean_episode_return=1797.2455138296336)
2026-09-04 13:24:00,674 [INFO] Epoch 30/100 done (real_buffer=35000, model_buffer=10000, rollout_len=1, cumulative_reward=21155.16, mean_episode_return=1154.5347103104614)
2026-09-04 13:33:12,236 [INFO] Epoch 40/100 done (real_buffer=45000, model_buffer=10000, rollout_len=1, cumulative_reward=46838.40, mean_episode_return=429.5089238846174)
2026-09-04 13:50:14,893 [INFO] Epoch 50/100 done (real_buffer=55000, model_buffer=10000, rollout_len=1, cumulative_reward=77506.47, mean_episode_return=17.04877905139368)
2026-09-04 13:58:49,542 [INFO] Epoch 60/100 done (real_buffer=65000, model_buffer=10000, rollout_len=1, cumulative_reward=114002.30, mean_episode_return=4538.159414202764)
2026-09-04 14:08:46,805 [INFO] Epoch 70/100 done (real_buffer=75000, model_buffer=10000, rollout_len=1, cumulative_reward=160237.35, mean_episode_return=5069.682211906869)
2026-09-04 14:21:03,846 [INFO] Epoch 80/100 done (real_buffer=85000, model_buffer=10000, rollout_len=1, cumulative_reward=209345.58, mean_episode_return=5422.769807691158)
2026-09-04 14:32:32,385 [INFO] Epoch 90/100 done (real_buffer=95000, model_buffer=10000, rollout_len=1, cumulative_reward=266518.07, mean_episode_return=5354.13687561245)
2026-09-04 14:47:04,322 [INFO] Epoch 100/100 done (real_buffer=105000, model_buffer=10000, rollout_len=1, cumulative_reward=325883.66, mean_episode_return=5625.866661820627)
2026-09-04 14:47:04,322 [INFO] Recording idle tail for 90s...
2026-09-04 14:48:34,409 [INFO] Run complete. Segment energy summary (kWh unless noted):
2026-09-04 14:48:34,409 [INFO]   idle_baseline_head: 0.0014817379924547266
2026-09-04 14:48:34,409 [INFO]   warmup: 4.742169141036317e-06
2026-09-04 14:48:34,409 [INFO]   dynamics_model_update: 0.13409906540958969
2026-09-04 14:48:34,409 [INFO]   rollout: 0.0009637223233003303
2026-09-04 14:48:34,409 [INFO]   synthetic_rollout_generation: 6.085804162468851e-05
2026-09-04 14:48:34,409 [INFO]   buffer_sample: 0.0010212501462399327
2026-09-04 14:48:34,409 [INFO]   critic_update: 0.009628564004972216
2026-09-04 14:48:34,409 [INFO]   actor_update: 0.011323730548469595
2026-09-04 14:48:34,409 [INFO]   target_update: 0.0007389072662470544
2026-09-04 14:48:34,409 [INFO]   _sub_segment_wall_time_seconds: {'buffer_sample': 23.56117137083129, 'critic_update': 222.13974451942886, 'actor_update': 261.2487812040199, 'target_update': 17.047263876826037}
2026-09-04 14:48:34,409 [INFO]   idle_baseline_tail: 0.0015772077844781462
2026-09-04 14:48:34,409 [INFO]   _total_kg_co2eq: 0.061294793236258686
2026-09-04 14:48:34,409 [INFO] Training summary: 100 epochs, final cumulative_reward=325883.66, final mean_episode_return=5625.866661820627, episodes completed=105
