2026-09-18 03:40:18,749 [INFO] === Experiment run: algo=mbpo env=Ant-v5 seed=85062 ===
2026-09-18 03:40:18,749 [INFO] Run directory: results/mbpo/Ant-v5/seed_85062/20260918_034018
2026-09-18 03:40:18,864 [INFO] Using device: cuda
2026-09-18 03:40:18,960 [INFO] Waiting for thermal baseline before starting...
2026-09-18 03:40:28,971 [INFO] Thermal gate result: {'gated': True, 'reason': 'reached_reference', 'waited_seconds': 9.059906005859375e-06, 'final_temp_c': 40.0, 'final_power_w': 26.251}
2026-09-18 03:40:28,971 [INFO] Settling for 30s (unmeasured)...
2026-09-18 03:41:00,204 [INFO] Recording idle baseline for 90s...
2026-09-18 03:42:33,754 [INFO] Starting warmup: 5000 steps
2026-09-18 03:42:34,420 [INFO] Starting measured training: 100 epochs x 1000 steps = 100000 env steps
2026-09-18 03:43:56,531 [INFO] Epoch 10/100 done (real_buffer=15000, model_buffer=90000, rollout_len=1, cumulative_reward=-3402.50, mean_episode_return=-23.891970829740547)
2026-09-18 03:46:21,122 [INFO] Epoch 20/100 done (real_buffer=25000, model_buffer=150000, rollout_len=1, cumulative_reward=-6558.70, mean_episode_return=-69.40006185545286)
2026-09-18 03:48:55,855 [INFO] Epoch 30/100 done (real_buffer=35000, model_buffer=150000, rollout_len=3, cumulative_reward=-10682.15, mean_episode_return=-59.744059908696116)
2026-09-18 03:52:23,856 [INFO] Epoch 40/100 done (real_buffer=45000, model_buffer=150000, rollout_len=4, cumulative_reward=-23037.60, mean_episode_return=-42.95654930060877)
2026-09-18 03:55:50,979 [INFO] Epoch 50/100 done (real_buffer=55000, model_buffer=150000, rollout_len=6, cumulative_reward=-29962.76, mean_episode_return=-786.4355329513179)
2026-09-18 04:00:12,600 [INFO] Epoch 60/100 done (real_buffer=65000, model_buffer=150000, rollout_len=8, cumulative_reward=-37114.49, mean_episode_return=-220.32895478500987)
2026-09-18 04:04:16,616 [INFO] Epoch 70/100 done (real_buffer=75000, model_buffer=150000, rollout_len=10, cumulative_reward=-44811.41, mean_episode_return=-552.101844150741)
2026-09-18 04:07:28,116 [INFO] Epoch 80/100 done (real_buffer=85000, model_buffer=150000, rollout_len=11, cumulative_reward=-54223.80, mean_episode_return=-915.1935635262316)
2026-09-18 04:11:03,811 [INFO] Epoch 90/100 done (real_buffer=95000, model_buffer=150000, rollout_len=13, cumulative_reward=-61364.10, mean_episode_return=-878.6291692670546)
2026-09-18 04:14:27,418 [INFO] Epoch 100/100 done (real_buffer=105000, model_buffer=150000, rollout_len=15, cumulative_reward=-69806.53, mean_episode_return=-583.9836293057027)
2026-09-18 04:14:27,418 [INFO] Recording idle tail for 90s...
2026-09-18 04:15:57,483 [INFO] Run complete. Segment energy summary (kWh unless noted):
2026-09-18 04:15:57,483 [INFO]   idle_baseline_head: 0.001524246803145064
2026-09-18 04:15:57,483 [INFO]   warmup: 1.9584130176299652e-05
2026-09-18 04:15:57,483 [INFO]   dynamics_model_update: 0.047866547232460914
2026-09-18 04:15:57,483 [INFO]   rollout: 0.0011715948709142975
2026-09-18 04:15:57,483 [INFO]   synthetic_rollout_generation: 0.00011091040831134381
2026-09-18 04:15:57,483 [INFO]   buffer_sample: 0.0006228478309979568
2026-09-18 04:15:57,483 [INFO]   critic_update: 0.0069262032575027515
2026-09-18 04:15:57,483 [INFO]   actor_update: 0.00834817369541807
2026-09-18 04:15:57,483 [INFO]   target_update: 0.000711515624712448
2026-09-18 04:15:57,483 [INFO]   _sub_segment_wall_time_seconds: {'buffer_sample': 15.131988887660555, 'critic_update': 168.27100538872037, 'actor_update': 202.81755077949492, 'target_update': 17.286158818751574}
2026-09-18 04:15:57,483 [INFO]   idle_baseline_tail: 0.0016594421747090637
2026-09-18 04:15:57,483 [INFO]   _total_kg_co2eq: 0.02627072891856822
2026-09-18 04:15:57,483 [INFO] Training summary: 100 epochs, final cumulative_reward=-69806.53, final mean_episode_return=-583.9836293057027, episodes completed=312
