2026-09-18 02:25:34,565 [INFO] === Experiment run: algo=mbpo env=Ant-v5 seed=14577 ===
2026-09-18 02:25:34,565 [INFO] Run directory: results/mbpo/Ant-v5/seed_14577/20260918_022534
2026-09-18 02:25:34,676 [INFO] Using device: cuda
2026-09-18 02:25:34,763 [INFO] Waiting for thermal baseline before starting...
2026-09-18 02:25:44,774 [INFO] Thermal gate result: {'gated': True, 'reason': 'reached_reference', 'waited_seconds': 9.059906005859375e-06, 'final_temp_c': 40.0, 'final_power_w': 25.537}
2026-09-18 02:25:44,774 [INFO] Settling for 30s (unmeasured)...
2026-09-18 02:26:16,011 [INFO] Recording idle baseline for 90s...
2026-09-18 02:27:49,591 [INFO] Starting warmup: 5000 steps
2026-09-18 02:27:50,267 [INFO] Starting measured training: 100 epochs x 1000 steps = 100000 env steps
2026-09-18 02:29:12,927 [INFO] Epoch 10/100 done (real_buffer=15000, model_buffer=90000, rollout_len=1, cumulative_reward=-2728.18, mean_episode_return=116.70627652396371)
2026-09-18 02:30:58,040 [INFO] Epoch 20/100 done (real_buffer=25000, model_buffer=150000, rollout_len=1, cumulative_reward=-6170.46, mean_episode_return=-282.74792444142764)
2026-09-18 02:34:13,417 [INFO] Epoch 30/100 done (real_buffer=35000, model_buffer=150000, rollout_len=3, cumulative_reward=-9669.06, mean_episode_return=-800.9153195544397)
2026-09-18 02:38:08,337 [INFO] Epoch 40/100 done (real_buffer=45000, model_buffer=150000, rollout_len=4, cumulative_reward=-15217.54, mean_episode_return=-93.8003844017805)
2026-09-18 02:42:05,556 [INFO] Epoch 50/100 done (real_buffer=55000, model_buffer=150000, rollout_len=6, cumulative_reward=-20398.34, mean_episode_return=-277.2764105382973)
2026-09-18 02:45:57,332 [INFO] Epoch 60/100 done (real_buffer=65000, model_buffer=150000, rollout_len=8, cumulative_reward=-29128.96, mean_episode_return=-9.646438593782298)
2026-09-18 02:49:49,264 [INFO] Epoch 70/100 done (real_buffer=75000, model_buffer=150000, rollout_len=10, cumulative_reward=-32843.25, mean_episode_return=-456.64766357530516)
2026-09-18 02:53:18,891 [INFO] Epoch 80/100 done (real_buffer=85000, model_buffer=150000, rollout_len=11, cumulative_reward=-35670.18, mean_episode_return=-978.0634360942066)
2026-09-18 02:55:53,773 [INFO] Epoch 90/100 done (real_buffer=95000, model_buffer=150000, rollout_len=13, cumulative_reward=-36948.18, mean_episode_return=-390.75294729421756)
2026-09-18 02:59:00,809 [INFO] Epoch 100/100 done (real_buffer=105000, model_buffer=150000, rollout_len=15, cumulative_reward=-41340.77, mean_episode_return=-715.5996481819727)
2026-09-18 02:59:00,809 [INFO] Recording idle tail for 90s...
2026-09-18 03:00:30,875 [INFO] Run complete. Segment energy summary (kWh unless noted):
2026-09-18 03:00:30,875 [INFO]   idle_baseline_head: 0.0015694629126790712
2026-09-18 03:00:30,875 [INFO]   warmup: 2.139524176398731e-05
2026-09-18 03:00:30,875 [INFO]   dynamics_model_update: 0.04672913136446951
2026-09-18 03:00:30,875 [INFO]   rollout: 0.0011726272110635018
2026-09-18 03:00:30,875 [INFO]   synthetic_rollout_generation: 0.000115207951918274
2026-09-18 03:00:30,875 [INFO]   buffer_sample: 0.0006242000184285544
2026-09-18 03:00:30,875 [INFO]   critic_update: 0.007025909257203747
2026-09-18 03:00:30,875 [INFO]   actor_update: 0.008363531504494634
2026-09-18 03:00:30,875 [INFO]   target_update: 0.0007003269290628014
2026-09-18 03:00:30,875 [INFO]   _sub_segment_wall_time_seconds: {'buffer_sample': 15.190959570194536, 'critic_update': 170.98734431109915, 'actor_update': 203.54063633109035, 'target_update': 17.043636256363243}
2026-09-18 03:00:30,875 [INFO]   idle_baseline_tail: 0.001632619182373063
2026-09-18 03:00:30,875 [INFO]   _total_kg_co2eq: 0.025887248218975895
2026-09-18 03:00:30,875 [INFO] Training summary: 100 epochs, final cumulative_reward=-41340.77, final mean_episode_return=-715.5996481819727, episodes completed=261
