2026-09-14 13:29:56,301 [INFO] === Experiment run: algo=mbpo env=HalfCheetah-v5 seed=958 ===
2026-09-14 13:29:56,301 [INFO] Run directory: results/mbpo/HalfCheetah-v5/seed_958/20260914_132956
2026-09-14 13:29:56,426 [INFO] Using device: cuda
2026-09-14 13:29:56,519 [INFO] Waiting for thermal baseline before starting...
2026-09-14 13:30:11,530 [INFO] Thermal gate result: {'gated': True, 'reason': 'reached_reference', 'waited_seconds': 9.775161743164062e-06, 'final_temp_c': 41.0, 'final_power_w': 25.603}
2026-09-14 13:30:11,530 [INFO] Settling for 30s (unmeasured)...
2026-09-14 13:30:42,767 [INFO] Recording idle baseline for 90s...
2026-09-14 13:32:16,437 [INFO] Starting warmup: 5000 steps
2026-09-14 13:32:16,590 [INFO] Starting measured training: 100 epochs x 1000 steps = 100000 env steps
2026-09-14 13:34:28,251 [INFO] Epoch 10/100 done (real_buffer=15000, model_buffer=10000, rollout_len=1, cumulative_reward=-888.79, mean_episode_return=93.41110332706843)
2026-09-14 13:36:19,679 [INFO] Epoch 20/100 done (real_buffer=25000, model_buffer=10000, rollout_len=1, cumulative_reward=11131.12, mean_episode_return=552.2993620865345)
2026-09-14 13:38:39,127 [INFO] Epoch 30/100 done (real_buffer=35000, model_buffer=10000, rollout_len=1, cumulative_reward=27332.94, mean_episode_return=310.518701783296)
2026-09-14 13:41:32,854 [INFO] Epoch 40/100 done (real_buffer=45000, model_buffer=10000, rollout_len=1, cumulative_reward=56252.40, mean_episode_return=3440.463943309053)
2026-09-14 13:45:39,556 [INFO] Epoch 50/100 done (real_buffer=55000, model_buffer=10000, rollout_len=1, cumulative_reward=94989.82, mean_episode_return=3705.982540242114)
2026-09-14 13:49:19,987 [INFO] Epoch 60/100 done (real_buffer=65000, model_buffer=10000, rollout_len=1, cumulative_reward=133997.49, mean_episode_return=4592.728921964887)
2026-09-14 13:53:25,577 [INFO] Epoch 70/100 done (real_buffer=75000, model_buffer=10000, rollout_len=1, cumulative_reward=181512.28, mean_episode_return=5249.872769978925)
2026-09-14 13:58:10,131 [INFO] Epoch 80/100 done (real_buffer=85000, model_buffer=10000, rollout_len=1, cumulative_reward=235389.26, mean_episode_return=5895.69514527584)
2026-09-14 14:02:40,125 [INFO] Epoch 90/100 done (real_buffer=95000, model_buffer=10000, rollout_len=1, cumulative_reward=287461.56, mean_episode_return=3215.0665853896107)
2026-09-14 14:07:37,215 [INFO] Epoch 100/100 done (real_buffer=105000, model_buffer=10000, rollout_len=1, cumulative_reward=346918.98, mean_episode_return=5962.27201050273)
2026-09-14 14:07:37,215 [INFO] Recording idle tail for 90s...
2026-09-14 14:09:07,279 [INFO] Run complete. Segment energy summary (kWh unless noted):
2026-09-14 14:09:07,279 [INFO]   idle_baseline_head: 0.0016090042633636998
2026-09-14 14:09:07,279 [INFO]   warmup: 3.921742330642098e-06
2026-09-14 14:09:07,279 [INFO]   dynamics_model_update: 0.0413548997596302
2026-09-14 14:09:07,279 [INFO]   rollout: 0.0006567347401256287
2026-09-14 14:09:07,279 [INFO]   synthetic_rollout_generation: 2.0729102598375255e-05
2026-09-14 14:09:07,279 [INFO]   buffer_sample: 0.0009291774164055829
2026-09-14 14:09:07,279 [INFO]   critic_update: 0.013437759979674117
2026-09-14 14:09:07,279 [INFO]   actor_update: 0.016400644033056962
2026-09-14 14:09:07,279 [INFO]   target_update: 0.0014091718178937502
2026-09-14 14:09:07,279 [INFO]   _sub_segment_wall_time_seconds: {'buffer_sample': 22.69477269705112, 'critic_update': 328.21170953117235, 'actor_update': 400.5789226510942, 'target_update': 34.41843670921662}
2026-09-14 14:09:07,279 [INFO]   idle_baseline_tail: 0.0016648343566224577
2026-09-14 14:09:07,279 [INFO]   _total_kg_co2eq: 0.02951863792198575
2026-09-14 14:09:07,279 [INFO] Training summary: 100 epochs, final cumulative_reward=346918.98, final mean_episode_return=5962.27201050273, episodes completed=105
