2026-09-13 08:29:36,053 [INFO] === Experiment run: algo=mbpo env=Ant-v5 seed=14577 ===
2026-09-13 08:29:36,053 [INFO] Run directory: results/mbpo/Ant-v5/seed_14577/20260913_082936
2026-09-13 08:29:36,162 [INFO] Using device: cuda
2026-09-13 08:29:36,253 [INFO] Waiting for thermal baseline before starting...
2026-09-13 08:29:46,264 [INFO] Thermal gate result: {'gated': True, 'reason': 'reached_reference', 'waited_seconds': 1.0251998901367188e-05, 'final_temp_c': 40.0, 'final_power_w': 23.197}
2026-09-13 08:29:46,264 [INFO] Settling for 30s (unmeasured)...
2026-09-13 08:30:17,501 [INFO] Recording idle baseline for 90s...
2026-09-13 08:31:51,079 [INFO] Starting warmup: 5000 steps
2026-09-13 08:31:51,755 [INFO] Starting measured training: 100 epochs x 1000 steps = 100000 env steps
2026-09-13 08:33:27,765 [INFO] Epoch 10/100 done (real_buffer=15000, model_buffer=90000, rollout_len=1, cumulative_reward=-3528.63, mean_episode_return=-7.5692376137562585)
2026-09-13 08:34:56,160 [INFO] Epoch 20/100 done (real_buffer=25000, model_buffer=190000, rollout_len=1, cumulative_reward=-9178.78, mean_episode_return=-100.42509033024211)
2026-09-13 08:37:55,945 [INFO] Epoch 30/100 done (real_buffer=35000, model_buffer=250000, rollout_len=4, cumulative_reward=-14876.91, mean_episode_return=-53.54454548507956)
2026-09-13 08:41:30,644 [INFO] Epoch 40/100 done (real_buffer=45000, model_buffer=250000, rollout_len=7, cumulative_reward=-23361.63, mean_episode_return=-949.9638688588983)
2026-09-13 08:44:28,592 [INFO] Epoch 50/100 done (real_buffer=55000, model_buffer=250000, rollout_len=10, cumulative_reward=-39859.95, mean_episode_return=-2321.036527887084)
2026-09-13 08:48:26,013 [INFO] Epoch 60/100 done (real_buffer=65000, model_buffer=250000, rollout_len=13, cumulative_reward=-51902.57, mean_episode_return=-876.2286242101758)
2026-09-13 08:51:22,429 [INFO] Epoch 70/100 done (real_buffer=75000, model_buffer=250000, rollout_len=16, cumulative_reward=-57903.14, mean_episode_return=-205.01479473321274)
2026-09-13 08:54:05,569 [INFO] Epoch 80/100 done (real_buffer=85000, model_buffer=250000, rollout_len=19, cumulative_reward=-61934.64, mean_episode_return=-510.15927305897463)
2026-09-13 08:57:02,106 [INFO] Epoch 90/100 done (real_buffer=95000, model_buffer=250000, rollout_len=22, cumulative_reward=-68127.48, mean_episode_return=-550.6876606630797)
2026-09-13 09:00:07,046 [INFO] Epoch 100/100 done (real_buffer=105000, model_buffer=250000, rollout_len=25, cumulative_reward=-76971.41, mean_episode_return=-555.1657765143772)
2026-09-13 09:00:07,046 [INFO] Recording idle tail for 90s...
2026-09-13 09:01:37,111 [INFO] Run complete. Segment energy summary (kWh unless noted):
2026-09-13 09:01:37,111 [INFO]   idle_baseline_head: 0.001547418182185284
2026-09-13 09:01:37,111 [INFO]   warmup: 2.085503487951135e-05
2026-09-13 09:01:37,111 [INFO]   dynamics_model_update: 0.040991234529209004
2026-09-13 09:01:37,111 [INFO]   rollout: 0.0011560581509399025
2026-09-13 09:01:37,111 [INFO]   synthetic_rollout_generation: 0.00019012863931868406
2026-09-13 09:01:37,111 [INFO]   buffer_sample: 0.0005020328912123512
2026-09-13 09:01:37,111 [INFO]   critic_update: 0.005541998268183172
2026-09-13 09:01:37,111 [INFO]   actor_update: 0.006641872718310853
2026-09-13 09:01:37,111 [INFO]   target_update: 0.0005758924913181386
2026-09-13 09:01:37,111 [INFO]   _sub_segment_wall_time_seconds: {'buffer_sample': 15.083551497875305, 'critic_update': 166.50904301789706, 'actor_update': 199.55471233576827, 'target_update': 17.30265925218555}
2026-09-13 09:01:37,111 [INFO]   idle_baseline_tail: 0.0016232657614508941
2026-09-13 09:01:37,111 [INFO]   _total_kg_co2eq: 0.022396352027009618
2026-09-13 09:01:37,111 [INFO] Training summary: 100 epochs, final cumulative_reward=-76971.41, final mean_episode_return=-555.1657765143772, episodes completed=266
