2026-09-13 10:31:15,464 [INFO] === Experiment run: algo=td3 env=HalfCheetah-v5 seed=14577 ===
2026-09-13 10:31:15,464 [INFO] Run directory: results/td3/HalfCheetah-v5/seed_14577/20260913_103115
2026-09-13 10:31:15,586 [INFO] Using device: cuda
2026-09-13 10:31:15,676 [INFO] Waiting for thermal baseline before starting...
2026-09-13 10:31:25,687 [INFO] Thermal gate result: {'gated': True, 'reason': 'reached_reference', 'waited_seconds': 9.775161743164062e-06, 'final_temp_c': 52.0, 'final_power_w': 35.469}
2026-09-13 10:31:25,687 [INFO] Settling for 30s (unmeasured)...
2026-09-13 10:31:56,924 [INFO] Recording idle baseline for 90s...
2026-09-13 10:33:30,476 [INFO] Starting warmup: 10000 steps
2026-09-13 10:33:30,780 [INFO] Starting measured training: 100 epochs x 1000 steps = 100000 env steps
2026-09-13 10:33:53,726 [INFO] Epoch 10/100 done (buffer size=20000, cumulative_reward=-4222.63, mean_episode_return=-338.08776773300946)
2026-09-13 10:34:16,517 [INFO] Epoch 20/100 done (buffer size=30000, cumulative_reward=1178.11, mean_episode_return=608.4162330409503)
2026-09-13 10:34:39,388 [INFO] Epoch 30/100 done (buffer size=40000, cumulative_reward=17824.72, mean_episode_return=2088.44874854371)
2026-09-13 10:34:59,111 [INFO] Epoch 40/100 done (buffer size=50000, cumulative_reward=42095.65, mean_episode_return=2883.453232616061)
2026-09-13 10:35:18,759 [INFO] Epoch 50/100 done (buffer size=60000, cumulative_reward=74540.47, mean_episode_return=3464.1292688758335)
2026-09-13 10:35:38,421 [INFO] Epoch 60/100 done (buffer size=70000, cumulative_reward=110620.67, mean_episode_return=3742.301082135515)
2026-09-13 10:35:58,062 [INFO] Epoch 70/100 done (buffer size=80000, cumulative_reward=150331.54, mean_episode_return=4213.988412004494)
2026-09-13 10:36:17,796 [INFO] Epoch 80/100 done (buffer size=90000, cumulative_reward=192328.68, mean_episode_return=4464.973924325617)
2026-09-13 10:36:37,346 [INFO] Epoch 90/100 done (buffer size=100000, cumulative_reward=237877.96, mean_episode_return=4746.590232600978)
2026-09-13 10:36:57,068 [INFO] Epoch 100/100 done (buffer size=110000, cumulative_reward=285382.85, mean_episode_return=4748.558811111176)
2026-09-13 10:36:57,068 [INFO] Recording idle tail for 90s...
2026-09-13 10:38:27,137 [INFO] Run complete. Segment energy summary (kWh unless noted):
2026-09-13 10:38:27,137 [INFO]   idle_baseline_head: 0.0018129101075704918
2026-09-13 10:38:27,137 [INFO]   warmup: 1.0066035970181892e-05
2026-09-13 10:38:27,137 [INFO]   rollout: 0.0003515517379091826
2026-09-13 10:38:27,137 [INFO]   buffer_sample: 0.0002948412416574917
2026-09-13 10:38:27,137 [INFO]   critic_update: 0.004398214600201991
2026-09-13 10:38:27,137 [INFO]   actor_update: 0.0012108881003095996
2026-09-13 10:38:27,137 [INFO]   target_update: 0.00039186622276198685
2026-09-13 10:38:27,137 [INFO]   _sub_segment_wall_time_seconds: {'buffer_sample': 8.737243814088288, 'critic_update': 130.33547509370692, 'actor_update': 35.88312308178865, 'target_update': 11.612455270944338}
2026-09-13 10:38:27,137 [INFO]   idle_baseline_tail: 0.001967750940189297
2026-09-13 10:38:27,137 [INFO]   _total_kg_co2eq: 0.003976402492396218
2026-09-13 10:38:27,137 [INFO] Training summary: 100 epochs, final cumulative_reward=285382.85, final mean_episode_return=4748.558811111176, episodes completed=110
