2026-09-14 15:27:29,136 [INFO] === Experiment run: algo=mbpo env=HalfCheetah-v5 seed=85062 ===
2026-09-14 15:27:29,136 [INFO] Run directory: results/mbpo/HalfCheetah-v5/seed_85062/20260914_152729
2026-09-14 15:27:29,244 [INFO] Using device: cuda
2026-09-14 15:27:29,343 [INFO] Waiting for thermal baseline before starting...
2026-09-14 15:27:39,356 [INFO] Thermal gate result: {'gated': True, 'reason': 'reached_reference', 'waited_seconds': 1.1682510375976562e-05, 'final_temp_c': 41.0, 'final_power_w': 24.232}
2026-09-14 15:27:39,356 [INFO] Settling for 30s (unmeasured)...
2026-09-14 15:28:10,606 [INFO] Recording idle baseline for 90s...
2026-09-14 15:29:44,147 [INFO] Starting warmup: 5000 steps
2026-09-14 15:29:44,301 [INFO] Starting measured training: 100 epochs x 1000 steps = 100000 env steps
2026-09-14 15:31:59,091 [INFO] Epoch 10/100 done (real_buffer=15000, model_buffer=10000, rollout_len=1, cumulative_reward=2857.23, mean_episode_return=1023.2164422525332)
2026-09-14 15:33:51,068 [INFO] Epoch 20/100 done (real_buffer=25000, model_buffer=10000, rollout_len=1, cumulative_reward=17101.32, mean_episode_return=2194.543696009903)
2026-09-14 15:36:01,129 [INFO] Epoch 30/100 done (real_buffer=35000, model_buffer=10000, rollout_len=1, cumulative_reward=32360.57, mean_episode_return=739.1869931159104)
2026-09-14 15:40:12,513 [INFO] Epoch 40/100 done (real_buffer=45000, model_buffer=10000, rollout_len=1, cumulative_reward=63824.43, mean_episode_return=3282.3497554675187)
2026-09-14 15:44:03,586 [INFO] Epoch 50/100 done (real_buffer=55000, model_buffer=10000, rollout_len=1, cumulative_reward=97018.35, mean_episode_return=225.67271947653617)
2026-09-14 15:47:04,044 [INFO] Epoch 60/100 done (real_buffer=65000, model_buffer=10000, rollout_len=1, cumulative_reward=139681.76, mean_episode_return=4645.219062130325)
2026-09-14 15:51:13,563 [INFO] Epoch 70/100 done (real_buffer=75000, model_buffer=10000, rollout_len=1, cumulative_reward=186893.37, mean_episode_return=4914.814783939279)
2026-09-14 15:55:45,584 [INFO] Epoch 80/100 done (real_buffer=85000, model_buffer=10000, rollout_len=1, cumulative_reward=226040.84, mean_episode_return=5621.847712893595)
2026-09-14 16:00:11,563 [INFO] Epoch 90/100 done (real_buffer=95000, model_buffer=10000, rollout_len=1, cumulative_reward=278576.15, mean_episode_return=5152.843939323879)
2026-09-14 16:05:55,631 [INFO] Epoch 100/100 done (real_buffer=105000, model_buffer=10000, rollout_len=1, cumulative_reward=334048.45, mean_episode_return=5549.195635544747)
2026-09-14 16:05:55,631 [INFO] Recording idle tail for 90s...
2026-09-14 16:07:25,696 [INFO] Run complete. Segment energy summary (kWh unless noted):
2026-09-14 16:07:25,696 [INFO]   idle_baseline_head: 0.0015715689009648808
2026-09-14 16:07:25,696 [INFO]   warmup: 5.5022198921024675e-06
2026-09-14 16:07:25,696 [INFO]   dynamics_model_update: 0.042932581085473015
2026-09-14 16:07:25,696 [INFO]   rollout: 0.0006651823139120555
2026-09-14 16:07:25,696 [INFO]   synthetic_rollout_generation: 2.472706753299178e-05
2026-09-14 16:07:25,696 [INFO]   buffer_sample: 0.0009118109111934094
2026-09-14 16:07:25,696 [INFO]   critic_update: 0.013722497650874186
2026-09-14 16:07:25,696 [INFO]   actor_update: 0.01634911809293521
2026-09-14 16:07:25,696 [INFO]   target_update: 0.0013878810832846145
2026-09-14 16:07:25,696 [INFO]   _sub_segment_wall_time_seconds: {'buffer_sample': 22.500947469226958, 'critic_update': 338.6329281635626, 'actor_update': 403.45058702559436, 'target_update': 34.24903010608614}
2026-09-14 16:07:25,696 [INFO]   idle_baseline_tail: 0.0016452444264392768
2026-09-14 16:07:25,696 [INFO]   _total_kg_co2eq: 0.03017739144604822
2026-09-14 16:07:25,696 [INFO] Training summary: 100 epochs, final cumulative_reward=334048.45, final mean_episode_return=5549.195635544747, episodes completed=105
