2026-09-15 19:07:59,643 [INFO] === Experiment run: algo=mbpo env=HalfCheetah-v5 seed=85062 ===
2026-09-15 19:07:59,643 [INFO] Run directory: results/mbpo/HalfCheetah-v5/seed_85062/20260915_190759
2026-09-15 19:07:59,777 [INFO] Using device: cuda
2026-09-15 19:07:59,872 [INFO] Waiting for thermal baseline before starting...
2026-09-15 19:08:09,883 [INFO] Thermal gate result: {'gated': True, 'reason': 'reached_reference', 'waited_seconds': 1.0013580322265625e-05, 'final_temp_c': 43.0, 'final_power_w': 23.587}
2026-09-15 19:08:09,883 [INFO] Settling for 30s (unmeasured)...
2026-09-15 19:08:41,114 [INFO] Recording idle baseline for 90s...
2026-09-15 19:10:14,688 [INFO] Starting warmup: 5000 steps
2026-09-15 19:10:14,840 [INFO] Starting measured training: 100 epochs x 1000 steps = 100000 env steps
2026-09-15 19:11:49,082 [INFO] Epoch 10/100 done (real_buffer=15000, model_buffer=10000, rollout_len=1, cumulative_reward=-1643.05, mean_episode_return=122.60488243503309)
2026-09-15 19:13:03,978 [INFO] Epoch 20/100 done (real_buffer=25000, model_buffer=10000, rollout_len=1, cumulative_reward=7722.96, mean_episode_return=1818.9130000096925)
2026-09-15 19:15:13,169 [INFO] Epoch 30/100 done (real_buffer=35000, model_buffer=10000, rollout_len=1, cumulative_reward=30317.73, mean_episode_return=2369.2705488826123)
2026-09-15 19:19:14,744 [INFO] Epoch 40/100 done (real_buffer=45000, model_buffer=10000, rollout_len=1, cumulative_reward=58112.31, mean_episode_return=3051.820599656917)
2026-09-15 19:21:42,529 [INFO] Epoch 50/100 done (real_buffer=55000, model_buffer=10000, rollout_len=1, cumulative_reward=90924.02, mean_episode_return=3253.8383987222887)
2026-09-15 19:24:27,428 [INFO] Epoch 60/100 done (real_buffer=65000, model_buffer=10000, rollout_len=1, cumulative_reward=127371.62, mean_episode_return=3797.4329913682827)
2026-09-15 19:27:34,680 [INFO] Epoch 70/100 done (real_buffer=75000, model_buffer=10000, rollout_len=1, cumulative_reward=166147.96, mean_episode_return=4072.860914488943)
2026-09-15 19:30:47,917 [INFO] Epoch 80/100 done (real_buffer=85000, model_buffer=10000, rollout_len=1, cumulative_reward=204643.35, mean_episode_return=4015.5623005283505)
2026-09-15 19:34:24,139 [INFO] Epoch 90/100 done (real_buffer=95000, model_buffer=10000, rollout_len=1, cumulative_reward=248162.23, mean_episode_return=4355.636249845064)
2026-09-15 19:38:10,830 [INFO] Epoch 100/100 done (real_buffer=105000, model_buffer=10000, rollout_len=1, cumulative_reward=291775.02, mean_episode_return=4367.37104199499)
2026-09-15 19:38:10,830 [INFO] Recording idle tail for 90s...
2026-09-15 19:39:40,896 [INFO] Run complete. Segment energy summary (kWh unless noted):
2026-09-15 19:39:40,897 [INFO]   idle_baseline_head: 0.001529832692680427
2026-09-15 19:39:40,897 [INFO]   warmup: 3.918992503607185e-06
2026-09-15 19:39:40,897 [INFO]   dynamics_model_update: 0.03956025489998244
2026-09-15 19:39:40,897 [INFO]   rollout: 0.0006580382697529185
2026-09-15 19:39:40,897 [INFO]   synthetic_rollout_generation: 3.0025661121224536e-05
2026-09-15 19:39:40,897 [INFO]   buffer_sample: 0.0008174769960979815
2026-09-15 19:39:40,897 [INFO]   critic_update: 0.009134848684242192
2026-09-15 19:39:40,897 [INFO]   actor_update: 0.010956434099933717
2026-09-15 19:39:40,897 [INFO]   target_update: 0.0009007736896893018
2026-09-15 19:39:40,897 [INFO]   _sub_segment_wall_time_seconds: {'buffer_sample': 15.476102112515946, 'critic_update': 172.93679417832755, 'actor_update': 207.42221949851955, 'target_update': 17.05303717222705}
2026-09-15 19:39:40,897 [INFO]   idle_baseline_tail: 0.0016369954051573543
2026-09-15 19:39:40,897 [INFO]   _total_kg_co2eq: 0.024848847003137896
2026-09-15 19:39:40,897 [INFO] Training summary: 100 epochs, final cumulative_reward=291775.02, final mean_episode_return=4367.37104199499, episodes completed=105
