2026-09-19 10:38:06,363 [INFO] === Experiment run: algo=tdmpc2 env=HalfCheetah-v5 seed=14577 ===
2026-09-19 10:38:06,363 [INFO] Run directory: results/tdmpc2/HalfCheetah-v5/seed_14577/20260919_103806
2026-09-19 10:38:06,492 [INFO] Using device: cuda
2026-09-19 10:38:06,584 [INFO] Waiting for thermal baseline before starting...
2026-09-19 10:38:26,596 [INFO] Thermal gate result: {'gated': True, 'reason': 'reached_reference', 'waited_seconds': 9.775161743164062e-06, 'final_temp_c': 42.0, 'final_power_w': 27.338}
2026-09-19 10:38:26,596 [INFO] Settling for 30s (unmeasured)...
2026-09-19 10:38:57,835 [INFO] Recording idle baseline for 90s...
2026-09-19 10:40:31,431 [INFO] Starting warmup: 5000 steps
2026-09-19 10:40:31,587 [INFO] Pretraining world model on seed data: 5000 updates
2026-09-19 10:41:42,315 [INFO] Pretrain burst done: 5000 updates, mean total_loss=0.0724
2026-09-19 10:41:42,315 [INFO] Starting measured training: 100 epochs x 1000 steps = 100000 env steps
2026-09-19 10:46:19,201 [INFO] Epoch 10/100 done (buffer size=15000, cumulative_reward=7617.01, mean_episode_return=1693.0469444330852)
2026-09-19 10:50:54,006 [INFO] Epoch 20/100 done (buffer size=25000, cumulative_reward=29444.11, mean_episode_return=3303.94949983481)
2026-09-19 10:55:45,823 [INFO] Epoch 30/100 done (buffer size=35000, cumulative_reward=63982.37, mean_episode_return=4541.1415183459285)
2026-09-19 11:00:23,366 [INFO] Epoch 40/100 done (buffer size=45000, cumulative_reward=108294.48, mean_episode_return=4373.75411132736)
2026-09-19 11:04:58,383 [INFO] Epoch 50/100 done (buffer size=55000, cumulative_reward=170358.90, mean_episode_return=6618.820367742462)
2026-09-19 11:09:33,388 [INFO] Epoch 60/100 done (buffer size=65000, cumulative_reward=240202.68, mean_episode_return=7211.7457715526525)
2026-09-19 11:14:22,422 [INFO] Epoch 70/100 done (buffer size=75000, cumulative_reward=310912.87, mean_episode_return=8302.044183648355)
2026-09-19 11:19:00,719 [INFO] Epoch 80/100 done (buffer size=85000, cumulative_reward=390353.63, mean_episode_return=7079.1394768669115)
2026-09-19 11:23:37,714 [INFO] Epoch 90/100 done (buffer size=95000, cumulative_reward=472245.54, mean_episode_return=8733.496035630611)
2026-09-19 11:28:25,062 [INFO] Epoch 100/100 done (buffer size=105000, cumulative_reward=557095.73, mean_episode_return=9702.489327267647)
2026-09-19 11:28:25,063 [INFO] Recording idle tail for 90s...
2026-09-19 11:29:55,129 [INFO] Run complete. Segment energy summary (kWh unless noted):
2026-09-19 11:29:55,129 [INFO]   idle_baseline_head: 0.001606148520684136
2026-09-19 11:29:55,129 [INFO]   warmup: 5.68839002348053e-06
2026-09-19 11:29:55,129 [INFO]   world_model_pretrain: 0.0035034580372045364
2026-09-19 11:29:55,129 [INFO]   rollout: 0.08011853141530784
2026-09-19 11:29:55,129 [INFO]   buffer_sample: 0.002936573964287379
2026-09-19 11:29:55,129 [INFO]   critic_update: 0.05130963226783089
2026-09-19 11:29:55,129 [INFO]   actor_update: 0.01614252585572223
2026-09-19 11:29:55,129 [INFO]   target_update: 0.0029288092006066503
2026-09-19 11:29:55,129 [INFO]   _sub_segment_wall_time_seconds: {'buffer_sample': 57.13747576912283, 'critic_update': 998.3412323609664, 'actor_update': 314.0881827431149, 'target_update': 56.98639529164939}
2026-09-19 11:29:55,129 [INFO]   idle_baseline_tail: 0.0018084936518827366
2026-09-19 11:29:55,129 [INFO]   _total_kg_co2eq: 0.06108910365417769
2026-09-19 11:29:55,129 [INFO] Training summary: 100 epochs, final cumulative_reward=557095.73, final mean_episode_return=9702.489327267647, episodes completed=105
