2026-09-14 21:13:11,204 [INFO] === Experiment run: algo=mbpo env=Ant-v5 seed=958 ===
2026-09-14 21:13:11,204 [INFO] Run directory: results/mbpo/Ant-v5/seed_958/20260914_211311
2026-09-14 21:13:11,324 [INFO] Using device: cuda
2026-09-14 21:13:11,422 [INFO] Waiting for thermal baseline before starting...
2026-09-14 21:13:21,435 [INFO] Thermal gate result: {'gated': True, 'reason': 'reached_reference', 'waited_seconds': 1.1920928955078125e-05, 'final_temp_c': 41.0, 'final_power_w': 23.788}
2026-09-14 21:13:21,435 [INFO] Settling for 30s (unmeasured)...
2026-09-14 21:13:52,685 [INFO] Recording idle baseline for 90s...
2026-09-14 21:15:26,251 [INFO] Starting warmup: 5000 steps
2026-09-14 21:15:26,924 [INFO] Starting measured training: 100 epochs x 1000 steps = 100000 env steps
2026-09-14 21:17:33,277 [INFO] Epoch 10/100 done (real_buffer=15000, model_buffer=90000, rollout_len=1, cumulative_reward=-4234.86, mean_episode_return=-19.225094056055735)
2026-09-14 21:19:57,792 [INFO] Epoch 20/100 done (real_buffer=25000, model_buffer=190000, rollout_len=1, cumulative_reward=-6809.68, mean_episode_return=-25.657027587377204)
2026-09-14 21:24:00,975 [INFO] Epoch 30/100 done (real_buffer=35000, model_buffer=250000, rollout_len=4, cumulative_reward=-10613.22, mean_episode_return=-96.63014108088637)
2026-09-14 21:28:57,095 [INFO] Epoch 40/100 done (real_buffer=45000, model_buffer=250000, rollout_len=7, cumulative_reward=-22625.37, mean_episode_return=-47.69680171879049)
2026-09-14 21:34:25,757 [INFO] Epoch 50/100 done (real_buffer=55000, model_buffer=250000, rollout_len=10, cumulative_reward=-25220.19, mean_episode_return=-337.9585556271081)
2026-09-14 21:39:23,768 [INFO] Epoch 60/100 done (real_buffer=65000, model_buffer=250000, rollout_len=13, cumulative_reward=-34520.05, mean_episode_return=-510.46007340213026)
2026-09-14 21:44:13,121 [INFO] Epoch 70/100 done (real_buffer=75000, model_buffer=250000, rollout_len=16, cumulative_reward=-38490.95, mean_episode_return=-226.9165774278286)
2026-09-14 21:48:46,909 [INFO] Epoch 80/100 done (real_buffer=85000, model_buffer=250000, rollout_len=19, cumulative_reward=-41416.34, mean_episode_return=-141.4500769583932)
2026-09-14 21:53:15,915 [INFO] Epoch 90/100 done (real_buffer=95000, model_buffer=250000, rollout_len=22, cumulative_reward=-43936.24, mean_episode_return=275.2600695145341)
2026-09-14 21:57:15,169 [INFO] Epoch 100/100 done (real_buffer=105000, model_buffer=250000, rollout_len=25, cumulative_reward=-51427.08, mean_episode_return=-1345.5754302655118)
2026-09-14 21:57:15,169 [INFO] Recording idle tail for 90s...
2026-09-14 21:58:45,233 [INFO] Run complete. Segment energy summary (kWh unless noted):
2026-09-14 21:58:45,233 [INFO]   idle_baseline_head: 0.0015829888777305673
2026-09-14 21:58:45,233 [INFO]   warmup: 2.028137022590899e-05
2026-09-14 21:58:45,233 [INFO]   dynamics_model_update: 0.05284534881756345
2026-09-14 21:58:45,233 [INFO]   rollout: 0.0011709498452004662
2026-09-14 21:58:45,233 [INFO]   synthetic_rollout_generation: 0.00020607878021903386
2026-09-14 21:58:45,233 [INFO]   buffer_sample: 0.001239673674347413
2026-09-14 21:58:45,233 [INFO]   critic_update: 0.013604421698363456
2026-09-14 21:58:45,233 [INFO]   actor_update: 0.016559426007035513
2026-09-14 21:58:45,233 [INFO]   target_update: 0.0013968866156192383
2026-09-14 21:58:45,233 [INFO]   _sub_segment_wall_time_seconds: {'buffer_sample': 30.471254512041924, 'critic_update': 334.39751495747623, 'actor_update': 407.0317010638537, 'target_update': 34.33555819551111}
2026-09-14 21:58:45,233 [INFO]   idle_baseline_tail: 0.0016551618477849417
2026-09-14 21:58:45,233 [INFO]   _total_kg_co2eq: 0.03439264177583003
2026-09-14 21:58:45,233 [INFO] Training summary: 100 epochs, final cumulative_reward=-51427.08, final mean_episode_return=-1345.5754302655118, episodes completed=294
