2026-09-13 02:00:45,142 [INFO] === Experiment run: algo=mbpo env=HalfCheetah-v5 seed=958 ===
2026-09-13 02:00:45,143 [INFO] Run directory: results/mbpo/HalfCheetah-v5/seed_958/20260913_020045
2026-09-13 02:00:45,280 [INFO] Using device: cuda
2026-09-13 02:00:45,375 [INFO] Waiting for thermal baseline before starting...
2026-09-13 02:00:55,386 [INFO] Thermal gate result: {'gated': True, 'reason': 'reached_reference', 'waited_seconds': 1.1682510375976562e-05, 'final_temp_c': 40.0, 'final_power_w': 24.683}
2026-09-13 02:00:55,386 [INFO] Settling for 30s (unmeasured)...
2026-09-13 02:01:26,624 [INFO] Recording idle baseline for 90s...
2026-09-13 02:03:00,198 [INFO] Starting warmup: 5000 steps
2026-09-13 02:03:00,356 [INFO] Starting measured training: 100 epochs x 1000 steps = 100000 env steps
2026-09-13 02:04:28,433 [INFO] Epoch 10/100 done (real_buffer=15000, model_buffer=10000, rollout_len=1, cumulative_reward=-3034.83, mean_episode_return=-279.8245463320392)
2026-09-13 02:05:39,973 [INFO] Epoch 20/100 done (real_buffer=25000, model_buffer=10000, rollout_len=1, cumulative_reward=1214.33, mean_episode_return=789.7002229710129)
2026-09-13 02:07:43,363 [INFO] Epoch 30/100 done (real_buffer=35000, model_buffer=10000, rollout_len=1, cumulative_reward=17836.65, mean_episode_return=2234.9521440162994)
2026-09-13 02:11:47,479 [INFO] Epoch 40/100 done (real_buffer=45000, model_buffer=10000, rollout_len=1, cumulative_reward=42247.15, mean_episode_return=3048.534020813365)
2026-09-13 02:14:09,754 [INFO] Epoch 50/100 done (real_buffer=55000, model_buffer=10000, rollout_len=1, cumulative_reward=73282.09, mean_episode_return=2613.822530061655)
2026-09-13 02:16:21,381 [INFO] Epoch 60/100 done (real_buffer=65000, model_buffer=10000, rollout_len=1, cumulative_reward=104953.32, mean_episode_return=3425.0292129477516)
2026-09-13 02:18:53,230 [INFO] Epoch 70/100 done (real_buffer=75000, model_buffer=10000, rollout_len=1, cumulative_reward=141952.02, mean_episode_return=4189.989372014903)
2026-09-13 02:22:20,276 [INFO] Epoch 80/100 done (real_buffer=85000, model_buffer=10000, rollout_len=1, cumulative_reward=182876.33, mean_episode_return=4538.192490069782)
2026-09-13 02:25:39,039 [INFO] Epoch 90/100 done (real_buffer=95000, model_buffer=10000, rollout_len=1, cumulative_reward=218227.51, mean_episode_return=4593.922575001121)
2026-09-13 02:29:03,155 [INFO] Epoch 100/100 done (real_buffer=105000, model_buffer=10000, rollout_len=1, cumulative_reward=266610.67, mean_episode_return=5623.517206643297)
2026-09-13 02:29:03,155 [INFO] Recording idle tail for 90s...
2026-09-13 02:30:33,222 [INFO] Run complete. Segment energy summary (kWh unless noted):
2026-09-13 02:30:33,222 [INFO]   idle_baseline_head: 0.001592678907864973
2026-09-13 02:30:33,222 [INFO]   warmup: 3.989485301481542e-06
2026-09-13 02:30:33,222 [INFO]   dynamics_model_update: 0.03711216140986937
2026-09-13 02:30:33,222 [INFO]   rollout: 0.0006606937590378772
2026-09-13 02:30:33,222 [INFO]   synthetic_rollout_generation: 2.1763814121401968e-05
2026-09-13 02:30:33,222 [INFO]   buffer_sample: 0.000376200457083823
2026-09-13 02:30:33,222 [INFO]   critic_update: 0.005605270401557113
2026-09-13 02:30:33,222 [INFO]   actor_update: 0.006674935974167788
2026-09-13 02:30:33,222 [INFO]   target_update: 0.0005809097749219892
2026-09-13 02:30:33,222 [INFO]   _sub_segment_wall_time_seconds: {'buffer_sample': 11.391679819407727, 'critic_update': 169.73250434279544, 'actor_update': 202.12291612347326, 'target_update': 17.590457521429926}
2026-09-13 02:30:33,222 [INFO]   idle_baseline_tail: 0.0016182649401507848
2026-09-13 02:30:33,222 [INFO]   _total_kg_co2eq: 0.02066535798538209
2026-09-13 02:30:33,222 [INFO] Training summary: 100 epochs, final cumulative_reward=266610.67, final mean_episode_return=5623.517206643297, episodes completed=105
