2026-09-19 08:16:57,070 [INFO] === Experiment run: algo=tdmpc2 env=Ant-v5 seed=85062 ===
2026-09-19 08:16:57,070 [INFO] Run directory: results/tdmpc2/Ant-v5/seed_85062/20260919_081657
2026-09-19 08:16:57,202 [INFO] Using device: cuda
2026-09-19 08:16:57,295 [INFO] Waiting for thermal baseline before starting...
2026-09-19 08:17:07,306 [INFO] Thermal gate result: {'gated': True, 'reason': 'reached_reference', 'waited_seconds': 9.298324584960938e-06, 'final_temp_c': 44.0, 'final_power_w': 27.464}
2026-09-19 08:17:07,306 [INFO] Settling for 30s (unmeasured)...
2026-09-19 08:17:38,547 [INFO] Recording idle baseline for 90s...
2026-09-19 08:19:12,101 [INFO] Starting warmup: 5000 steps
2026-09-19 08:19:12,779 [INFO] Pretraining world model on seed data: 5000 updates
2026-09-19 08:20:02,691 [INFO] Pretrain burst done: 5000 updates, mean total_loss=0.2257
2026-09-19 08:20:02,691 [INFO] Starting measured training: 100 epochs x 1000 steps = 100000 env steps
2026-09-19 08:22:59,249 [INFO] Epoch 10/100 done (buffer size=14838, cumulative_reward=-1752.85, mean_episode_return=35.94377635028373)
2026-09-19 08:26:04,658 [INFO] Epoch 20/100 done (buffer size=24959, cumulative_reward=2718.67, mean_episode_return=75.27082923375302)
2026-09-19 08:29:00,886 [INFO] Epoch 30/100 done (buffer size=34651, cumulative_reward=10655.47, mean_episode_return=234.97497620231772)
2026-09-19 08:31:52,700 [INFO] Epoch 40/100 done (buffer size=44233, cumulative_reward=17426.08, mean_episode_return=172.60831444089783)
2026-09-19 08:34:50,014 [INFO] Epoch 50/100 done (buffer size=54959, cumulative_reward=25679.19, mean_episode_return=186.66424527598244)
2026-09-19 08:37:55,997 [INFO] Epoch 60/100 done (buffer size=64933, cumulative_reward=35568.15, mean_episode_return=138.8577465672689)
2026-09-19 08:41:01,768 [INFO] Epoch 70/100 done (buffer size=74351, cumulative_reward=44995.32, mean_episode_return=401.9527663659161)
2026-09-19 08:43:55,260 [INFO] Epoch 80/100 done (buffer size=84397, cumulative_reward=59410.92, mean_episode_return=296.02754666494525)
2026-09-19 08:46:59,899 [INFO] Epoch 90/100 done (buffer size=94791, cumulative_reward=71926.74, mean_episode_return=545.539127258144)
2026-09-19 08:50:06,254 [INFO] Epoch 100/100 done (buffer size=104664, cumulative_reward=93235.57, mean_episode_return=1041.1461463543421)
2026-09-19 08:50:06,254 [INFO] Recording idle tail for 90s...
2026-09-19 08:51:36,321 [INFO] Run complete. Segment energy summary (kWh unless noted):
2026-09-19 08:51:36,321 [INFO]   idle_baseline_head: 0.0016293766151843434
2026-09-19 08:51:36,321 [INFO]   warmup: 2.0265641415988895e-05
2026-09-19 08:51:36,321 [INFO]   world_model_pretrain: 0.0019941358442748637
2026-09-19 08:51:36,322 [INFO]   rollout: 0.04172982522764618
2026-09-19 08:51:36,322 [INFO]   buffer_sample: 0.002454128582618479
2026-09-19 08:51:36,322 [INFO]   critic_update: 0.024627418774726836
2026-09-19 08:51:36,322 [INFO]   actor_update: 0.012156161951163794
2026-09-19 08:51:36,322 [INFO]   target_update: 0.0023175206760110783
2026-09-19 08:51:36,322 [INFO]   _sub_segment_wall_time_seconds: {'buffer_sample': 61.27119516325183, 'critic_update': 614.8623966978193, 'actor_update': 303.497777834913, 'target_update': 57.86056306929095}
2026-09-19 08:51:36,322 [INFO]   idle_baseline_tail: 0.001746508052089174
2026-09-19 08:51:36,322 [INFO]   _total_kg_co2eq: 0.033780882931980005
2026-09-19 08:51:36,322 [INFO] Training summary: 100 epochs, final cumulative_reward=93235.57, final mean_episode_return=1041.1461463543421, episodes completed=478
