2026-09-12 22:53:21,900 [INFO] === Experiment run: algo=mbpo env=HalfCheetah-v5 seed=331 ===
2026-09-12 22:53:21,900 [INFO] Run directory: results/mbpo/HalfCheetah-v5/seed_331/20260912_225321
2026-09-12 22:53:22,038 [INFO] Using device: cuda
2026-09-12 22:53:22,131 [INFO] Waiting for thermal baseline before starting...
2026-09-12 22:53:32,142 [INFO] Thermal gate result: {'gated': True, 'reason': 'reached_reference', 'waited_seconds': 1.049041748046875e-05, 'final_temp_c': 42.0, 'final_power_w': 24.83}
2026-09-12 22:53:32,142 [INFO] Settling for 30s (unmeasured)...
2026-09-12 22:54:03,381 [INFO] Recording idle baseline for 90s...
2026-09-12 22:55:36,977 [INFO] Starting warmup: 5000 steps
2026-09-12 22:55:37,131 [INFO] Starting measured training: 100 epochs x 1000 steps = 100000 env steps
2026-09-12 22:57:03,672 [INFO] Epoch 10/100 done (real_buffer=15000, model_buffer=10000, rollout_len=1, cumulative_reward=-1590.28, mean_episode_return=-167.55335305651195)
2026-09-12 22:58:14,759 [INFO] Epoch 20/100 done (real_buffer=25000, model_buffer=10000, rollout_len=1, cumulative_reward=193.13, mean_episode_return=707.0842661881501)
2026-09-12 22:59:37,129 [INFO] Epoch 30/100 done (real_buffer=35000, model_buffer=10000, rollout_len=1, cumulative_reward=8800.64, mean_episode_return=1789.6287291816898)
2026-09-12 23:02:49,330 [INFO] Epoch 40/100 done (real_buffer=45000, model_buffer=10000, rollout_len=1, cumulative_reward=25795.39, mean_episode_return=2279.004438738993)
2026-09-12 23:06:35,405 [INFO] Epoch 50/100 done (real_buffer=55000, model_buffer=10000, rollout_len=1, cumulative_reward=51086.94, mean_episode_return=2592.332403099038)
2026-09-12 23:08:34,710 [INFO] Epoch 60/100 done (real_buffer=65000, model_buffer=10000, rollout_len=1, cumulative_reward=81749.31, mean_episode_return=3287.022219395738)
2026-09-12 23:11:12,526 [INFO] Epoch 70/100 done (real_buffer=75000, model_buffer=10000, rollout_len=1, cumulative_reward=115031.45, mean_episode_return=3461.462716522066)
2026-09-12 23:14:38,927 [INFO] Epoch 80/100 done (real_buffer=85000, model_buffer=10000, rollout_len=1, cumulative_reward=147864.06, mean_episode_return=3621.5830451580637)
2026-09-12 23:18:02,442 [INFO] Epoch 90/100 done (real_buffer=95000, model_buffer=10000, rollout_len=1, cumulative_reward=184859.39, mean_episode_return=3818.4447132492505)
2026-09-12 23:22:22,217 [INFO] Epoch 100/100 done (real_buffer=105000, model_buffer=10000, rollout_len=1, cumulative_reward=224371.45, mean_episode_return=4056.8838758421703)
2026-09-12 23:22:22,217 [INFO] Recording idle tail for 90s...
2026-09-12 23:23:52,281 [INFO] Run complete. Segment energy summary (kWh unless noted):
2026-09-12 23:23:52,281 [INFO]   idle_baseline_head: 0.001601786813071655
2026-09-12 23:23:52,281 [INFO]   warmup: 3.94531664925802e-06
2026-09-12 23:23:52,281 [INFO]   dynamics_model_update: 0.038593356146106025
2026-09-12 23:23:52,281 [INFO]   rollout: 0.0006337030458025538
2026-09-12 23:23:52,281 [INFO]   synthetic_rollout_generation: 1.3324491643281963e-05
2026-09-12 23:23:52,281 [INFO]   buffer_sample: 0.000354845106904673
2026-09-12 23:23:52,281 [INFO]   critic_update: 0.005301281290534239
2026-09-12 23:23:52,281 [INFO]   actor_update: 0.006306817137306595
2026-09-12 23:23:52,281 [INFO]   target_update: 0.0005459375137347058
2026-09-12 23:23:52,281 [INFO]   _sub_segment_wall_time_seconds: {'buffer_sample': 11.189614014176186, 'critic_update': 167.16953472769092, 'actor_update': 198.87789926158075, 'target_update': 17.21548341990092}
2026-09-12 23:23:52,281 [INFO]   idle_baseline_tail: 0.0016002890810368625
2026-09-12 23:23:52,281 [INFO]   _total_kg_co2eq: 0.020935231378275562
2026-09-12 23:23:52,281 [INFO] Training summary: 100 epochs, final cumulative_reward=224371.45, final mean_episode_return=4056.8838758421703, episodes completed=105
