2026-09-09 20:23:28,337 [INFO] === Experiment run: algo=td3 env=Ant-v5 seed=958 ===
2026-09-09 20:23:28,337 [INFO] Run directory: results/td3/Ant-v5/seed_958/20260909_202328
2026-09-09 20:23:28,473 [INFO] Using device: cuda
2026-09-09 20:23:28,568 [INFO] Waiting for thermal baseline before starting...
2026-09-09 20:23:38,579 [INFO] Thermal gate result: {'gated': True, 'reason': 'reached_reference', 'waited_seconds': 9.775161743164062e-06, 'final_temp_c': 43.0, 'final_power_w': 28.935}
2026-09-09 20:23:38,580 [INFO] Settling for 30s (unmeasured)...
2026-09-09 20:24:09,817 [INFO] Recording idle baseline for 90s...
2026-09-09 20:25:43,355 [INFO] Starting warmup: 10000 steps
2026-09-09 20:25:44,700 [INFO] Starting measured training: 100 epochs x 1000 steps = 100000 env steps
2026-09-09 20:26:26,490 [INFO] Epoch 10/100 done (buffer size=20000, cumulative_reward=2664.85, mean_episode_return=22.701299221543216)
2026-09-09 20:27:07,393 [INFO] Epoch 20/100 done (buffer size=30000, cumulative_reward=3384.78, mean_episode_return=46.06748752095781)
2026-09-09 20:27:50,113 [INFO] Epoch 30/100 done (buffer size=40000, cumulative_reward=7780.46, mean_episode_return=147.17593588687586)
2026-09-09 20:28:33,431 [INFO] Epoch 40/100 done (buffer size=50000, cumulative_reward=13278.77, mean_episode_return=402.31663608972605)
2026-09-09 20:29:15,853 [INFO] Epoch 50/100 done (buffer size=60000, cumulative_reward=20310.61, mean_episode_return=92.07447932721644)
2026-09-09 20:29:56,931 [INFO] Epoch 60/100 done (buffer size=70000, cumulative_reward=27356.81, mean_episode_return=821.871935992757)
2026-09-09 20:30:37,844 [INFO] Epoch 70/100 done (buffer size=80000, cumulative_reward=35478.95, mean_episode_return=270.8404113783989)
2026-09-09 20:31:19,132 [INFO] Epoch 80/100 done (buffer size=90000, cumulative_reward=42513.16, mean_episode_return=350.0799885686406)
2026-09-09 20:32:00,514 [INFO] Epoch 90/100 done (buffer size=100000, cumulative_reward=50224.37, mean_episode_return=915.6744427311863)
2026-09-09 20:32:41,632 [INFO] Epoch 100/100 done (buffer size=110000, cumulative_reward=58910.66, mean_episode_return=258.0833192428341)
2026-09-09 20:32:41,632 [INFO] Recording idle tail for 90s...
2026-09-09 20:34:11,695 [INFO] Run complete. Segment energy summary (kWh unless noted):
2026-09-09 20:34:11,695 [INFO]   idle_baseline_head: 0.0016480434275743903
2026-09-09 20:34:11,695 [INFO]   warmup: 4.1512005059753674e-05
2026-09-09 20:34:11,695 [INFO]   rollout: 0.0008633307959690815
2026-09-09 20:34:11,695 [INFO]   buffer_sample: 0.0008237352077468749
2026-09-09 20:34:11,695 [INFO]   critic_update: 0.010396223316592441
2026-09-09 20:34:11,695 [INFO]   actor_update: 0.002910545028547861
2026-09-09 20:34:11,695 [INFO]   target_update: 0.0009701359559377966
2026-09-09 20:34:11,695 [INFO]   _sub_segment_wall_time_seconds: {'buffer_sample': 19.663177731112228, 'critic_update': 248.16565430733317, 'actor_update': 69.4768945803371, 'target_update': 23.157873483549338}
2026-09-09 20:34:11,695 [INFO]   idle_baseline_tail: 0.0018321754802453141
2026-09-09 20:34:11,695 [INFO]   _total_kg_co2eq: 0.007423090659791394
2026-09-09 20:34:11,695 [INFO] Training summary: 100 epochs, final cumulative_reward=58910.66, final mean_episode_return=258.0833192428341, episodes completed=318
