2026-09-12 22:20:03,505 [INFO] === Experiment run: algo=sac env=Ant-v5 seed=14577 ===
2026-09-12 22:20:03,505 [INFO] Run directory: results/sac/Ant-v5/seed_14577/20260912_222003
2026-09-12 22:20:03,639 [INFO] Using device: cuda
2026-09-12 22:20:03,731 [INFO] Waiting for thermal baseline before starting...
2026-09-12 22:20:13,742 [INFO] Thermal gate result: {'gated': True, 'reason': 'reached_reference', 'waited_seconds': 9.775161743164062e-06, 'final_temp_c': 55.0, 'final_power_w': 38.033}
2026-09-12 22:20:13,742 [INFO] Settling for 30s (unmeasured)...
2026-09-12 22:20:44,980 [INFO] Recording idle baseline for 90s...
2026-09-12 22:22:18,533 [INFO] Starting warmup: 5000 steps
2026-09-12 22:22:19,215 [INFO] Starting measured training: 100 epochs x 1000 steps = 100000 env steps
2026-09-12 22:23:04,769 [INFO] Epoch 10/100 done (buffer size=15000, cumulative_reward=-266.47, mean_episode_return=-39.00944839126663)
2026-09-12 22:23:47,344 [INFO] Epoch 20/100 done (buffer size=25000, cumulative_reward=-1140.71, mean_episode_return=-42.80346162687462)
2026-09-12 22:24:31,304 [INFO] Epoch 30/100 done (buffer size=35000, cumulative_reward=-989.79, mean_episode_return=-9.406116482553186)
2026-09-12 22:25:14,076 [INFO] Epoch 40/100 done (buffer size=45000, cumulative_reward=-166.27, mean_episode_return=63.037716915709154)
2026-09-12 22:25:56,815 [INFO] Epoch 50/100 done (buffer size=55000, cumulative_reward=1581.79, mean_episode_return=98.45539425051828)
2026-09-12 22:26:39,535 [INFO] Epoch 60/100 done (buffer size=65000, cumulative_reward=4019.64, mean_episode_return=58.761469114383345)
2026-09-12 22:27:22,260 [INFO] Epoch 70/100 done (buffer size=75000, cumulative_reward=8345.04, mean_episode_return=149.58969668922703)
2026-09-12 22:28:04,984 [INFO] Epoch 80/100 done (buffer size=85000, cumulative_reward=12524.53, mean_episode_return=94.73466366983746)
2026-09-12 22:28:49,187 [INFO] Epoch 90/100 done (buffer size=95000, cumulative_reward=18065.14, mean_episode_return=326.76554997201174)
2026-09-12 22:29:31,854 [INFO] Epoch 100/100 done (buffer size=105000, cumulative_reward=24424.48, mean_episode_return=131.45085623453585)
2026-09-12 22:29:31,854 [INFO] Recording idle tail for 90s...
2026-09-12 22:31:01,917 [INFO] Run complete. Segment energy summary (kWh unless noted):
2026-09-12 22:31:01,917 [INFO]   idle_baseline_head: 0.0018934259800185264
2026-09-12 22:31:01,917 [INFO]   warmup: 2.1607367616504388e-05
2026-09-12 22:31:01,917 [INFO]   rollout: 0.0011645921029590442
2026-09-12 22:31:01,917 [INFO]   buffer_sample: 0.0004258164644965689
2026-09-12 22:31:01,917 [INFO]   critic_update: 0.005428272297265804
2026-09-12 22:31:01,917 [INFO]   actor_update: 0.006695520518547122
2026-09-12 22:31:01,917 [INFO]   target_update: 0.0005792659041249461
2026-09-12 22:31:01,917 [INFO]   _sub_segment_wall_time_seconds: {'buffer_sample': 12.455824485077756, 'critic_update': 158.78579770721262, 'actor_update': 195.85487027576346, 'target_update': 16.944470290740355}
2026-09-12 22:31:01,917 [INFO]   idle_baseline_tail: 0.0016729706879487563
2026-09-12 22:31:01,917 [INFO]   _total_kg_co2eq: 0.006811966811003977
2026-09-12 22:31:01,917 [INFO] Training summary: 100 epochs, final cumulative_reward=24424.48, final mean_episode_return=131.45085623453585, episodes completed=278
