2026-09-15 20:46:04,528 [INFO] === Experiment run: algo=td3 env=HalfCheetah-v5 seed=85062 ===
2026-09-15 20:46:04,528 [INFO] Run directory: results/td3/HalfCheetah-v5/seed_85062/20260915_204604
2026-09-15 20:46:04,662 [INFO] Using device: cuda
2026-09-15 20:46:04,754 [INFO] Waiting for thermal baseline before starting...
2026-09-15 20:46:14,765 [INFO] Thermal gate result: {'gated': True, 'reason': 'reached_reference', 'waited_seconds': 1.0728836059570312e-05, 'final_temp_c': 44.0, 'final_power_w': 25.335}
2026-09-15 20:46:14,765 [INFO] Settling for 30s (unmeasured)...
2026-09-15 20:46:46,003 [INFO] Recording idle baseline for 90s...
2026-09-15 20:48:19,539 [INFO] Starting warmup: 10000 steps
2026-09-15 20:48:19,844 [INFO] Starting measured training: 100 epochs x 1000 steps = 100000 env steps
2026-09-15 20:48:43,265 [INFO] Epoch 10/100 done (buffer size=20000, cumulative_reward=-2765.34, mean_episode_return=-144.337775711142)
2026-09-15 20:49:06,473 [INFO] Epoch 20/100 done (buffer size=30000, cumulative_reward=887.45, mean_episode_return=393.2437610397009)
2026-09-15 20:49:29,615 [INFO] Epoch 30/100 done (buffer size=40000, cumulative_reward=13413.53, mean_episode_return=1943.1206401027441)
2026-09-15 20:49:52,901 [INFO] Epoch 40/100 done (buffer size=50000, cumulative_reward=32598.12, mean_episode_return=1394.2548501179842)
2026-09-15 20:50:16,039 [INFO] Epoch 50/100 done (buffer size=60000, cumulative_reward=58262.50, mean_episode_return=854.1251609477002)
2026-09-15 20:50:39,232 [INFO] Epoch 60/100 done (buffer size=70000, cumulative_reward=89851.25, mean_episode_return=3786.026849979289)
2026-09-15 20:51:02,469 [INFO] Epoch 70/100 done (buffer size=80000, cumulative_reward=127966.19, mean_episode_return=4228.910574888823)
2026-09-15 20:51:24,007 [INFO] Epoch 80/100 done (buffer size=90000, cumulative_reward=169788.29, mean_episode_return=4330.070515336542)
2026-09-15 20:51:47,303 [INFO] Epoch 90/100 done (buffer size=100000, cumulative_reward=215347.36, mean_episode_return=4775.76557805944)
2026-09-15 20:52:09,283 [INFO] Epoch 100/100 done (buffer size=110000, cumulative_reward=262185.29, mean_episode_return=5065.316546269716)
2026-09-15 20:52:09,284 [INFO] Recording idle tail for 90s...
2026-09-15 20:53:39,356 [INFO] Run complete. Segment energy summary (kWh unless noted):
2026-09-15 20:53:39,356 [INFO]   idle_baseline_head: 0.0015669485355759899
2026-09-15 20:53:39,356 [INFO]   warmup: 9.324316507925128e-06
2026-09-15 20:53:39,356 [INFO]   rollout: 0.0004530054762320371
2026-09-15 20:53:39,356 [INFO]   buffer_sample: 0.0006505583161262448
2026-09-15 20:53:39,356 [INFO]   critic_update: 0.00793521712558785
2026-09-15 20:53:39,356 [INFO]   actor_update: 0.0021398105935395624
2026-09-15 20:53:39,356 [INFO]   target_update: 0.0006342715821330049
2026-09-15 20:53:39,356 [INFO]   _sub_segment_wall_time_seconds: {'buffer_sample': 11.7631739127537, 'critic_update': 143.481893582677, 'actor_update': 38.6913264010509, 'target_update': 11.468682735430775}
2026-09-15 20:53:39,356 [INFO]   idle_baseline_tail: 0.0017223571514172493
2026-09-15 20:53:39,356 [INFO]   _total_kg_co2eq: 0.005756731501305358
2026-09-15 20:53:39,356 [INFO] Training summary: 100 epochs, final cumulative_reward=262185.29, final mean_episode_return=5065.316546269716, episodes completed=110
