2026-09-17 12:10:44,794 [INFO] === Experiment run: algo=sac env=Ant-v5 seed=331 ===
2026-09-17 12:10:44,794 [INFO] Run directory: results/sac/Ant-v5/seed_331/20260917_121044
2026-09-17 12:10:44,960 [INFO] Using device: cuda
2026-09-17 12:10:45,084 [INFO] Waiting for thermal baseline before starting...
2026-09-17 12:10:55,096 [INFO] Thermal gate result: {'gated': True, 'reason': 'reached_reference', 'waited_seconds': 1.1682510375976562e-05, 'final_temp_c': 46.0, 'final_power_w': 28.019}
2026-09-17 12:10:55,096 [INFO] Settling for 30s (unmeasured)...
2026-09-17 12:11:26,385 [INFO] Recording idle baseline for 90s...
2026-09-17 12:13:00,108 [INFO] Starting warmup: 5000 steps
2026-09-17 12:13:00,778 [INFO] Starting measured training: 100 epochs x 1000 steps = 100000 env steps
2026-09-17 12:13:47,309 [INFO] Epoch 10/100 done (buffer size=15000, cumulative_reward=-2446.25, mean_episode_return=-17.37961923671255)
2026-09-17 12:14:31,874 [INFO] Epoch 20/100 done (buffer size=25000, cumulative_reward=-5856.33, mean_episode_return=-77.056861200795)
2026-09-17 12:15:17,018 [INFO] Epoch 30/100 done (buffer size=35000, cumulative_reward=-9813.98, mean_episode_return=-391.8292222820206)
2026-09-17 12:16:02,868 [INFO] Epoch 40/100 done (buffer size=45000, cumulative_reward=-13139.24, mean_episode_return=-498.5317518589261)
2026-09-17 12:16:47,957 [INFO] Epoch 50/100 done (buffer size=55000, cumulative_reward=-16379.23, mean_episode_return=24.772024378185005)
2026-09-17 12:17:35,634 [INFO] Epoch 60/100 done (buffer size=65000, cumulative_reward=-19934.95, mean_episode_return=-58.590897611332615)
2026-09-17 12:18:21,705 [INFO] Epoch 70/100 done (buffer size=75000, cumulative_reward=-22255.52, mean_episode_return=-397.1773418826682)
2026-09-17 12:19:06,449 [INFO] Epoch 80/100 done (buffer size=85000, cumulative_reward=-24104.74, mean_episode_return=-107.14825442074715)
2026-09-17 12:19:51,100 [INFO] Epoch 90/100 done (buffer size=95000, cumulative_reward=-26052.95, mean_episode_return=29.4323964956914)
2026-09-17 12:20:36,880 [INFO] Epoch 100/100 done (buffer size=105000, cumulative_reward=-26959.48, mean_episode_return=-249.52911939657534)
2026-09-17 12:20:36,880 [INFO] Recording idle tail for 90s...
2026-09-17 12:22:06,953 [INFO] Run complete. Segment energy summary (kWh unless noted):
2026-09-17 12:22:06,953 [INFO]   idle_baseline_head: 0.001677938319726538
2026-09-17 12:22:06,953 [INFO]   warmup: 2.1533803067345274e-05
2026-09-17 12:22:06,953 [INFO]   rollout: 0.001190853435908175
2026-09-17 12:22:06,953 [INFO]   buffer_sample: 0.0008048860913964063
2026-09-17 12:22:06,953 [INFO]   critic_update: 0.008323508626959662
2026-09-17 12:22:06,954 [INFO]   actor_update: 0.01000230270383139
2026-09-17 12:22:06,954 [INFO]   target_update: 0.0008346237878601337
2026-09-17 12:22:06,954 [INFO]   _sub_segment_wall_time_seconds: {'buffer_sample': 16.374488211876724, 'critic_update': 169.332276144999, 'actor_update': 203.48542416897953, 'target_update': 16.979467680895596}
2026-09-17 12:22:06,954 [INFO]   idle_baseline_tail: 0.001692519216064385
2026-09-17 12:22:06,954 [INFO]   _total_kg_co2eq: 0.00935163459227104
2026-09-17 12:22:06,954 [INFO] Training summary: 100 epochs, final cumulative_reward=-26959.48, final mean_episode_return=-249.52911939657534, episodes completed=394
